###############################################################################
#
# IAR ELF Linker V8.40.2.214/W32 for ARM                  14/Jul/2023  15:42:53
# Copyright 2007-2019 IAR Systems AB.
#
#    Output file  =
#        D:\Project_STM32\Saoviet_Container\EWARM\GSM_Container\Exe\GSM_Container.out.tmp
#    Map file     =
#        D:\Project_STM32\Saoviet_Container\EWARM\GSM_Container\List\GSM_Container.map
#    Command line =
#        -f C:\Users\PC\AppData\Local\Temp\EWDCFC.tmp
#        (D:\Project_STM32\Saoviet_Container\EWARM\GSM_Container\Obj\adc.o
#        D:\Project_STM32\Saoviet_Container\EWARM\GSM_Container\Obj\cat24mxx.o
#        D:\Project_STM32\Saoviet_Container\EWARM\GSM_Container\Obj\event_driven.o
#        D:\Project_STM32\Saoviet_Container\EWARM\GSM_Container\Obj\gpio.o
#        D:\Project_STM32\Saoviet_Container\EWARM\GSM_Container\Obj\i2c.o
#        D:\Project_STM32\Saoviet_Container\EWARM\GSM_Container\Obj\main.o
#        D:\Project_STM32\Saoviet_Container\EWARM\GSM_Container\Obj\MQTTConnectClient.o
#        D:\Project_STM32\Saoviet_Container\EWARM\GSM_Container\Obj\MQTTConnectServer.o
#        D:\Project_STM32\Saoviet_Container\EWARM\GSM_Container\Obj\MQTTDeserializePublish.o
#        D:\Project_STM32\Saoviet_Container\EWARM\GSM_Container\Obj\MQTTFormat.o
#        D:\Project_STM32\Saoviet_Container\EWARM\GSM_Container\Obj\MQTTPacket.o
#        D:\Project_STM32\Saoviet_Container\EWARM\GSM_Container\Obj\MQTTSerializePublish.o
#        D:\Project_STM32\Saoviet_Container\EWARM\GSM_Container\Obj\MQTTSubscribeClient.o
#        D:\Project_STM32\Saoviet_Container\EWARM\GSM_Container\Obj\MQTTSubscribeServer.o
#        D:\Project_STM32\Saoviet_Container\EWARM\GSM_Container\Obj\MQTTUnsubscribeClient.o
#        D:\Project_STM32\Saoviet_Container\EWARM\GSM_Container\Obj\MQTTUnsubscribeServer.o
#        D:\Project_STM32\Saoviet_Container\EWARM\GSM_Container\Obj\onchipflash.o
#        D:\Project_STM32\Saoviet_Container\EWARM\GSM_Container\Obj\queue_p.o
#        D:\Project_STM32\Saoviet_Container\EWARM\GSM_Container\Obj\rtc.o
#        D:\Project_STM32\Saoviet_Container\EWARM\GSM_Container\Obj\S25FL216K.o
#        D:\Project_STM32\Saoviet_Container\EWARM\GSM_Container\Obj\spi.o
#        D:\Project_STM32\Saoviet_Container\EWARM\GSM_Container\Obj\startup_stm32l151xc.o
#        D:\Project_STM32\Saoviet_Container\EWARM\GSM_Container\Obj\stm32l1xx_hal.o
#        D:\Project_STM32\Saoviet_Container\EWARM\GSM_Container\Obj\stm32l1xx_hal_adc.o
#        D:\Project_STM32\Saoviet_Container\EWARM\GSM_Container\Obj\stm32l1xx_hal_adc_ex.o
#        D:\Project_STM32\Saoviet_Container\EWARM\GSM_Container\Obj\stm32l1xx_hal_cortex.o
#        D:\Project_STM32\Saoviet_Container\EWARM\GSM_Container\Obj\stm32l1xx_hal_dma.o
#        D:\Project_STM32\Saoviet_Container\EWARM\GSM_Container\Obj\stm32l1xx_hal_exti.o
#        D:\Project_STM32\Saoviet_Container\EWARM\GSM_Container\Obj\stm32l1xx_hal_flash.o
#        D:\Project_STM32\Saoviet_Container\EWARM\GSM_Container\Obj\stm32l1xx_hal_flash_ex.o
#        D:\Project_STM32\Saoviet_Container\EWARM\GSM_Container\Obj\stm32l1xx_hal_flash_ramfunc.o
#        D:\Project_STM32\Saoviet_Container\EWARM\GSM_Container\Obj\stm32l1xx_hal_gpio.o
#        D:\Project_STM32\Saoviet_Container\EWARM\GSM_Container\Obj\stm32l1xx_hal_i2c.o
#        D:\Project_STM32\Saoviet_Container\EWARM\GSM_Container\Obj\stm32l1xx_hal_msp.o
#        D:\Project_STM32\Saoviet_Container\EWARM\GSM_Container\Obj\stm32l1xx_hal_pwr.o
#        D:\Project_STM32\Saoviet_Container\EWARM\GSM_Container\Obj\stm32l1xx_hal_pwr_ex.o
#        D:\Project_STM32\Saoviet_Container\EWARM\GSM_Container\Obj\stm32l1xx_hal_rcc.o
#        D:\Project_STM32\Saoviet_Container\EWARM\GSM_Container\Obj\stm32l1xx_hal_rcc_ex.o
#        D:\Project_STM32\Saoviet_Container\EWARM\GSM_Container\Obj\stm32l1xx_hal_rtc.o
#        D:\Project_STM32\Saoviet_Container\EWARM\GSM_Container\Obj\stm32l1xx_hal_rtc_ex.o
#        D:\Project_STM32\Saoviet_Container\EWARM\GSM_Container\Obj\stm32l1xx_hal_spi.o
#        D:\Project_STM32\Saoviet_Container\EWARM\GSM_Container\Obj\stm32l1xx_hal_tim.o
#        D:\Project_STM32\Saoviet_Container\EWARM\GSM_Container\Obj\stm32l1xx_hal_tim_ex.o
#        D:\Project_STM32\Saoviet_Container\EWARM\GSM_Container\Obj\stm32l1xx_hal_uart.o
#        D:\Project_STM32\Saoviet_Container\EWARM\GSM_Container\Obj\stm32l1xx_it.o
#        D:\Project_STM32\Saoviet_Container\EWARM\GSM_Container\Obj\system_stm32l1xx.o
#        D:\Project_STM32\Saoviet_Container\EWARM\GSM_Container\Obj\usart.o
#        D:\Project_STM32\Saoviet_Container\EWARM\GSM_Container\Obj\user_adc.o
#        D:\Project_STM32\Saoviet_Container\EWARM\GSM_Container\Obj\user_app_comm.o
#        D:\Project_STM32\Saoviet_Container\EWARM\GSM_Container\Obj\user_app_inverter.o
#        D:\Project_STM32\Saoviet_Container\EWARM\GSM_Container\Obj\user_app_mem.o
#        D:\Project_STM32\Saoviet_Container\EWARM\GSM_Container\Obj\user_app_sim.o
#        D:\Project_STM32\Saoviet_Container\EWARM\GSM_Container\Obj\user_app_update.o
#        D:\Project_STM32\Saoviet_Container\EWARM\GSM_Container\Obj\user_at_serial.o
#        D:\Project_STM32\Saoviet_Container\EWARM\GSM_Container\Obj\user_ec200u.o
#        D:\Project_STM32\Saoviet_Container\EWARM\GSM_Container\Obj\user_external_eeprom.o
#        D:\Project_STM32\Saoviet_Container\EWARM\GSM_Container\Obj\user_external_flash.o
#        D:\Project_STM32\Saoviet_Container\EWARM\GSM_Container\Obj\user_internal_mem.o
#        D:\Project_STM32\Saoviet_Container\EWARM\GSM_Container\Obj\user_log.o
#        D:\Project_STM32\Saoviet_Container\EWARM\GSM_Container\Obj\user_lpm.o
#        D:\Project_STM32\Saoviet_Container\EWARM\GSM_Container\Obj\user_modbus_rtu.o
#        D:\Project_STM32\Saoviet_Container\EWARM\GSM_Container\Obj\user_modem.o
#        D:\Project_STM32\Saoviet_Container\EWARM\GSM_Container\Obj\user_modem_init.o
#        D:\Project_STM32\Saoviet_Container\EWARM\GSM_Container\Obj\user_mqtt.o
#        D:\Project_STM32\Saoviet_Container\EWARM\GSM_Container\Obj\user_obis_sv.o
#        D:\Project_STM32\Saoviet_Container\EWARM\GSM_Container\Obj\user_rtc.o
#        D:\Project_STM32\Saoviet_Container\EWARM\GSM_Container\Obj\user_sim.o
#        D:\Project_STM32\Saoviet_Container\EWARM\GSM_Container\Obj\user_sim_common.o
#        D:\Project_STM32\Saoviet_Container\EWARM\GSM_Container\Obj\user_string.o
#        D:\Project_STM32\Saoviet_Container\EWARM\GSM_Container\Obj\user_time.o
#        D:\Project_STM32\Saoviet_Container\EWARM\GSM_Container\Obj\user_timer.o
#        D:\Project_STM32\Saoviet_Container\EWARM\GSM_Container\Obj\user_uart.o
#        D:\Project_STM32\Saoviet_Container\EWARM\GSM_Container\Obj\user_util.o
#        --no_out_extension -o
#        D:\Project_STM32\Saoviet_Container\EWARM\GSM_Container\Exe\GSM_Container.out.tmp
#        --redirect _Printf=_PrintfFullNoMb --redirect _Scanf=_ScanfFullNoMb
#        --map
#        D:\Project_STM32\Saoviet_Container\EWARM\GSM_Container\List\GSM_Container.map
#        --config
#        D:\Project_STM32\Saoviet_Container\EWARM/stm32l151xc_flash.icf
#        --semihosting --entry __iar_program_start --vfe --text_out locale)
#
###############################################################################

*******************************************************************************
*** RUNTIME MODEL ATTRIBUTES
***

CppFlavor       = *
__SystemLibrary = DLib
__dlib_version  = 6


*******************************************************************************
*** HEAP SELECTION
***

The basic heap was selected because no calls to memory allocation
functions were found in the application outside of system library
functions, and there are calls to deallocation functions in the
application.


*******************************************************************************
*** PLACEMENT SUMMARY
***

"A0":  place at address 0x800'3c00 { ro section .intvec };
"P1":  place in [from 0x800'3c00 to 0x803'ffff] { ro };
define block CSTACK with size = 1K, alignment = 8 { };
define block HEAP with size = 512, alignment = 8 { };
"P2":  place in [from 0x2000'0000 to 0x2000'7fff] {
          rw, block CSTACK, block HEAP };
initialize by copy { rw };

  Section            Kind         Address      Size  Object
  -------            ----         -------      ----  ------
"A0":                                         0x124
  .intvec            ro code   0x800'3c00     0x124  startup_stm32l151xc.o [1]
                             - 0x800'3d24     0x124

"P1":                                      0x1'54b8
  .text              ro code   0x800'3d24    0x1c24  user_at_serial.o [1]
  .text              ro code   0x800'5948     0x204  user_modem.o [1]
  .text              ro code   0x800'5b4c     0x570  user_util.o [1]
  .text              ro code   0x800'60bc     0x1b6  user_modem_init.o [1]
  .text              ro code   0x800'6272      0x3a  zero_init3.o [4]
  .text              ro code   0x800'62ac    0x139c  user_sim.o [1]
  .text              ro code   0x800'7648      0x66  ABImemset.o [4]
  .text              ro code   0x800'76ae      0x54  event_driven.o [1]
  .rodata            const     0x800'7702       0x2  user_ec200u.o [1]
  .text              ro code   0x800'7704     0x4b0  user_app_comm.o [1]
  .text              ro code   0x800'7bb4      0xa6  ABImemcpy.o [4]
  .rodata            const     0x800'7c5a       0x2  user_ec200u.o [1]
  .text              ro code   0x800'7c5c     0x29c  user_time.o [1]
  .text              ro code   0x800'7ef8     0x756  stm32l1xx_hal_rtc.o [1]
  .text              ro code   0x800'864e     0x284  user_string.o [1]
  .text              ro code   0x800'88d4     0xe3c  user_app_mem.o [1]
  .text              ro code   0x800'9710     0x394  stm32l1xx_hal_gpio.o [1]
  .text              ro code   0x800'9aa4     0x8cc  stm32l1xx_hal_uart.o [1]
  .text              ro code   0x800'a370       0x2  user_adc.o [1]
  .text              ro code   0x800'a374     0x534  stm32l1xx_hal_adc.o [1]
  .text              ro code   0x800'a8a8     0x114  user_uart.o [1]
  .text              ro code   0x800'a9bc     0x268  usart.o [1]
  .text              ro code   0x800'ac24     0x230  I64DivMod.o [4]
  .text              ro code   0x800'ae54      0x36  strlen.o [4]
  .text              ro code   0x800'ae8c     0x2d0  user_internal_mem.o [1]
  .text              ro code   0x800'b15c     0x1b8  onchipflash.o [1]
  .text              ro code   0x800'b314     0x3c4  user_timer.o [1]
  .text              ro code   0x800'b6d8     0xc68  user_ec200u.o [1]
  .text              ro code   0x800'c340     0x7c4  user_sim_common.o [1]
  .text              ro code   0x800'cb04     0x1b8  queue_p.o [1]
  .text              ro code   0x800'ccbc       0xc  stm32l1xx_hal.o [1]
  .text              ro code   0x800'ccc8     0xe30  user_external_flash.o [1]
  .text              ro code   0x800'daf8     0xa88  user_app_sim.o [1]
  .text              ro code   0x800'e580     0x184  user_lpm.o [1]
  .text              ro code   0x800'e704    0x1094  user_app_inverter.o [1]
  .text              ro code   0x800'f798      0x28  stm32l1xx_hal.o [1]
  .text              ro code   0x800'f7c0     0x538  user_app_update.o [1]
  .text              ro code   0x800'fcf8      0x14  memset.o [4]
  .text              ro code   0x800'fd0c      0x2c  rtc.o [1]
  .text              ro code   0x800'fd38     0x3a8  user_rtc.o [1]
  .text              ro code   0x801'00e0       0x2  stm32l1xx_hal_rtc_ex.o [1]
  .text              ro code   0x801'00e4     0x3ac  user_external_eeprom.o [1]
  .text              ro code   0x801'0490      0xbc  spi.o [1]
  .text              ro code   0x801'054c      0xb2  stm32l1xx_hal_dma.o [1]
  .text              ro code   0x801'05fe       0x2  stm32l1xx_hal_uart.o [1]
  .text              ro code   0x801'0600       0x2  stm32l1xx_hal_uart.o [1]
  .text              ro code   0x801'0602       0x2  stm32l1xx_hal_uart.o [1]
  .text              ro code   0x801'0604     0x86c  stm32l1xx_hal_rcc.o [1]
  .text              ro code   0x801'0e70     0x1a4  adc.o [1]
  .text              ro code   0x801'1014      0xe4  main.o [1]
  .text              ro code   0x801'10f8     0x190  stm32l1xx_hal_cortex.o [1]
  .text              ro code   0x801'1288       0x2  I64DivZer.o [4]
  .text              ro code   0x801'128c     0x1a8  stm32l1xx_hal_flash.o [1]
  .text              ro code   0x801'1434      0x2c  stm32l1xx_hal_flash_ex.o [1]
  .text              ro code   0x801'1460      0x2c  strstr.o [2]
  .text              ro code   0x801'148c      0x92  S25FL216K.o [1]
  .text              ro code   0x801'1520     0x464  stm32l1xx_hal_spi.o [1]
  .text              ro code   0x801'1984    0x146c  user_mqtt.o [1]
  .text              ro code   0x801'2df0       0x6  ABImemclr4.o [4]
  .text              ro code   0x801'2df8      0x1a  U32ToDbl.o [3]
  .text              ro code   0x801'2e14     0x758  pow64.o [3]
  .text              ro code   0x801'356c     0x246  DblDiv.o [3]
  .text              ro code   0x801'37b4      0x54  stm32l1xx_hal_pwr_ex.o [1]
  .text              ro code   0x801'3808      0x7c  stm32l1xx_hal_pwr.o [1]
  .text              ro code   0x801'3884      0x10  stm32l1xx_hal.o [1]
  .text              ro code   0x801'3894      0x10  stm32l1xx_hal.o [1]
  .text              ro code   0x801'38a4      0x4c  stm32l1xx_hal.o [1]
  .text              ro code   0x801'38f0      0xd8  user_modbus_rtu.o [1]
  .text              ro code   0x801'39c8      0x3e  stm32l1xx_hal_rtc_ex.o [1]
  .text              ro code   0x801'3a08     0x1a0  cat24mxx.o [1]
  .text              ro code   0x801'3ba8      0x60  stm32l1xx_hal.o [1]
  .text              ro code   0x801'3c08     0x1c8  gpio.o [1]
  .text              ro code   0x801'3dd0      0xb0  i2c.o [1]
  .text              ro code   0x801'3e80     0x160  stm32l1xx_hal_rcc_ex.o [1]
  .text              ro code   0x801'3fe0      0x16  strchr.o [4]
  .text              ro code   0x801'3ff8      0xe0  MQTTSerializePublish.o [1]
  .text              ro code   0x801'40d8      0xe8  MQTTSubscribeClient.o [1]
  .text              ro code   0x801'41c0     0x200  MQTTConnectClient.o [1]
  .text              ro code   0x801'43c0      0x32  ABImemset48.o [4]
  .text              ro code   0x801'43f4      0x20  DblCmpEq.o [3]
  .text              ro code   0x801'4414      0x70  frexp.o [3]
  .text              ro code   0x801'4484      0x2e  DblCmpLe.o [3]
  .text              ro code   0x801'44b4     0x13a  ldexp.o [3]
  .text              ro code   0x801'45f0     0x1a2  DblMul.o [3]
  .text              ro code   0x801'4794     0x17a  DblAdd.o [3]
  .text              ro code   0x801'4910      0x3a  DblToS32.o [3]
  .text              ro code   0x801'494c      0x22  S32ToDbl.o [3]
  .text              ro code   0x801'4970      0xe2  DblSub.o [3]
  .text              ro code   0x801'4a54      0x2e  DblCmpGe.o [3]
  .text              ro code   0x801'4a84     0x374  iar_Exp64.o [3]
  .text              ro code   0x801'4df8      0x48  stm32l1xx_hal_msp.o [1]
  .text              ro code   0x801'4e40     0xbf2  stm32l1xx_hal_i2c.o [1]
  .text              ro code   0x801'5a34     0x11c  MQTTPacket.o [1]
  .rodata            const     0x801'5b50     0x870  user_ec200u.o [1]
  .rodata            const     0x801'63c0      0x6c  user_mqtt.o [1]
  .rodata            const     0x801'6430     0x420  pow64.o [3]
  .rodata            const     0x801'6850     0x350  user_at_serial.o [1]
  .text              ro code   0x801'6ba0     0x1f4  user_log.o [1]
  .rodata            const     0x801'6d94     0x1b0  user_mqtt.o [1]
  .rodata            const     0x801'6f44      0xf0  user_ec200u.o [1]
  .rodata            const     0x801'7034      0x90  user_mqtt.o [1]
  .text              ro code   0x801'70c4      0x78  lz77_init_single.o [4]
  .text              ro code   0x801'713c      0x5c  stm32l1xx_it.o [1]
  .text              ro code   0x801'7198      0x18  stm32l1xx_hal.o [1]
  .rodata            const     0x801'71b0      0x2c  user_ec200u.o [1]
  .rodata            const     0x801'71dc      0x2c  user_rtc.o [1]
  .rodata            const     0x801'7208      0x28  user_app_mem.o [1]
  .rodata            const     0x801'7230      0x28  user_app_mem.o [1]
  .rodata            const     0x801'7258      0x28  user_ec200u.o [1]
  .rodata            const     0x801'7280      0x28  user_ec200u.o [1]
  .rodata            const     0x801'72a8      0x28  user_external_eeprom.o [1]
  .rodata            const     0x801'72d0      0x28  user_external_eeprom.o [1]
  .rodata            const     0x801'72f8      0x28  user_external_eeprom.o [1]
  .rodata            const     0x801'7320      0x28  user_external_flash.o [1]
  .rodata            const     0x801'7348      0x28  user_external_flash.o [1]
  .rodata            const     0x801'7370      0x28  user_external_flash.o [1]
  .rodata            const     0x801'7398      0x28  user_external_flash.o [1]
  .rodata            const     0x801'73c0      0x28  user_external_flash.o [1]
  .rodata            const     0x801'73e8      0x28  user_external_flash.o [1]
  .rodata            const     0x801'7410      0x28  user_internal_mem.o [1]
  .rodata            const     0x801'7438      0x28  user_internal_mem.o [1]
  .rodata            const     0x801'7460      0x28  user_internal_mem.o [1]
  .text              ro code   0x801'7488      0x28  data_init.o [4]
  .rodata            const     0x801'74b0      0x24  user_app_inverter.o [1]
  .rodata            const     0x801'74d4      0x24  user_app_mem.o [1]
  .rodata            const     0x801'74f8      0x24  user_app_mem.o [1]
  .rodata            const     0x801'751c      0x24  user_app_mem.o [1]
  .rodata            const     0x801'7540      0x24  user_app_mem.o [1]
  .rodata            const     0x801'7564      0x24  user_app_mem.o [1]
  .rodata            const     0x801'7588      0x24  user_app_mem.o [1]
  .rodata            const     0x801'75ac      0x24  user_app_mem.o [1]
  .rodata            const     0x801'75d0      0x24  user_app_mem.o [1]
  .rodata            const     0x801'75f4      0x24  user_app_mem.o [1]
  .rodata            const     0x801'7618      0x24  user_app_mem.o [1]
  .rodata            const     0x801'763c      0x24  user_app_mem.o [1]
  .rodata            const     0x801'7660      0x24  user_app_mem.o [1]
  .rodata            const     0x801'7684      0x24  user_app_mem.o [1]
  .rodata            const     0x801'76a8      0x24  user_app_mem.o [1]
  .rodata            const     0x801'76cc      0x24  user_app_mem.o [1]
  .rodata            const     0x801'76f0      0x24  user_app_mem.o [1]
  .rodata            const     0x801'7714      0x24  user_app_mem.o [1]
  .rodata            const     0x801'7738      0x24  user_app_mem.o [1]
  .rodata            const     0x801'775c      0x24  user_app_mem.o [1]
  .rodata            const     0x801'7780      0x24  user_app_mem.o [1]
  .rodata            const     0x801'77a4      0x24  user_app_mem.o [1]
  .rodata            const     0x801'77c8      0x24  user_app_mem.o [1]
  .rodata            const     0x801'77ec      0x24  user_external_eeprom.o [1]
  .rodata            const     0x801'7810      0x24  user_external_eeprom.o [1]
  .rodata            const     0x801'7834      0x24  user_external_flash.o [1]
  .rodata            const     0x801'7858      0x24  user_external_flash.o [1]
  .rodata            const     0x801'787c      0x24  user_mqtt.o [1]
  .iar.init_table    const     0x801'78a0      0x20  - Linker created -
  .rodata            const     0x801'78c0      0x20  user_app_mem.o [1]
  .rodata            const     0x801'78e0      0x20  user_app_sim.o [1]
  .rodata            const     0x801'7900      0x20  user_app_update.o [1]
  .rodata            const     0x801'7920      0x20  user_at_serial.o [1]
  .rodata            const     0x801'7940      0x20  user_ec200u.o [1]
  .rodata            const     0x801'7960      0x20  user_ec200u.o [1]
  .rodata            const     0x801'7980      0x20  user_ec200u.o [1]
  .rodata            const     0x801'79a0      0x20  user_ec200u.o [1]
  .rodata            const     0x801'79c0      0x20  user_ec200u.o [1]
  .rodata            const     0x801'79e0      0x20  user_ec200u.o [1]
  .rodata            const     0x801'7a00      0x20  user_ec200u.o [1]
  .rodata            const     0x801'7a20      0x20  user_ec200u.o [1]
  .rodata            const     0x801'7a40      0x20  user_modem.o [1]
  .rodata            const     0x801'7a60      0x20  user_mqtt.o [1]
  .text              ro code   0x801'7a80      0x1e  cmain.o [4]
  .text              ro code   0x801'7a9e       0x4  low_level_init.o [2]
  .text              ro code   0x801'7aa2       0x4  exit.o [2]
  .text              ro code   0x801'7aa8       0xa  cexit.o [4]
  .text              ro code   0x801'7ab4      0x14  exit.o [5]
  .rodata            const     0x801'7ac8      0x1c  user_app_comm.o [1]
  .rodata            const     0x801'7ae4      0x1c  user_app_inverter.o [1]
  .rodata            const     0x801'7b00      0x1c  user_app_sim.o [1]
  .rodata            const     0x801'7b1c      0x1c  user_app_update.o [1]
  .rodata            const     0x801'7b38      0x1c  user_app_update.o [1]
  .rodata            const     0x801'7b54      0x1c  user_ec200u.o [1]
  .rodata            const     0x801'7b70      0x1c  user_ec200u.o [1]
  .rodata            const     0x801'7b8c      0x1c  user_ec200u.o [1]
  .rodata            const     0x801'7ba8      0x1c  user_ec200u.o [1]
  .rodata            const     0x801'7bc4      0x1c  user_ec200u.o [1]
  .rodata            const     0x801'7be0      0x1c  user_ec200u.o [1]
  .rodata            const     0x801'7bfc      0x1c  user_ec200u.o [1]
  .rodata            const     0x801'7c18      0x1c  user_ec200u.o [1]
  .rodata            const     0x801'7c34      0x1c  user_ec200u.o [1]
  .rodata            const     0x801'7c50      0x1c  user_ec200u.o [1]
  .rodata            const     0x801'7c6c      0x1c  user_external_flash.o [1]
  .rodata            const     0x801'7c88      0x1c  user_external_flash.o [1]
  .rodata            const     0x801'7ca4      0x1c  user_external_flash.o [1]
  .rodata            const     0x801'7cc0      0x1c  user_mqtt.o [1]
  .rodata            const     0x801'7cdc      0x18  user_ec200u.o [1]
  .rodata            const     0x801'7cf4      0x18  user_ec200u.o [1]
  .rodata            const     0x801'7d0c      0x18  user_ec200u.o [1]
  .rodata            const     0x801'7d24      0x18  user_ec200u.o [1]
  .rodata            const     0x801'7d3c      0x18  user_ec200u.o [1]
  .rodata            const     0x801'7d54      0x18  user_ec200u.o [1]
  .rodata            const     0x801'7d6c      0x18  user_ec200u.o [1]
  .rodata            const     0x801'7d84      0x18  user_external_flash.o [1]
  .rodata            const     0x801'7d9c      0x18  user_lpm.o [1]
  .rodata            const     0x801'7db4      0x18  user_lpm.o [1]
  .rodata            const     0x801'7dcc      0x18  user_mqtt.o [1]
  .rodata            const     0x801'7de4      0x18  user_sim.o [1]
  .rodata            const     0x801'7dfc      0x18  user_sim.o [1]
  .rodata            const     0x801'7e14      0x14  user_app_comm.o [1]
  .rodata            const     0x801'7e28      0x14  user_app_mem.o [1]
  .rodata            const     0x801'7e3c      0x14  user_at_serial.o [1]
  .rodata            const     0x801'7e50      0x14  user_at_serial.o [1]
  .rodata            const     0x801'7e64      0x14  user_at_serial.o [1]
  .rodata            const     0x801'7e78      0x14  user_at_serial.o [1]
  .rodata            const     0x801'7e8c      0x14  user_ec200u.o [1]
  .rodata            const     0x801'7ea0      0x14  user_ec200u.o [1]
  .rodata            const     0x801'7eb4      0x14  user_ec200u.o [1]
  .rodata            const     0x801'7ec8      0x14  user_ec200u.o [1]
  .rodata            const     0x801'7edc      0x14  user_ec200u.o [1]
  .rodata            const     0x801'7ef0      0x14  user_ec200u.o [1]
  .rodata            const     0x801'7f04      0x14  user_ec200u.o [1]
  .rodata            const     0x801'7f18      0x14  user_ec200u.o [1]
  .rodata            const     0x801'7f2c      0x14  user_ec200u.o [1]
  .rodata            const     0x801'7f40      0x14  user_ec200u.o [1]
  .rodata            const     0x801'7f54      0x14  user_ec200u.o [1]
  .rodata            const     0x801'7f68      0x14  user_ec200u.o [1]
  .rodata            const     0x801'7f7c      0x14  user_external_flash.o [1]
  .rodata            const     0x801'7f90      0x14  user_external_flash.o [1]
  .rodata            const     0x801'7fa4      0x14  user_external_flash.o [1]
  .rodata            const     0x801'7fb8      0x14  user_external_flash.o [1]
  .rodata            const     0x801'7fcc      0x14  user_external_flash.o [1]
  .rodata            const     0x801'7fe0      0x14  user_modem.o [1]
  .rodata            const     0x801'7ff4      0x14  user_mqtt.o [1]
  .rodata            const     0x801'8008      0x14  user_mqtt.o [1]
  .rodata            const     0x801'801c      0x14  user_mqtt.o [1]
  .rodata            const     0x801'8030      0x14  user_mqtt.o [1]
  .rodata            const     0x801'8044      0x14  user_mqtt.o [1]
  .rodata            const     0x801'8058      0x14  user_mqtt.o [1]
  .rodata            const     0x801'806c      0x14  user_mqtt.o [1]
  .rodata            const     0x801'8080      0x14  user_mqtt.o [1]
  .rodata            const     0x801'8094      0x14  user_sim.o [1]
  .rodata            const     0x801'80a8      0x14  user_sim.o [1]
  .rodata            const     0x801'80bc      0x14  user_sim.o [1]
  .rodata            const     0x801'80d0      0x14  user_sim.o [1]
  .rodata            const     0x801'80e4      0x14  user_sim.o [1]
  .rodata            const     0x801'80f8      0x14  user_sim.o [1]
  .rodata            const     0x801'810c      0x10  system_stm32l1xx.o [1]
  .rodata            const     0x801'811c      0x10  user_app_comm.o [1]
  .rodata            const     0x801'812c      0x10  user_app_comm.o [1]
  .rodata            const     0x801'813c      0x10  user_app_mem.o [1]
  .rodata            const     0x801'814c      0x10  user_at_serial.o [1]
  .rodata            const     0x801'815c      0x10  user_at_serial.o [1]
  .rodata            const     0x801'816c      0x10  user_at_serial.o [1]
  .rodata            const     0x801'817c      0x10  user_at_serial.o [1]
  .rodata            const     0x801'818c      0x10  user_at_serial.o [1]
  .rodata            const     0x801'819c      0x10  user_at_serial.o [1]
  .rodata            const     0x801'81ac      0x10  user_at_serial.o [1]
  .rodata            const     0x801'81bc      0x10  user_at_serial.o [1]
  .rodata            const     0x801'81cc      0x10  user_at_serial.o [1]
  .rodata            const     0x801'81dc      0x10  user_at_serial.o [1]
  .rodata            const     0x801'81ec      0x10  user_at_serial.o [1]
  .rodata            const     0x801'81fc      0x10  user_at_serial.o [1]
  .rodata            const     0x801'820c      0x10  user_at_serial.o [1]
  .rodata            const     0x801'821c      0x10  user_at_serial.o [1]
  .rodata            const     0x801'822c      0x10  user_at_serial.o [1]
  .rodata            const     0x801'823c      0x10  user_at_serial.o [1]
  .rodata            const     0x801'824c      0x10  user_at_serial.o [1]
  .rodata            const     0x801'825c      0x10  user_at_serial.o [1]
  .rodata            const     0x801'826c      0x10  user_at_serial.o [1]
  .rodata            const     0x801'827c      0x10  user_at_serial.o [1]
  .rodata            const     0x801'828c      0x10  user_at_serial.o [1]
  .rodata            const     0x801'829c      0x10  user_at_serial.o [1]
  .rodata            const     0x801'82ac      0x10  user_at_serial.o [1]
  .rodata            const     0x801'82bc      0x10  user_at_serial.o [1]
  .rodata            const     0x801'82cc      0x10  user_at_serial.o [1]
  .rodata            const     0x801'82dc      0x10  user_at_serial.o [1]
  .rodata            const     0x801'82ec      0x10  user_at_serial.o [1]
  .rodata            const     0x801'82fc      0x10  user_ec200u.o [1]
  .rodata            const     0x801'830c      0x10  user_ec200u.o [1]
  .rodata            const     0x801'831c      0x10  user_ec200u.o [1]
  .rodata            const     0x801'832c      0x10  user_ec200u.o [1]
  .rodata            const     0x801'833c      0x10  user_ec200u.o [1]
  .rodata            const     0x801'834c      0x10  user_ec200u.o [1]
  .rodata            const     0x801'835c      0x10  user_ec200u.o [1]
  .rodata            const     0x801'836c      0x10  user_ec200u.o [1]
  .rodata            const     0x801'837c      0x10  user_ec200u.o [1]
  .rodata            const     0x801'838c      0x10  user_ec200u.o [1]
  .rodata            const     0x801'839c      0x10  user_ec200u.o [1]
  .rodata            const     0x801'83ac      0x10  user_ec200u.o [1]
  .rodata            const     0x801'83bc      0x10  user_ec200u.o [1]
  .rodata            const     0x801'83cc      0x10  user_ec200u.o [1]
  .rodata            const     0x801'83dc      0x10  user_ec200u.o [1]
  .rodata            const     0x801'83ec      0x10  user_ec200u.o [1]
  .rodata            const     0x801'83fc      0x10  user_ec200u.o [1]
  .rodata            const     0x801'840c      0x10  user_ec200u.o [1]
  .rodata            const     0x801'841c      0x10  user_ec200u.o [1]
  .rodata            const     0x801'842c      0x10  user_external_flash.o [1]
  .rodata            const     0x801'843c      0x10  user_external_flash.o [1]
  .rodata            const     0x801'844c      0x10  user_external_flash.o [1]
  .rodata            const     0x801'845c      0x10  user_external_flash.o [1]
  .rodata            const     0x801'846c      0x10  user_mqtt.o [1]
  .rodata            const     0x801'847c      0x10  user_mqtt.o [1]
  .rodata            const     0x801'848c      0x10  user_mqtt.o [1]
  .rodata            const     0x801'849c      0x10  user_mqtt.o [1]
  .rodata            const     0x801'84ac      0x10  user_mqtt.o [1]
  .rodata            const     0x801'84bc      0x10  user_mqtt.o [1]
  .rodata            const     0x801'84cc      0x10  user_mqtt.o [1]
  .rodata            const     0x801'84dc      0x10  user_mqtt.o [1]
  .rodata            const     0x801'84ec      0x10  user_mqtt.o [1]
  .rodata            const     0x801'84fc      0x10  user_mqtt.o [1]
  .rodata            const     0x801'850c      0x10  user_mqtt.o [1]
  .rodata            const     0x801'851c      0x10  user_mqtt.o [1]
  .rodata            const     0x801'852c      0x10  user_mqtt.o [1]
  .rodata            const     0x801'853c      0x10  user_mqtt.o [1]
  .rodata            const     0x801'854c      0x10  user_sim.o [1]
  .rodata            const     0x801'855c      0x10  user_sim_common.o [1]
  .text              ro code   0x801'856c      0x10  startup_stm32l151xc.o [1]
  .rodata            const     0x801'857c       0xc  system_stm32l1xx.o [1]
  .rodata            const     0x801'8588       0xc  user_app_update.o [1]
  .rodata            const     0x801'8594       0xc  user_at_serial.o [1]
  .rodata            const     0x801'85a0       0xc  user_at_serial.o [1]
  .rodata            const     0x801'85ac       0xc  user_at_serial.o [1]
  .rodata            const     0x801'85b8       0xc  user_at_serial.o [1]
  .rodata            const     0x801'85c4       0xc  user_at_serial.o [1]
  .rodata            const     0x801'85d0       0xc  user_at_serial.o [1]
  .rodata            const     0x801'85dc       0xc  user_at_serial.o [1]
  .rodata            const     0x801'85e8       0xc  user_at_serial.o [1]
  .rodata            const     0x801'85f4       0xc  user_at_serial.o [1]
  .rodata            const     0x801'8600       0xc  user_at_serial.o [1]
  .rodata            const     0x801'860c       0xc  user_at_serial.o [1]
  .rodata            const     0x801'8618       0xc  user_at_serial.o [1]
  .rodata            const     0x801'8624       0xc  user_at_serial.o [1]
  .rodata            const     0x801'8630       0xc  user_at_serial.o [1]
  .rodata            const     0x801'863c       0xc  user_at_serial.o [1]
  .rodata            const     0x801'8648       0xc  user_at_serial.o [1]
  .rodata            const     0x801'8654       0xc  user_at_serial.o [1]
  .rodata            const     0x801'8660       0xc  user_at_serial.o [1]
  .rodata            const     0x801'866c       0xc  user_at_serial.o [1]
  .rodata            const     0x801'8678       0xc  user_at_serial.o [1]
  .rodata            const     0x801'8684       0xc  user_at_serial.o [1]
  .rodata            const     0x801'8690       0xc  user_at_serial.o [1]
  .rodata            const     0x801'869c       0xc  user_at_serial.o [1]
  .rodata            const     0x801'86a8       0xc  user_ec200u.o [1]
  .rodata            const     0x801'86b4       0xc  user_ec200u.o [1]
  .rodata            const     0x801'86c0       0xc  user_ec200u.o [1]
  .rodata            const     0x801'86cc       0xc  user_ec200u.o [1]
  .rodata            const     0x801'86d8       0xc  user_ec200u.o [1]
  .rodata            const     0x801'86e4       0xc  user_ec200u.o [1]
  .rodata            const     0x801'86f0       0xc  user_ec200u.o [1]
  .rodata            const     0x801'86fc       0xc  user_ec200u.o [1]
  .rodata            const     0x801'8708       0xc  user_ec200u.o [1]
  .rodata            const     0x801'8714       0xc  user_ec200u.o [1]
  .rodata            const     0x801'8720       0xc  user_ec200u.o [1]
  .rodata            const     0x801'872c       0xc  user_ec200u.o [1]
  .rodata            const     0x801'8738       0xc  user_ec200u.o [1]
  .rodata            const     0x801'8744       0xc  user_ec200u.o [1]
  .rodata            const     0x801'8750       0xc  user_ec200u.o [1]
  .rodata            const     0x801'875c       0xc  user_ec200u.o [1]
  .rodata            const     0x801'8768       0xc  user_ec200u.o [1]
  .rodata            const     0x801'8774       0xc  user_ec200u.o [1]
  .rodata            const     0x801'8780       0xc  user_ec200u.o [1]
  .rodata            const     0x801'878c       0xc  user_ec200u.o [1]
  .rodata            const     0x801'8798       0xc  user_ec200u.o [1]
  .rodata            const     0x801'87a4       0xc  user_ec200u.o [1]
  .rodata            const     0x801'87b0       0xc  user_ec200u.o [1]
  .rodata            const     0x801'87bc       0xc  user_ec200u.o [1]
  .rodata            const     0x801'87c8       0xc  user_ec200u.o [1]
  .rodata            const     0x801'87d4       0xc  user_ec200u.o [1]
  .rodata            const     0x801'87e0       0xc  user_ec200u.o [1]
  .rodata            const     0x801'87ec       0xc  user_ec200u.o [1]
  .rodata            const     0x801'87f8       0xc  user_ec200u.o [1]
  .rodata            const     0x801'8804       0xc  user_ec200u.o [1]
  .rodata            const     0x801'8810       0xc  user_ec200u.o [1]
  .rodata            const     0x801'881c       0xc  user_ec200u.o [1]
  .rodata            const     0x801'8828       0xc  user_ec200u.o [1]
  .rodata            const     0x801'8834       0xc  user_ec200u.o [1]
  .rodata            const     0x801'8840       0xc  user_ec200u.o [1]
  .rodata            const     0x801'884c       0xc  user_ec200u.o [1]
  .rodata            const     0x801'8858       0xc  user_ec200u.o [1]
  .rodata            const     0x801'8864       0xc  user_ec200u.o [1]
  .rodata            const     0x801'8870       0xc  user_ec200u.o [1]
  .rodata            const     0x801'887c       0xc  user_ec200u.o [1]
  .rodata            const     0x801'8888       0xc  user_mqtt.o [1]
  .rodata            const     0x801'8894       0xc  user_rtc.o [1]
  .rodata            const     0x801'88a0       0xc  user_rtc.o [1]
  .rodata            const     0x801'88ac       0xc  user_sim_common.o [1]
  .text              ro code   0x801'88b8       0xc  cstartup_M.o [4]
  .rodata            const     0x801'88c4       0x8  MQTTConnectClient.o [1]
  .rodata            const     0x801'88cc       0x8  system_stm32l1xx.o [1]
  .rodata            const     0x801'88d4       0x8  user_app_inverter.o [1]
  .rodata            const     0x801'88dc       0x8  user_app_inverter.o [1]
  .rodata            const     0x801'88e4       0x8  user_app_mem.o [1]
  .rodata            const     0x801'88ec       0x8  user_app_sim.o [1]
  .rodata            const     0x801'88f4       0x8  user_app_update.o [1]
  .rodata            const     0x801'88fc       0x8  user_app_update.o [1]
  .rodata            const     0x801'8904       0x8  user_app_update.o [1]
  .rodata            const     0x801'890c       0x8  user_at_serial.o [1]
  .rodata            const     0x801'8914       0x8  user_at_serial.o [1]
  .rodata            const     0x801'891c       0x8  user_at_serial.o [1]
  .rodata            const     0x801'8924       0x8  user_at_serial.o [1]
  .rodata            const     0x801'892c       0x8  user_at_serial.o [1]
  .rodata            const     0x801'8934       0x8  user_at_serial.o [1]
  .rodata            const     0x801'893c       0x8  user_at_serial.o [1]
  .rodata            const     0x801'8944       0x8  user_at_serial.o [1]
  .rodata            const     0x801'894c       0x8  user_at_serial.o [1]
  .rodata            const     0x801'8954       0x8  user_at_serial.o [1]
  .rodata            const     0x801'895c       0x8  user_at_serial.o [1]
  .rodata            const     0x801'8964       0x8  user_at_serial.o [1]
  .rodata            const     0x801'896c       0x8  user_at_serial.o [1]
  .rodata            const     0x801'8974       0x8  user_at_serial.o [1]
  .rodata            const     0x801'897c       0x8  user_at_serial.o [1]
  .rodata            const     0x801'8984       0x8  user_at_serial.o [1]
  .rodata            const     0x801'898c       0x8  user_at_serial.o [1]
  .rodata            const     0x801'8994       0x8  user_at_serial.o [1]
  .rodata            const     0x801'899c       0x8  user_at_serial.o [1]
  .rodata            const     0x801'89a4       0x8  user_at_serial.o [1]
  .rodata            const     0x801'89ac       0x8  user_at_serial.o [1]
  .rodata            const     0x801'89b4       0x8  user_at_serial.o [1]
  .rodata            const     0x801'89bc       0x8  user_at_serial.o [1]
  .rodata            const     0x801'89c4       0x8  user_at_serial.o [1]
  .rodata            const     0x801'89cc       0x8  user_at_serial.o [1]
  .rodata            const     0x801'89d4       0x8  user_ec200u.o [1]
  .rodata            const     0x801'89dc       0x8  user_ec200u.o [1]
  .rodata            const     0x801'89e4       0x8  user_ec200u.o [1]
  .rodata            const     0x801'89ec       0x8  user_ec200u.o [1]
  .rodata            const     0x801'89f4       0x8  user_ec200u.o [1]
  .rodata            const     0x801'89fc       0x8  user_ec200u.o [1]
  .rodata            const     0x801'8a04       0x8  user_ec200u.o [1]
  .rodata            const     0x801'8a0c       0x8  user_ec200u.o [1]
  .rodata            const     0x801'8a14       0x8  user_ec200u.o [1]
  .rodata            const     0x801'8a1c       0x8  user_ec200u.o [1]
  .rodata            const     0x801'8a24       0x8  user_ec200u.o [1]
  .rodata            const     0x801'8a2c       0x8  user_ec200u.o [1]
  .rodata            const     0x801'8a34       0x8  user_ec200u.o [1]
  .rodata            const     0x801'8a3c       0x8  user_ec200u.o [1]
  .rodata            const     0x801'8a44       0x8  user_ec200u.o [1]
  .rodata            const     0x801'8a4c       0x8  user_ec200u.o [1]
  .rodata            const     0x801'8a54       0x8  user_ec200u.o [1]
  .rodata            const     0x801'8a5c       0x8  user_ec200u.o [1]
  .rodata            const     0x801'8a64       0x8  user_ec200u.o [1]
  .rodata            const     0x801'8a6c       0x8  user_ec200u.o [1]
  .rodata            const     0x801'8a74       0x8  user_ec200u.o [1]
  .rodata            const     0x801'8a7c       0x8  user_ec200u.o [1]
  .rodata            const     0x801'8a84       0x8  user_ec200u.o [1]
  .rodata            const     0x801'8a8c       0x8  user_ec200u.o [1]
  .rodata            const     0x801'8a94       0x8  user_ec200u.o [1]
  .rodata            const     0x801'8a9c       0x8  user_ec200u.o [1]
  .rodata            const     0x801'8aa4       0x8  user_ec200u.o [1]
  .rodata            const     0x801'8aac       0x8  user_ec200u.o [1]
  .rodata            const     0x801'8ab4       0x8  user_log.o [1]
  .rodata            const     0x801'8abc       0x8  user_mqtt.o [1]
  .rodata            const     0x801'8ac4       0x8  user_mqtt.o [1]
  .rodata            const     0x801'8acc       0x8  user_mqtt.o [1]
  .rodata            const     0x801'8ad4       0x8  user_mqtt.o [1]
  .rodata            const     0x801'8adc       0x8  user_mqtt.o [1]
  .rodata            const     0x801'8ae4       0x8  user_mqtt.o [1]
  .rodata            const     0x801'8aec       0x8  user_mqtt.o [1]
  .rodata            const     0x801'8af4       0x8  user_mqtt.o [1]
  .rodata            const     0x801'8afc       0x8  user_mqtt.o [1]
  .rodata            const     0x801'8b04       0x8  user_mqtt.o [1]
  .rodata            const     0x801'8b0c       0x8  user_mqtt.o [1]
  .rodata            const     0x801'8b14       0x8  user_mqtt.o [1]
  .rodata            const     0x801'8b1c       0x8  user_mqtt.o [1]
  .rodata            const     0x801'8b24       0x8  user_mqtt.o [1]
  .rodata            const     0x801'8b2c       0x8  user_mqtt.o [1]
  .rodata            const     0x801'8b34       0x8  user_mqtt.o [1]
  .rodata            const     0x801'8b3c       0x8  user_mqtt.o [1]
  .rodata            const     0x801'8b44       0x8  user_mqtt.o [1]
  .rodata            const     0x801'8b4c       0x8  user_mqtt.o [1]
  .rodata            const     0x801'8b54       0x8  user_mqtt.o [1]
  .rodata            const     0x801'8b5c       0x8  user_mqtt.o [1]
  .rodata            const     0x801'8b64       0x8  user_mqtt.o [1]
  .rodata            const     0x801'8b6c       0x8  user_mqtt.o [1]
  .rodata            const     0x801'8b74       0x8  user_mqtt.o [1]
  .rodata            const     0x801'8b7c       0x8  user_mqtt.o [1]
  .rodata            const     0x801'8b84       0x8  user_mqtt.o [1]
  .rodata            const     0x801'8b8c       0x8  user_mqtt.o [1]
  .rodata            const     0x801'8b94       0x8  user_mqtt.o [1]
  .rodata            const     0x801'8b9c       0x8  user_mqtt.o [1]
  .rodata            const     0x801'8ba4       0x8  user_mqtt.o [1]
  .rodata            const     0x801'8bac       0x8  user_mqtt.o [1]
  .rodata            const     0x801'8bb4       0x8  user_mqtt.o [1]
  .rodata            const     0x801'8bbc       0x8  user_mqtt.o [1]
  .rodata            const     0x801'8bc4       0x8  user_mqtt.o [1]
  .rodata            const     0x801'8bcc       0x8  user_mqtt.o [1]
  .rodata            const     0x801'8bd4       0x8  user_sim.o [1]
  .rodata            const     0x801'8bdc       0x8  user_sim_common.o [1]
  .rodata            const     0x801'8be4       0x8  user_sim_common.o [1]
  .rodata            const     0x801'8bec       0x8  user_sim_common.o [1]
  .rodata            const     0x801'8bf4       0x8  user_sim_common.o [1]
  .rodata            const     0x801'8bfc       0x8  user_util.o [1]
  .rodata            const     0x801'8c04       0x8  user_util.o [1]
  .rodata            const     0x801'8c0c       0x8  user_util.o [1]
  .rodata            const     0x801'8c14       0x4  MQTTConnectClient.o [1]
  .rodata            const     0x801'8c18       0x4  MQTTConnectClient.o [1]
  .rodata            const     0x801'8c1c       0x4  MQTTSerializePublish.o [1]
  .rodata            const     0x801'8c20       0x4  MQTTSubscribeClient.o [1]
  .rodata            const     0x801'8c24       0x4  user_at_serial.o [1]
  .rodata            const     0x801'8c28       0x4  user_ec200u.o [1]
  .rodata            const     0x801'8c2c       0x4  user_ec200u.o [1]
  .rodata            const     0x801'8c30       0x4  user_ec200u.o [1]
  .rodata            const     0x801'8c34       0x4  user_ec200u.o [1]
  .rodata            const     0x801'8c38       0x4  user_ec200u.o [1]
  .rodata            const     0x801'8c3c       0x4  user_mqtt.o [1]
  .rodata            const     0x801'8c40       0x4  user_sim_common.o [1]
  .text              ro code   0x801'8c44       0x4  startup_stm32l151xc.o [1]
  .text              ro code   0x801'8c48       0x4  startup_stm32l151xc.o [1]
  .text              ro code   0x801'8c4c       0x4  startup_stm32l151xc.o [1]
  .text              ro code   0x801'8c50       0x4  startup_stm32l151xc.o [1]
  .text              ro code   0x801'8c54       0x4  startup_stm32l151xc.o [1]
  .text              ro code   0x801'8c58       0x4  startup_stm32l151xc.o [1]
  .text              ro code   0x801'8c5c       0x4  startup_stm32l151xc.o [1]
  .text              ro code   0x801'8c60       0x4  startup_stm32l151xc.o [1]
  .text              ro code   0x801'8c64       0x4  startup_stm32l151xc.o [1]
  .text              ro code   0x801'8c68       0x4  startup_stm32l151xc.o [1]
  .text              ro code   0x801'8c6c       0x4  startup_stm32l151xc.o [1]
  .text              ro code   0x801'8c70       0x4  startup_stm32l151xc.o [1]
  .text              ro code   0x801'8c74       0x4  startup_stm32l151xc.o [1]
  .text              ro code   0x801'8c78       0x4  startup_stm32l151xc.o [1]
  .text              ro code   0x801'8c7c       0x4  startup_stm32l151xc.o [1]
  .text              ro code   0x801'8c80       0x4  startup_stm32l151xc.o [1]
  .text              ro code   0x801'8c84       0x4  startup_stm32l151xc.o [1]
  .text              ro code   0x801'8c88       0x4  startup_stm32l151xc.o [1]
  .text              ro code   0x801'8c8c       0x4  startup_stm32l151xc.o [1]
  .text              ro code   0x801'8c90       0x4  startup_stm32l151xc.o [1]
  .text              ro code   0x801'8c94       0x4  startup_stm32l151xc.o [1]
  .text              ro code   0x801'8c98       0x4  startup_stm32l151xc.o [1]
  .text              ro code   0x801'8c9c       0x4  startup_stm32l151xc.o [1]
  .text              ro code   0x801'8ca0       0x4  startup_stm32l151xc.o [1]
  .text              ro code   0x801'8ca4       0x4  startup_stm32l151xc.o [1]
  .text              ro code   0x801'8ca8       0x4  startup_stm32l151xc.o [1]
  .text              ro code   0x801'8cac       0x4  startup_stm32l151xc.o [1]
  .text              ro code   0x801'8cb0       0x4  startup_stm32l151xc.o [1]
  .text              ro code   0x801'8cb4       0x4  startup_stm32l151xc.o [1]
  .text              ro code   0x801'8cb8       0x4  startup_stm32l151xc.o [1]
  .text              ro code   0x801'8cbc       0x4  startup_stm32l151xc.o [1]
  .text              ro code   0x801'8cc0       0x4  startup_stm32l151xc.o [1]
  .text              ro code   0x801'8cc4       0x4  startup_stm32l151xc.o [1]
  .text              ro code   0x801'8cc8       0x4  startup_stm32l151xc.o [1]
  .text              ro code   0x801'8ccc       0x4  startup_stm32l151xc.o [1]
  .text              ro code   0x801'8cd0       0x4  startup_stm32l151xc.o [1]
  .text              ro code   0x801'8cd4       0x4  startup_stm32l151xc.o [1]
  .text              ro code   0x801'8cd8       0x4  startup_stm32l151xc.o [1]
  .text              ro code   0x801'8cdc       0x4  startup_stm32l151xc.o [1]
  .text              ro code   0x801'8ce0       0x4  startup_stm32l151xc.o [1]
  .text              ro code   0x801'8ce4       0x4  startup_stm32l151xc.o [1]
  .text              ro code   0x801'8ce8       0x4  startup_stm32l151xc.o [1]
  .text              ro code   0x801'8cec       0x4  startup_stm32l151xc.o [1]
  .text              ro code   0x801'8cf0       0x4  startup_stm32l151xc.o [1]
  .text              ro code   0x801'8cf4       0x4  startup_stm32l151xc.o [1]
  .text              ro code   0x801'8cf8       0x4  startup_stm32l151xc.o [1]
  .text              ro code   0x801'8cfc       0x4  startup_stm32l151xc.o [1]
  .text              ro code   0x801'8d00       0x4  startup_stm32l151xc.o [1]
  .text              ro code   0x801'8d04       0x2  system_stm32l1xx.o [1]
  .rodata            const     0x801'8d06       0x0  zero_init3.o [4]
  .rodata            const     0x801'8d06       0x0  lz77_init_single.o [4]
  Initializer bytes  const     0x801'8d06     0x4d6  <for P2-1>
                             - 0x801'91dc  0x1'54b8

"P2", part 1 of 3:                           0x10d6
  P2-1                        0x2000'0000    0x10d6  <Init block>
    .data            inited   0x2000'0000     0x290  user_app_sim.o [1]
    .data            inited   0x2000'0290       0x4  stm32l1xx_hal.o [1]
    .data            inited   0x2000'0294       0x4  stm32l1xx_hal.o [1]
    .data            inited   0x2000'0298       0x4  system_stm32l1xx.o [1]
    .data            inited   0x2000'029c      0x60  user_app_comm.o [1]
    .data            inited   0x2000'02fc       0x8  user_app_comm.o [1]
    .data            inited   0x2000'0304      0x50  user_app_inverter.o [1]
    .data            inited   0x2000'0354      0x18  user_app_inverter.o [1]
    .data            inited   0x2000'036c       0x8  user_app_inverter.o [1]
    .data            inited   0x2000'0374      0x28  user_app_inverter.o [1]
    .data            inited   0x2000'039c      0x54  user_app_inverter.o [1]
    .data            inited   0x2000'03f0       0x8  user_app_inverter.o [1]
    .data            inited   0x2000'03f8       0xc  user_app_inverter.o [1]
    .data            inited   0x2000'0404      0x60  user_app_mem.o [1]
    .data            inited   0x2000'0464      0x40  user_app_sim.o [1]
    .data            inited   0x2000'04a4      0x18  user_app_sim.o [1]
    .data            inited   0x2000'04bc      0x30  user_app_update.o [1]
    .data            inited   0x2000'04ec       0x8  user_app_update.o [1]
    .data            inited   0x2000'04f4       0xc  user_app_update.o [1]
    .data            inited   0x2000'0500      0x10  user_ec200u.o [1]
    .data            inited   0x2000'0510       0xc  user_ec200u.o [1]
    .data            inited   0x2000'051c       0xc  user_ec200u.o [1]
    .data            inited   0x2000'0528       0x4  user_ec200u.o [1]
    .data            inited   0x2000'052c       0x4  user_ec200u.o [1]
    .data            inited   0x2000'0530       0x4  user_ec200u.o [1]
    .data            inited   0x2000'0534      0x14  user_ec200u.o [1]
    .data            inited   0x2000'0548       0x4  user_ec200u.o [1]
    .data            inited   0x2000'054c       0xc  user_ec200u.o [1]
    .data            inited   0x2000'0558       0x4  user_ec200u.o [1]
    .data            inited   0x2000'055c       0x4  user_ec200u.o [1]
    .data            inited   0x2000'0560       0x4  user_ec200u.o [1]
    .data            inited   0x2000'0564      0x30  user_external_eeprom.o [1]
    .data            inited   0x2000'0594     0x140  user_external_eeprom.o [1]
    .data            inited   0x2000'06d4      0x40  user_external_flash.o [1]
    .data            inited   0x2000'0714      0xb4  user_external_flash.o [1]
    .data            inited   0x2000'07c8      0x10  user_external_flash.o [1]
    .data            inited   0x2000'07d8      0x14  user_external_flash.o [1]
    .data            inited   0x2000'07ec       0x4  user_external_flash.o [1]
    .data            inited   0x2000'07f0      0x10  user_external_flash.o [1]
    .data            inited   0x2000'0800     0x140  user_external_flash.o [1]
    .data            inited   0x2000'0940      0x30  user_internal_mem.o [1]
    .data            inited   0x2000'0970     0x140  user_internal_mem.o [1]
    .data            inited   0x2000'0ab0      0x14  user_modem.o [1]
    .data            inited   0x2000'0ac4      0x38  user_modem.o [1]
    .data            inited   0x2000'0afc      0x38  user_modem.o [1]
    .data            inited   0x2000'0b34      0x38  user_modem.o [1]
    .data            inited   0x2000'0b6c      0x38  user_modem.o [1]
    .data            inited   0x2000'0ba4      0x4c  user_modem.o [1]
    .data            inited   0x2000'0bf0       0xc  user_modem.o [1]
    .data            inited   0x2000'0bfc      0x10  user_modem.o [1]
    .data            inited   0x2000'0c0c      0x58  user_mqtt.o [1]
    .data            inited   0x2000'0c64      0x90  user_sim.o [1]
    .data            inited   0x2000'0cf4       0x8  user_sim.o [1]
    .data            inited   0x2000'0cfc      0x1c  user_sim.o [1]
    .data            inited   0x2000'0d18      0x10  user_sim.o [1]
    .data            inited   0x2000'0d28      0x18  user_sim_common.o [1]
    .data            inited   0x2000'0d40      0x20  user_sim_common.o [1]
    .data            inited   0x2000'0d60      0x20  user_sim_common.o [1]
    .data            inited   0x2000'0d80      0x20  user_sim_common.o [1]
    .data            inited   0x2000'0da0      0x20  user_sim_common.o [1]
    .data            inited   0x2000'0dc0      0x28  user_sim_common.o [1]
    .data            inited   0x2000'0de8       0xc  user_sim_common.o [1]
    .data            inited   0x2000'0df4      0x28  user_sim_common.o [1]
    .data            inited   0x2000'0e1c      0x28  user_sim_common.o [1]
    .data            inited   0x2000'0e44      0x28  user_sim_common.o [1]
    .data            inited   0x2000'0e6c       0xc  user_sim_common.o [1]
    .data            inited   0x2000'0e78      0x28  user_sim_common.o [1]
    .data            inited   0x2000'0ea0      0x28  user_sim_common.o [1]
    .data            inited   0x2000'0ec8      0x20  user_sim_common.o [1]
    .data            inited   0x2000'0ee8      0x20  user_sim_common.o [1]
    .data            inited   0x2000'0f08      0x20  user_sim_common.o [1]
    .data            inited   0x2000'0f28      0x20  user_sim_common.o [1]
    .data            inited   0x2000'0f48      0x50  user_sim_common.o [1]
    .data            inited   0x2000'0f98      0x84  user_sim_common.o [1]
    .data            inited   0x2000'101c      0x50  user_sim_common.o [1]
    .data            inited   0x2000'106c      0x44  user_sim_common.o [1]
    .data            inited   0x2000'10b0       0xc  user_time.o [1]
    .data            inited   0x2000'10bc       0xc  user_time.o [1]
    .data            inited   0x2000'10c8       0x8  user_uart.o [1]
    .data            inited   0x2000'10d0       0x2  user_ec200u.o [1]
    .data            inited   0x2000'10d2       0x2  user_ec200u.o [1]
    .data            inited   0x2000'10d4       0x1  user_ec200u.o [1]
    .data            inited   0x2000'10d5       0x1  user_ec200u.o [1]
                            - 0x2000'10d6    0x10d6

"P2", part 2 of 3:                           0x333c
  .bss               zero     0x2000'10d8     0xa50  user_external_flash.o [1]
  .bss               zero     0x2000'1b28     0x4b0  user_mqtt.o [1]
  .bss               zero     0x2000'1fd8     0x4b0  user_mqtt.o [1]
  .bss               zero     0x2000'2488     0x4b0  user_sim.o [1]
  .bss               zero     0x2000'2938     0x4b0  user_uart.o [1]
  .bss               zero     0x2000'2de8     0x400  user_external_flash.o [1]
  .bss               zero     0x2000'31e8     0x400  user_modem.o [1]
  .bss               zero     0x2000'35e8     0x100  user_app_sim.o [1]
  .bss               zero     0x2000'36e8     0x100  user_app_sim.o [1]
  .bss               zero     0x2000'37e8     0x100  user_external_eeprom.o [1]
  .bss               zero     0x2000'38e8     0x100  user_internal_mem.o [1]
  .bss               zero     0x2000'39e8     0x100  user_modem.o [1]
  .bss               zero     0x2000'3ae8     0x100  user_modem.o [1]
  .bss               zero     0x2000'3be8      0xc4  user_mqtt.o [1]
  .bss               zero     0x2000'3cac      0xa0  user_external_flash.o [1]
  .bss               zero     0x2000'3d4c      0x80  user_at_serial.o [1]
  .bss               zero     0x2000'3dcc      0x70  user_sim_common.o [1]
  .bss               zero     0x2000'3e3c      0x64  user_external_flash.o [1]
  .bss               zero     0x2000'3ea0      0x58  spi.o [1]
  .bss               zero     0x2000'3ef8      0x54  adc.o [1]
  .bss               zero     0x2000'3f4c      0x54  i2c.o [1]
  .bss               zero     0x2000'3fa0      0x48  usart.o [1]
  .bss               zero     0x2000'3fe8      0x48  usart.o [1]
  .bss               zero     0x2000'4030      0x48  usart.o [1]
  .bss               zero     0x2000'4078      0x40  user_app_inverter.o [1]
  .bss               zero     0x2000'40b8      0x34  user_mqtt.o [1]
  .bss               zero     0x2000'40ec      0x34  user_mqtt.o [1]
  .bss               zero     0x2000'4120      0x34  user_sim.o [1]
  .bss               zero     0x2000'4154      0x2c  user_app_inverter.o [1]
  .bss               zero     0x2000'4180      0x28  user_rtc.o [1]
  .bss               zero     0x2000'41a8      0x20  rtc.o [1]
  .bss               zero     0x2000'41c8      0x1c  user_rtc.o [1]
  .bss               zero     0x2000'41e4      0x18  stm32l1xx_hal_flash.o [1]
  .bss               zero     0x2000'41fc      0x18  user_app_comm.o [1]
  .bss               zero     0x2000'4214      0x18  user_external_eeprom.o [1]
  .bss               zero     0x2000'422c      0x18  user_external_eeprom.o [1]
  .bss               zero     0x2000'4244      0x18  user_external_flash.o [1]
  .bss               zero     0x2000'425c      0x18  user_external_flash.o [1]
  .bss               zero     0x2000'4274      0x18  user_external_flash.o [1]
  .bss               zero     0x2000'428c      0x18  user_internal_mem.o [1]
  .bss               zero     0x2000'42a4      0x18  user_internal_mem.o [1]
  .bss               zero     0x2000'42bc      0x18  user_sim.o [1]
  .bss               zero     0x2000'42d4      0x18  user_sim.o [1]
  .bss               zero     0x2000'42ec      0x18  user_sim.o [1]
  .bss               zero     0x2000'4304      0x18  user_sim.o [1]
  .bss               zero     0x2000'431c      0x18  user_sim_common.o [1]
  .bss               zero     0x2000'4334      0x10  user_app_mem.o [1]
  .bss               zero     0x2000'4344       0xc  user_external_flash.o [1]
  .bss               zero     0x2000'4350       0xc  user_modem.o [1]
  .bss               zero     0x2000'435c       0xc  user_mqtt.o [1]
  .bss               zero     0x2000'4368       0xc  user_util.o [1]
  .bss               zero     0x2000'4374       0x8  user_app_inverter.o [1]
  .bss               zero     0x2000'437c       0x8  user_app_inverter.o [1]
  .bss               zero     0x2000'4384       0x8  user_app_inverter.o [1]
  .bss               zero     0x2000'438c       0x8  user_app_inverter.o [1]
  .bss               zero     0x2000'4394       0x8  user_app_inverter.o [1]
  .bss               zero     0x2000'439c       0x8  user_app_update.o [1]
  .bss               zero     0x2000'43a4       0x4  cat24mxx.o [1]
  .bss               zero     0x2000'43a8       0x4  stm32l1xx_hal.o [1]
  .bss               zero     0x2000'43ac       0x4  user_app_inverter.o [1]
  .bss               zero     0x2000'43b0       0x4  user_app_inverter.o [1]
  .bss               zero     0x2000'43b4       0x4  user_app_inverter.o [1]
  .bss               zero     0x2000'43b8       0x4  user_app_inverter.o [1]
  .bss               zero     0x2000'43bc       0x4  user_app_inverter.o [1]
  .bss               zero     0x2000'43c0       0x4  user_app_inverter.o [1]
  .bss               zero     0x2000'43c4       0x4  user_lpm.o [1]
  .bss               zero     0x2000'43c8       0x4  user_rtc.o [1]
  .bss               zero     0x2000'43cc       0x4  user_sim.o [1]
  .bss               zero     0x2000'43d0       0x4  user_sim_common.o [1]
  .bss               zero     0x2000'43d4       0x4  user_timer.o [1]
  .bss               zero     0x2000'43d8       0x4  user_util.o [1]
  .bss               zero     0x2000'43dc       0x4  user_util.o [1]
  .bss               zero     0x2000'43e0       0x2  user_app_comm.o [1]
  .bss               zero     0x2000'43e2       0x2  user_app_inverter.o [1]
  .bss               zero     0x2000'43e4       0x2  user_app_inverter.o [1]
  .bss               zero     0x2000'43e6       0x2  user_app_inverter.o [1]
  .bss               zero     0x2000'43e8       0x2  user_app_inverter.o [1]
  .bss               zero     0x2000'43ea       0x2  user_app_mem.o [1]
  .bss               zero     0x2000'43ec       0x2  user_external_flash.o [1]
  .bss               zero     0x2000'43ee       0x2  user_sim.o [1]
  .bss               zero     0x2000'43f0       0x1  user_adc.o [1]
  .bss               zero     0x2000'43f1       0x1  user_app_comm.o [1]
  .bss               zero     0x2000'43f2       0x1  user_app_comm.o [1]
  .bss               zero     0x2000'43f3       0x1  user_app_comm.o [1]
  .bss               zero     0x2000'43f4       0x1  user_app_comm.o [1]
  .bss               zero     0x2000'43f5       0x1  user_app_comm.o [1]
  .bss               zero     0x2000'43f6       0x1  user_app_inverter.o [1]
  .bss               zero     0x2000'43f7       0x1  user_app_inverter.o [1]
  .bss               zero     0x2000'43f8       0x1  user_app_inverter.o [1]
  .bss               zero     0x2000'43f9       0x1  user_app_inverter.o [1]
  .bss               zero     0x2000'43fa       0x1  user_app_inverter.o [1]
  .bss               zero     0x2000'43fb       0x1  user_app_inverter.o [1]
  .bss               zero     0x2000'43fc       0x1  user_app_inverter.o [1]
  .bss               zero     0x2000'43fd       0x1  user_app_inverter.o [1]
  .bss               zero     0x2000'43fe       0x1  user_app_inverter.o [1]
  .bss               zero     0x2000'43ff       0x1  user_app_inverter.o [1]
  .bss               zero     0x2000'4400       0x1  user_app_mem.o [1]
  .bss               zero     0x2000'4401       0x1  user_app_mem.o [1]
  .bss               zero     0x2000'4402       0x1  user_app_sim.o [1]
  .bss               zero     0x2000'4403       0x1  user_app_sim.o [1]
  .bss               zero     0x2000'4404       0x1  user_app_update.o [1]
  .bss               zero     0x2000'4405       0x1  user_app_update.o [1]
  .bss               zero     0x2000'4406       0x1  user_at_serial.o [1]
  .bss               zero     0x2000'4407       0x1  user_external_eeprom.o [1]
  .bss               zero     0x2000'4408       0x1  user_external_eeprom.o [1]
  .bss               zero     0x2000'4409       0x1  user_external_flash.o [1]
  .bss               zero     0x2000'440a       0x1  user_external_flash.o [1]
  .bss               zero     0x2000'440b       0x1  user_external_flash.o [1]
  .bss               zero     0x2000'440c       0x1  user_lpm.o [1]
  .bss               zero     0x2000'440d       0x1  user_rtc.o [1]
  .bss               zero     0x2000'440e       0x1  user_sim.o [1]
  .bss               zero     0x2000'440f       0x1  user_sim.o [1]
  .bss               zero     0x2000'4410       0x1  user_sim.o [1]
  .bss               zero     0x2000'4411       0x1  user_uart.o [1]
  .bss               zero     0x2000'4412       0x1  user_uart.o [1]
  .bss               zero     0x2000'4413       0x1  user_uart.o [1]
                            - 0x2000'4414    0x333c

"P2", part 3 of 3:                            0x400
  CSTACK                      0x2000'4418     0x400  <Block>
    CSTACK           uninit   0x2000'4418     0x400  <Block tail>
                            - 0x2000'4818     0x400

Unused ranges:

         From           To      Size
         ----           --      ----
   0x801'91dc   0x803'ffff  0x2'6e24
  0x2000'10d6  0x2000'10d7       0x2
  0x2000'4414  0x2000'4417       0x4
  0x2000'4818  0x2000'7fff    0x37e8


*******************************************************************************
*** INIT TABLE
***

          Address      Size
          -------      ----
Zero (__iar_zero_init3)
    1 destination range, total size 0x333c:
          0x2000'10d8  0x333c

Copy/lz77 (__iar_lz77_init_single3)
    1 source range, total size 0x4d6 (28% of destination):
           0x801'8d06   0x4d6
    1 destination range, total size 0x10d6:
          0x2000'0000  0x10d6



*******************************************************************************
*** MODULE SUMMARY
***

    Module                    ro code  ro data  rw data
    ------                    -------  -------  -------
command line/config:
    ---------------------------------------------------
    Total:

D:\Project_STM32\Saoviet_Container\EWARM\GSM_Container\Obj: [1]
    MQTTConnectClient.o           512       16
    MQTTPacket.o                  284
    MQTTSerializePublish.o        224        4
    MQTTSubscribeClient.o         232        4
    S25FL216K.o                   146
    adc.o                         420                84
    cat24mxx.o                    416                 4
    event_driven.o                 84
    gpio.o                        456
    i2c.o                         176                84
    main.o                        228
    onchipflash.o                 440
    queue_p.o                     440
    rtc.o                          44                32
    spi.o                         188                88
    startup_stm32l151xc.o         500
    stm32l1xx_hal.o               280        2       12
    stm32l1xx_hal_adc.o         1'332
    stm32l1xx_hal_cortex.o        400
    stm32l1xx_hal_dma.o           178
    stm32l1xx_hal_flash.o         424                24
    stm32l1xx_hal_flash_ex.o       44
    stm32l1xx_hal_gpio.o          916
    stm32l1xx_hal_i2c.o         3'058
    stm32l1xx_hal_msp.o            72
    stm32l1xx_hal_pwr.o           124
    stm32l1xx_hal_pwr_ex.o         84
    stm32l1xx_hal_rcc.o         2'156
    stm32l1xx_hal_rcc_ex.o        352
    stm32l1xx_hal_rtc.o         1'878
    stm32l1xx_hal_rtc_ex.o         64
    stm32l1xx_hal_spi.o         1'124
    stm32l1xx_hal_uart.o        2'258
    stm32l1xx_it.o                 92
    system_stm32l1xx.o              2       37        4
    usart.o                       616               216
    user_adc.o                      2                 1
    user_app_comm.o             1'200      110      135
    user_app_inverter.o         4'244      154      446
    user_app_mem.o              3'644      975      116
    user_app_sim.o              2'696      282    1'258
    user_app_update.o           1'336      143       78
    user_at_serial.o            7'204    1'872      129
    user_ec200u.o               3'176    4'531      106
    user_external_eeprom.o        940      298      674
    user_external_flash.o       3'632      762    4'633
    user_internal_mem.o           720      225      672
    user_log.o                    500        8
    user_lpm.o                    388       48        5
    user_modbus_rtu.o             216
    user_modem.o                  516      152    1'896
    user_modem_init.o             438
    user_mqtt.o                 5'228    1'510    2'800
    user_rtc.o                    936       68       73
    user_sim.o                  5'020      248    1'553
    user_sim_common.o           1'988      324    1'044
    user_string.o                 644
    user_time.o                   668        6       24
    user_timer.o                  964                 4
    user_uart.o                   276        3    1'211
    user_util.o                 1'392       24       20
    ---------------------------------------------------
    Total:                     68'212   11'806   17'426

dl7M_tlf.a: [2]
    exit.o                          4
    low_level_init.o                4
    strstr.o                       44
    ---------------------------------------------------
    Total:                         52

m7M_tl.a: [3]
    DblAdd.o                      378
    DblCmpEq.o                     32
    DblCmpGe.o                     46
    DblCmpLe.o                     46
    DblDiv.o                      582
    DblMul.o                      418
    DblSub.o                      226
    DblToS32.o                     58
    S32ToDbl.o                     34
    U32ToDbl.o                     26
    frexp.o                       112
    iar_Exp64.o                   884
    ldexp.o                       314
    pow64.o                     1'880    1'056
    ---------------------------------------------------
    Total:                      5'036    1'056

rt7M_tl.a: [4]
    ABImemclr4.o                    6
    ABImemcpy.o                   166
    ABImemset.o                   102
    ABImemset48.o                  50
    I64DivMod.o                   560
    I64DivZer.o                     2
    cexit.o                        10
    cmain.o                        30
    cstartup_M.o                   12
    data_init.o                    40
    lz77_init_single.o            120
    memset.o                       20
    strchr.o                       22
    strlen.o                       54
    zero_init3.o                   58
    ---------------------------------------------------
    Total:                      1'252

shb_l.a: [5]
    exit.o                         20
    ---------------------------------------------------
    Total:                         20

    Gaps                           46        4
    Linker created                          32    1'024
-------------------------------------------------------
    Grand Total:               74'618   12'898   18'450


*******************************************************************************
*** ENTRY LIST
***

Entry                       Address   Size  Type      Object
-----                       -------   ----  ----      ------
.iar.init_table$$Base    0x801'78a0          --   Gb  - Linker created -
.iar.init_table$$Limit   0x801'78c0          --   Gb  - Linker created -
?main                    0x801'7a81         Code  Gb  cmain.o [4]
ADC_ConversionStop_Disable
                         0x800'a855   0x52  Code  Gb  stm32l1xx_hal_adc.o [1]
ADC_Desequence_Powerhungry_Channels
                         0x800'a371    0x2  Code  Gb  user_adc.o [1]
AHBPrescTable            0x801'810c   0x10  Data  Gb  system_stm32l1xx.o [1]
APBPrescTable            0x801'88cc    0x8  Data  Gb  system_stm32l1xx.o [1]
AdcInitialized          0x2000'43f0    0x1  Data  Gb  user_adc.o [1]
AppCom_Calcu_Period_To_RoudTime
                         0x800'7a59   0x3a  Code  Lc  user_app_comm.o [1]
AppComm_IRQ_Timer_CallBack
                         0x800'7a4d    0xc  Code  Gb  user_app_comm.o [1]
AppComm_Init             0x800'797f   0x2a  Code  Gb  user_app_comm.o [1]
AppComm_Set_Next_TxTimer
                         0x800'7ac1   0x78  Code  Gb  user_app_comm.o [1]
AppComm_Set_Next_TxTimer::CountMessInit
                        0x2000'43f5    0x1  Data  Lc  user_app_comm.o [1]
AppComm_Task             0x800'79ad   0x9e  Code  Gb  user_app_comm.o [1]
AppIVT_Clear_Before_Recv
                         0x800'f6d5    0xa  Code  Gb  user_app_inverter.o [1]
AppIVT_Init              0x800'f627   0x1c  Code  Gb  user_app_inverter.o [1]
AppIVT_Log_Data_TSVH     0x800'f5f9   0x2e  Code  Gb  user_app_inverter.o [1]
AppIVT_Packet_TSVH       0x800'f4c9  0x11e  Code  Gb  user_app_inverter.o [1]
AppIVT_Task              0x800'f165   0x84  Code  Gb  user_app_inverter.o [1]
AppMem_Cb_Check_Mess_Invalid
                         0x800'9441   0x60  Code  Gb  user_app_mem.o [1]
AppMem_Cb_Erase_Chip_Fail
                         0x800'9265    0xe  Code  Gb  user_app_mem.o [1]
AppMem_Cb_Erase_Chip_OK
                         0x800'9211   0x52  Code  Gb  user_app_mem.o [1]
AppMem_Cb_Get_Addr_From_TypeData
                         0x800'9295   0xac  Code  Gb  user_app_mem.o [1]
AppMem_Cb_Read_OK        0x800'8e65  0x172  Code  Gb  user_app_mem.o [1]
AppMem_Cb_Write_OK       0x800'8d45  0x120  Code  Gb  user_app_mem.o [1]
AppMem_Cb_Wrtie_ERROR    0x800'918d   0x7e  Code  Gb  user_app_mem.o [1]
AppMem_Check_New_Record
                         0x800'9687   0x1c  Code  Gb  user_app_mem.o [1]
AppMem_Erase_New_Sector
                         0x800'9273   0x22  Code  Gb  user_app_mem.o [1]
AppMem_Forward_Data_To_Sim
                         0x800'95f1   0x42  Code  Gb  user_app_mem.o [1]
AppMem_Inc_Index_Save    0x800'94c1   0x7a  Code  Gb  user_app_mem.o [1]
AppMem_Inc_Index_Send_1
                         0x800'953b   0x50  Code  Gb  user_app_mem.o [1]
AppMem_Inc_Index_Send_2
                         0x800'9595   0x52  Code  Gb  user_app_mem.o [1]
AppMem_Init              0x800'8cf5   0x4e  Code  Gb  user_app_mem.o [1]
AppMem_PowerOff_ExFlash
                         0x800'9633   0x26  Code  Gb  user_app_mem.o [1]
AppMem_PowerOn_ExFlash   0x800'965d   0x2a  Code  Gb  user_app_mem.o [1]
AppMem_Process_Resp_AT   0x800'9341   0x18  Code  Gb  user_app_mem.o [1]
AppMem_Push_Mess_To_Queue_Write
                         0x800'8fd7  0x10a  Code  Gb  user_app_mem.o [1]
AppMem_Push_To_Read_Queue
                         0x800'90e1   0x60  Code  Gb  user_app_mem.o [1]
AppMem_Set_Read_Resp_AT
                         0x800'9361   0xd0  Code  Gb  user_app_mem.o [1]
AppMem_Task              0x800'8c53   0xa2  Code  Gb  user_app_mem.o [1]
AppSim_GPS_Error         0x800'e461   0xa8  Code  Gb  user_app_sim.o [1]
AppSim_GPS_Extract_Lat_Long
                         0x800'e29d  0x196  Code  Gb  user_app_sim.o [1]
AppSim_GPS_OK            0x800'e187  0x116  Code  Gb  user_app_sim.o [1]
AppSim_Get_Data_From_Flash
                         0x800'e109   0x62  Code  Gb  user_app_sim.o [1]
AppSim_Get_Firmware_Version
                         0x800'e103    0x6  Code  Gb  user_app_sim.o [1]
AppSim_Init              0x800'dc59   0x28  Code  Gb  user_app_sim.o [1]
AppSim_Process_AT_Event
                         0x800'dd7d  0x100  Code  Gb  user_app_sim.o [1]
AppSim_Process_Downl_Mess
                         0x800'e015   0x52  Code  Gb  user_app_sim.o [1]
AppSim_Process_Sms       0x800'e067   0x18  Code  Gb  user_app_sim.o [1]
AppSim_Send_Mess         0x800'dd07   0x76  Code  Gb  user_app_sim.o [1]
AppSim_Start_Module_Sim
                         0x800'e509   0x18  Code  Gb  user_app_sim.o [1]
AppSim_Task              0x800'dc81   0x86  Code  Gb  user_app_sim.o [1]
AppSim_Unmark_Mess       0x800'e16b   0x1c  Code  Gb  user_app_sim.o [1]
AppUpdate_Task           0x800'fc21   0x84  Code  Gb  user_app_update.o [1]
Appmem_Check_Data_Read   0x800'9141   0x4a  Code  Gb  user_app_mem.o [1]
BusFault_Handler         0x801'7143    0x2  Code  Gb  stm32l1xx_it.o [1]
CAT24Mxx_Read_Array      0x801'3b29   0x78  Code  Gb  cat24mxx.o [1]
CAT24Mxx_Write_Array     0x801'3a09  0x120  Code  Gb  cat24mxx.o [1]
CSTACK$$Base            0x2000'4418          --   Gb  - Linker created -
CSTACK$$Limit           0x2000'4818          --   Gb  - Linker created -
Cal_Time                 0x800'5b6b   0x12  Code  Gb  user_util.o [1]
Calculator_Crc_U16       0x800'fbd7   0x4a  Code  Gb  user_app_update.o [1]
Calculator_Scale         0x800'f3a9   0x54  Code  Gb  user_app_inverter.o [1]
Calculator_Scale_IVT     0x800'f401   0x22  Code  Gb  user_app_inverter.o [1]
Cb_TX_Timer_Event        0x800'7a95   0x2c  Code  Lc  user_app_comm.o [1]
CheckList_AT_CONFIG      0x801'6850  0x350  Data  Gb  user_at_serial.o [1]
Check_AT_User            0x800'550d  0x1a8  Code  Gb  user_at_serial.o [1]
Check_CountBuffer_Complete_Uart
                         0x800'f431   0x84  Code  Gb  user_app_inverter.o [1]
Check_CountBuffer_Complete_Uart::Get_systick
                        0x2000'43c0    0x4  Data  Lc  user_app_inverter.o [1]
Check_CountBuffer_Complete_Uart::State_systick
                        0x2000'43e8    0x2  Data  Lc  user_app_inverter.o [1]
Check_CountBuffer_Complete_Uart::countBuffer_uart
                        0x2000'43e6    0x2  Data  Lc  user_app_inverter.o [1]
Check_Time_Out           0x800'5b4d   0x1e  Code  Gb  user_util.o [1]
Check_update_Time        0x800'7d2b   0x56  Code  Gb  user_time.o [1]
Connect_Packet          0x2000'0c0c   0x58  Data  Gb  user_mqtt.o [1]
Convert_Hex_To_String_Hex
                         0x800'5eb9   0x90  Code  Gb  user_util.o [1]
Convert_String_To_Dec    0x800'5e5b   0x5e  Code  Gb  user_util.o [1]
Convert_Uint64_To_StringDec
                         0x800'5b7d  0x128  Code  Gb  user_util.o [1]
Convert_sTime_ToGMT      0x800'7d81   0xb0  Code  Gb  user_time.o [1]
Copy_String              0x800'883f   0x5e  Code  Gb  user_string.o [1]
Copy_String_2            0x800'889d   0x36  Code  Gb  user_string.o [1]
DCU_Respond              0x800'59f7   0xe6  Code  Gb  user_modem.o [1]
DataConack_8a           0x2000'0558    0x4  Data  Lc  user_ec200u.o [1]
DataPuback_8a           0x2000'0560    0x4  Data  Lc  user_ec200u.o [1]
DataSuback_8a           0x2000'055c    0x4  Data  Lc  user_ec200u.o [1]
DaysInMonth              0x801'8894    0xc  Data  Lc  user_rtc.o [1]
DaysInMonth             0x2000'10b0    0xc  Data  Lc  user_time.o [1]
DaysInMonthLeapYear      0x801'88a0    0xc  Data  Lc  user_rtc.o [1]
DaysInMonthLeapYear     0x2000'10bc    0xc  Data  Lc  user_time.o [1]
DeInit_Uart_Sim_Rx_IT    0x800'a8d3    0x2  Code  Gb  user_uart.o [1]
DebugMon_Handler         0x801'7149    0x2  Code  Gb  stm32l1xx_it.o [1]
EC200U_Check_Step_Long_Timeout
                         0x800'c21f   0x32  Code  Gb  user_ec200u.o [1]
EC200U_Check_Step_Skip_Error
                         0x800'c2bd   0x3c  Code  Gb  user_ec200u.o [1]
EC200U_Get_AT_Cmd        0x800'c251    0xc  Code  Gb  user_ec200u.o [1]
EC200U_Get_Delay_2_AT    0x800'c25d   0x26  Code  Gb  user_ec200u.o [1]
EC200U_Is_Step_Check_URC
                         0x800'c283   0x3a  Code  Gb  user_ec200u.o [1]
Erase_Firmware           0x800'b219   0x1e  Code  Gb  onchipflash.o [1]
Error_Handler            0x801'10f5    0x4  Code  Gb  main.o [1]
ExEEPROM_Task            0x801'03db   0x84  Code  Gb  user_external_eeprom.o [1]
FLASH_PageErase          0x801'1435   0x22  Code  Gb  stm32l1xx_hal_flash_ex.o [1]
FLASH_SetErrorCode       0x801'138d   0x80  Code  Lc  stm32l1xx_hal_flash.o [1]
FLASH_WaitForLastOperation
                         0x801'1329   0x64  Code  Gb  stm32l1xx_hal_flash.o [1]
Find_String_V2           0x800'864f  0x130  Code  Gb  user_string.o [1]
Find_str_fix             0x800'87a1   0x9e  Code  Gb  user_string.o [1]
Flash_Get_Infor          0x800'b0f7   0x46  Code  Gb  user_internal_mem.o [1]
Get_File1_FTP            0x800'f971   0xc4  Code  Gb  user_app_update.o [1]
Get_File2_FTP            0x800'fa35  0x17e  Code  Gb  user_app_update.o [1]
Get_RTC                  0x800'7c5d   0x4e  Code  Gb  user_time.o [1]
Get_Size_File_FTP        0x800'f8c5   0xac  Code  Gb  user_app_update.o [1]
HAL_ADC_ConfigChannel    0x800'a65b  0x1d4  Code  Gb  stm32l1xx_hal_adc.o [1]
HAL_ADC_DeInit           0x800'a535  0x126  Code  Gb  stm32l1xx_hal_adc.o [1]
HAL_ADC_Init             0x800'a375  0x1c0  Code  Gb  stm32l1xx_hal_adc.o [1]
HAL_ADC_MspDeInit        0x801'0fc9   0x30  Code  Gb  adc.o [1]
HAL_ADC_MspInit          0x801'0f25   0xa4  Code  Gb  adc.o [1]
HAL_DBGMCU_DisableDBGSleepMode
                         0x801'38c9    0xc  Code  Gb  stm32l1xx_hal.o [1]
HAL_DBGMCU_DisableDBGStandbyMode
                         0x801'38e1    0xc  Code  Gb  stm32l1xx_hal.o [1]
HAL_DBGMCU_DisableDBGStopMode
                         0x801'38d5    0xc  Code  Gb  stm32l1xx_hal.o [1]
HAL_DMA_Abort            0x801'054d   0x54  Code  Gb  stm32l1xx_hal_dma.o [1]
HAL_DMA_Abort_IT         0x801'05a1   0x5e  Code  Gb  stm32l1xx_hal_dma.o [1]
HAL_Delay                0x800'f799   0x28  Code  Wk  stm32l1xx_hal.o [1]
HAL_FLASH_Lock           0x801'131b    0xe  Code  Gb  stm32l1xx_hal_flash.o [1]
[...]
_mSEND_HARDRS_MCU        0x801'201d   0x30  Code  Gb  user_mqtt.o [1]
_mSEND_RECONNECT_SERVER
                         0x801'1fed   0x30  Code  Gb  user_mqtt.o [1]
_mSEND_RESPOND_FROM_RF   0x801'23ff   0x5c  Code  Gb  user_mqtt.o [1]
_mSEND_RESPOND_SERVER    0x801'23a3   0x5c  Code  Gb  user_mqtt.o [1]
_mSEND_RESPOND_SERVER_ACK
                         0x801'245b   0x5c  Code  Gb  user_mqtt.o [1]
_mSEND_SAVE_BOK_OK       0x801'25d1   0x32  Code  Gb  user_mqtt.o [1]
_mSEND_SAVE_BOX_FAIL     0x801'259f   0x32  Code  Gb  user_mqtt.o [1]
_mSEND_SERVER_TIME_FAIL
                         0x801'256d   0x32  Code  Gb  user_mqtt.o [1]
_mSEND_SERVER_TIME_OK    0x801'253b   0x32  Code  Gb  user_mqtt.o [1]
_mSEND_SERVER_TIME_PENDING
                         0x801'2509   0x32  Code  Gb  user_mqtt.o [1]
_mSEND_SHUTTING_DOWN     0x801'1fbd   0x30  Code  Gb  user_mqtt.o [1]
_mSEND_SIM_ID            0x801'22f9   0x1a  Code  Gb  user_mqtt.o [1]
_mSEND_UPDATE_FIRM_FAIL
                         0x801'268d   0x8e  Code  Gb  user_mqtt.o [1]
_mSEND_UPDATE_FIRM_OK    0x801'2649   0x3e  Code  Gb  user_mqtt.o [1]
_main                    0x801'7a9b         Code  Gb  cmain.o [4]
_rClear_Data_InFlash     0x801'2959    0x2  Code  Gb  user_mqtt.o [1]
_rINTAN_DATA             0x801'273d    0x2  Code  Gb  user_mqtt.o [1]
_rREQUEST_RESET          0x801'271b    0xa  Code  Gb  user_mqtt.o [1]
_rREQ_AT_CMD             0x801'2885   0x18  Code  Gb  user_mqtt.o [1]
_rREQ_AT_TO_RF           0x801'28a1   0x18  Code  Gb  user_mqtt.o [1]
_rRESET_DATA             0x801'2869   0x1c  Code  Gb  user_mqtt.o [1]
_rUPDATE_FIRMWARE        0x801'28b9   0xa0  Code  Gb  user_mqtt.o [1]
_rUPDATE_TIME_SERVER     0x801'273f  0x12a  Code  Gb  user_mqtt.o [1]
aALRM_EMERGENCY         0x2000'31e8  0x400  Data  Gb  user_modem.o [1]
aAPN                    0x2000'0d40   0x20  Data  Gb  user_sim_common.o [1]
aAPN_DIAL_STRING        0x2000'0d60   0x20  Data  Gb  user_sim_common.o [1]
aAPN_PASSWORD           0x2000'0da0   0x20  Data  Gb  user_sim_common.o [1]
aAPN_USERNAME           0x2000'0d80   0x20  Data  Gb  user_sim_common.o [1]
aAT_CMD                 0x2000'3ae8  0x100  Data  Gb  user_modem.o [1]
aConfig_IVT_Flash       0x2000'4154   0x2c  Data  Gb  user_app_inverter.o [1]
aConfig_IVT_Receive     0x2000'437c    0x8  Data  Gb  user_app_inverter.o [1]
aDATA_CONFIG            0x2000'3d4c   0x80  Data  Gb  user_at_serial.o [1]
aDATA_EEPROM_READ       0x2000'37e8  0x100  Data  Lc  user_external_eeprom.o [1]
aDATA_FLASH_READ        0x2000'2de8  0x400  Data  Lc  user_external_flash.o [1]
aDATA_FLASH_SIM         0x2000'35e8  0x100  Data  Gb  user_app_sim.o [1]
aDATA_GPS               0x2000'36e8  0x100  Data  Gb  user_app_sim.o [1]
aDATA_MQTT              0x2000'1b28  0x4b0  Data  Gb  user_mqtt.o [1]
aDATA_READ              0x2000'38e8  0x100  Data  Lc  user_internal_mem.o [1]
aDCU_ID                 0x2000'0ab0   0x14  Data  Gb  user_modem.o [1]
aDefault_IVT_Receive    0x2000'4374    0x8  Data  Gb  user_app_inverter.o [1]
aFIRM_HTTP_URL          0x2000'0f48   0x50  Data  Gb  user_sim_common.o [1]
aFIRM_IP                0x2000'0ec8   0x20  Data  Gb  user_sim_common.o [1]
aFIRM_NAME              0x2000'0f28   0x20  Data  Gb  user_sim_common.o [1]
aFIRM_PATH              0x2000'0f08   0x20  Data  Gb  user_sim_common.o [1]
aFIRM_PORT              0x2000'0ee8   0x20  Data  Gb  user_sim_common.o [1]
aFlashCmd               0x2000'0714   0xb4  Data  Gb  user_external_flash.o [1]
aFlash_Erase_Chip_BlockCmd
                        0x2000'07f0   0x10  Data  Lc  user_external_flash.o [1]
aFlash_Erase_Sector_BlockCmd
                        0x2000'07c8   0x10  Data  Lc  user_external_flash.o [1]
aFlash_Read_Data_BlockCmd
                        0x2000'07ec    0x4  Data  Lc  user_external_flash.o [1]
aFlash_Write_Data_BlockCmd
                        0x2000'07d8   0x14  Data  Lc  user_external_flash.o [1]
aIP_SERVER_BACKUP       0x2000'0e44   0x28  Data  Gb  user_sim_common.o [1]
aIP_SERVER_MAIN         0x2000'0dc0   0x28  Data  Gb  user_sim_common.o [1]
aPASS_MQTT_BACKUP       0x2000'0ea0   0x28  Data  Gb  user_sim_common.o [1]
aPASS_MQTT_MAIN         0x2000'0e1c   0x28  Data  Gb  user_sim_common.o [1]
aPAYLOAD_MQTT           0x2000'1fd8  0x4b0  Data  Gb  user_mqtt.o [1]
aPORT_SERVER_BACKUP     0x2000'0e6c    0xc  Data  Gb  user_sim_common.o [1]
aPORT_SERVER_MAIN       0x2000'0de8    0xc  Data  Gb  user_sim_common.o [1]
aPublish_Header         0x2000'40ec   0x34  Data  Gb  user_mqtt.o [1]
aQFlashStepControl      0x2000'3e3c   0x64  Data  Lc  user_external_flash.o [1]
aQSimStepComtrol        0x2000'4120   0x34  Data  Lc  user_sim.o [1]
aRESPONDSE_AT           0x2000'39e8  0x100  Data  Gb  user_modem.o [1]
aRun_IVT_Receive        0x2000'4384    0x8  Data  Gb  user_app_inverter.o [1]
aSERIAL_MODULESIM       0x2000'431c   0x18  Data  Gb  user_sim_common.o [1]
aSIM_ID                 0x2000'0d28   0x18  Data  Gb  user_sim_common.o [1]
aSIM_STEP_PUBLISH       0x2000'0528    0x4  Data  Gb  user_ec200u.o [1]
aSIM_STEP_PUBLISH_FB    0x2000'052c    0x4  Data  Gb  user_ec200u.o [1]
aSimEC200UStep           0x801'5b50  0x870  Data  Gb  user_ec200u.o [1]
aSimStepBlockConnect    0x2000'051c    0xc  Data  Gb  user_ec200u.o [1]
aSimStepBlockDisConnect
                        0x2000'0530    0x4  Data  Gb  user_ec200u.o [1]
aSimStepBlockFtpGetSize
                        0x2000'10d4    0x1  Data  Gb  user_ec200u.o [1]
aSimStepBlockFtpInit    0x2000'054c    0xc  Data  Gb  user_ec200u.o [1]
aSimStepBlockFtpRead    0x2000'10d2    0x2  Data  Gb  user_ec200u.o [1]
aSimStepBlockHttpInit   0x2000'0534   0x14  Data  Gb  user_ec200u.o [1]
aSimStepBlockHttpRead   0x2000'10d0    0x2  Data  Gb  user_ec200u.o [1]
aSimStepBlockInit       0x2000'0500   0x10  Data  Gb  user_ec200u.o [1]
aSimStepBlockNework     0x2000'0510    0xc  Data  Gb  user_ec200u.o [1]
aSimStepBlockSMS        0x2000'0548    0x4  Data  Gb  user_ec200u.o [1]
aSimStepBlockStepCheckUrc
                        0x2000'10d5    0x1  Data  Gb  user_ec200u.o [1]
aSimUrc                  0x801'6f44   0xf0  Data  Gb  user_ec200u.o [1]
aSubcribe_Header        0x2000'40b8   0x34  Data  Gb  user_mqtt.o [1]
aUART_485_DATA          0x2000'4078   0x40  Data  Gb  user_app_inverter.o [1]
aUSER_MQTT_BACKUP       0x2000'0e78   0x28  Data  Gb  user_sim_common.o [1]
aUSER_MQTT_MAIN         0x2000'0df4   0x28  Data  Gb  user_sim_common.o [1]
at_callback_failure      0x800'b6df   0x14  Code  Lc  user_ec200u.o [1]
at_callback_success      0x800'b6d9    0x6  Code  Lc  user_ec200u.o [1]
eFlash_Check_Data_Init_Pos
                         0x800'd815   0x8e  Code  Gb  user_external_flash.o [1]
eFlash_Check_Pos_PartA   0x800'd8e5   0x9a  Code  Gb  user_external_flash.o [1]
eFlash_Check_Pos_PartA::MarkDefaultVar
                        0x2000'440a    0x1  Data  Lc  user_external_flash.o [1]
eFlash_Check_Pos_PartB   0x800'd9a5   0xca  Code  Gb  user_external_flash.o [1]
eFlash_Check_Pos_PartB::MarkDefaultVar
                        0x2000'440b    0x1  Data  Lc  user_external_flash.o [1]
eFlash_Check_Write_To_PartAB
                         0x800'd8bb    0x8  Code  Gb  user_external_flash.o [1]
eFlash_Default_Struct_Init_Pos
                         0x800'd6db   0x16  Code  Gb  user_external_flash.o [1]
eFlash_Get_Step_From_Queue
                         0x800'd439   0x36  Code  Gb  user_external_flash.o [1]
eFlash_Init              0x800'd2e9   0x58  Code  Gb  user_external_flash.o [1]
eFlash_Is_Queue_Read_Empty
                         0x800'd7e9   0x14  Code  Gb  user_external_flash.o [1]
eFlash_Is_Queue_Write_Empty
                         0x800'd7fd   0x14  Code  Gb  user_external_flash.o [1]
eFlash_Push_Block_To_Queue
                         0x800'd409   0x30  Code  Gb  user_external_flash.o [1]
eFlash_Push_Step_Erase_Chip
                         0x800'd6ff    0xe  Code  Gb  user_external_flash.o [1]
eFlash_Push_Step_Erase_Sector
                         0x800'd6f1    0xe  Code  Gb  user_external_flash.o [1]
eFlash_Push_Step_To_Queue
                         0x800'd3d3   0x36  Code  Gb  user_external_flash.o [1]
eFlash_S25FL_BufferRead
                         0x800'd653   0x88  Code  Gb  user_external_flash.o [1]
eFlash_S25FL_BufferWrite
                         0x800'd613   0x40  Code  Gb  user_external_flash.o [1]
eFlash_S25FL_CheckWriteEnable
                         0x800'd545   0x58  Code  Gb  user_external_flash.o [1]
eFlash_S25FL_Enable      0x800'd475   0x16  Code  Gb  user_external_flash.o [1]
eFlash_S25FL_Erase_Sector
                         0x800'd48b   0x66  Code  Gb  user_external_flash.o [1]
eFlash_S25FL_PageWrite   0x800'd59d   0x76  Code  Gb  user_external_flash.o [1]
eFlash_S25FL_WaitForWriteEnd
                         0x800'd4f1   0x54  Code  Gb  user_external_flash.o [1]
eFlash_Send_Address      0x800'd3c7    0xc  Code  Gb  user_external_flash.o [1]
eFlash_Send_To_Queue_Read
                         0x800'd8a3   0x18  Code  Gb  user_external_flash.o [1]
eFlash_Send_To_Queue_Write
                         0x800'd8c3   0x18  Code  Gb  user_external_flash.o [1]
eFlash_Setup_Init        0x800'd7d9   0x10  Code  Gb  user_external_flash.o [1]
eFlash_Status            0x800'd7d1    0x8  Code  Gb  user_external_flash.o [1]
eFlash_Task              0x800'd341   0x86  Code  Gb  user_external_flash.o [1]
eFlash_Test_Write        0x800'd70d   0xc4  Code  Gb  user_external_flash.o [1]
eFlash_Test_Write::Retry
                        0x2000'4409    0x1  Data  Lc  user_external_flash.o [1]
exit                     0x801'7aa3    0x4  Code  Gb  exit.o [2]
fPushBlockSimStepToQueue
                         0x800'67c7   0x30  Code  Gb  user_sim.o [1]
fPushSimStepToQueue      0x800'677f   0x48  Code  Gb  user_sim.o [1]
fevent_active            0x800'76af   0x1e  Code  Gb  event_driven.o [1]
fevent_disable           0x800'76f1   0x12  Code  Gb  event_driven.o [1]
fevent_enable            0x800'76cd   0x24  Code  Gb  event_driven.o [1]
fevent_sim_at_send_handler
                         0x800'62ad  0x100  Code  Lc  user_sim.o [1]
fevent_sim_at_send_ok_handler
                         0x800'63ad   0xf2  Code  Lc  user_sim.o [1]
fevent_sim_at_send_timeout_handler
                         0x800'649f   0x8c  Code  Lc  user_sim.o [1]
fevent_sim_dtr_pin_handler
                         0x800'66cb   0x28  Code  Lc  user_sim.o [1]
fevent_sim_dtr_pin_handler::DTR_PIN_Control_u8
                        0x2000'440f    0x1  Data  Lc  user_sim.o [1]
fevent_sim_hard_reset_handler
                         0x800'66b3   0x12  Code  Lc  user_sim.o [1]
fevent_sim_power_off_handler
                         0x800'66f3   0x8c  Code  Lc  user_sim.o [1]
fevent_sim_turn_on_handler
                         0x800'6593  0x120  Code  Lc  user_sim.o [1]
fevent_sim_uart_receive_handler
                         0x800'652b   0x68  Code  Lc  user_sim.o [1]
fevent_sim_uart_receive_handler::LastLengthRecv
                        0x2000'43ee    0x2  Data  Lc  user_sim.o [1]
fevent_sim_uart_receive_handler::MarkFirst
                        0x2000'440e    0x1  Data  Lc  user_sim.o [1]
fevent_sim_wake_up_handler
                         0x800'66c5    0x6  Code  Lc  user_sim.o [1]
frexp                    0x801'4415         Code  Gb  frexp.o [3]
frexpl                   0x801'4415         Code  Gb  frexp.o [3]
hadc                    0x2000'3ef8   0x54  Data  Gb  adc.o [1]
hi2c1                   0x2000'3f4c   0x54  Data  Gb  i2c.o [1]
hrtc                    0x2000'41a8   0x20  Data  Gb  rtc.o [1]
hspi2                   0x2000'3ea0   0x58  Data  Gb  spi.o [1]
huart1                  0x2000'3fa0   0x48  Data  Gb  usart.o [1]
huart2                  0x2000'3fe8   0x48  Data  Gb  usart.o [1]
huart3                  0x2000'4030   0x48  Data  Gb  usart.o [1]
ldexp                    0x801'44b5         Code  Gb  ldexp.o [3]
ldexpl                   0x801'44b5         Code  Gb  ldexp.o [3]
lnbias                   0x801'6430  0x420  Data  Lc  pow64.o [3]
mConnect_MQTT            0x801'2a39   0x46  Code  Gb  user_mqtt.o [1]
mData_MQTT               0x801'1a31   0x7a  Code  Gb  user_mqtt.o [1]
mInit_Header_Subcribe    0x801'295b   0xda  Code  Gb  user_mqtt.o [1]
mPayload_Load_MesErr     0x801'24d1   0x38  Code  Gb  user_mqtt.o [1]
mPayload_Update_Add      0x801'24b7   0x1a  Code  Gb  user_mqtt.o [1]
mPublish_MQTT            0x801'2a9f    0xa  Code  Gb  user_mqtt.o [1]
mSave_Index_Record       0x800'6245   0x2e  Code  Gb  user_modem_init.o [1]
mSend_Packet_MQTT        0x801'1a2f    0x2  Code  Gb  user_mqtt.o [1]
mSet_default_MQTT        0x801'1985   0x18  Code  Gb  user_mqtt.o [1]
mSubcribe_MQTT           0x801'2a7f   0x20  Code  Gb  user_mqtt.o [1]
main                     0x801'1015   0x32  Code  Gb  main.o [1]
memset                   0x800'fcf9   0x14  Code  Gb  memset.o [4]
pFlash                  0x2000'41e4   0x18  Data  Gb  stm32l1xx_hal_flash.o [1]
pFunc_Log_To_Mem        0x2000'43dc    0x4  Data  Gb  user_util.o [1]
pModemProcessIRQTimer   0x2000'43c8    0x4  Data  Gb  user_rtc.o [1]
pow                      0x801'2e15  0x6d0  Code  Gb  pow64.o [3]
powl                     0x801'2e15  0x6d0  Code  Gb  pow64.o [3]
qCopy_Data_From_Queue    0x800'cc05   0x60  Code  Lc  queue_p.o [1]
qCopy_Data_To_Queue      0x800'cb8d   0x78  Code  Lc  queue_p.o [1]
qExEEPROMRead           0x2000'4214   0x18  Data  Gb  user_external_eeprom.o [1]
qExEEPROMWrite          0x2000'422c   0x18  Data  Gb  user_external_eeprom.o [1]
qFlashRead              0x2000'425c   0x18  Data  Gb  user_external_flash.o [1]
qFlashStep              0x2000'4244   0x18  Data  Gb  user_external_flash.o [1]
qFlashWrite             0x2000'4274   0x18  Data  Gb  user_external_flash.o [1]
qGet_Number_Items        0x800'cc65    0x4  Code  Gb  queue_p.o [1]
qOnFlashRead            0x2000'428c   0x18  Data  Gb  user_internal_mem.o [1]
qOnFlashWrite           0x2000'42a4   0x18  Data  Gb  user_internal_mem.o [1]
qQueue_Back_Item         0x800'cc69   0x54  Code  Gb  queue_p.o [1]
qQueue_Clear             0x800'cb33    0xe  Code  Gb  queue_p.o [1]
qQueue_Create            0x800'cb05   0x2e  Code  Gb  queue_p.o [1]
qQueue_Receive           0x800'cb6b   0x22  Code  Gb  queue_p.o [1]
qQueue_Send              0x800'cb41   0x2a  Code  Gb  queue_p.o [1]
qSimStep                0x2000'4304   0x18  Data  Gb  user_sim.o [1]
read_flash_IVT_u8       0x2000'43f6    0x1  Data  Gb  user_app_inverter.o [1]
sAppMem                 0x2000'4334   0x10  Data  Gb  user_app_mem.o [1]
sAppSimVar              0x2000'0000  0x290  Data  Gb  user_app_sim.o [1]
sCheck_Config_485_Inverter
                        0x2000'43ac    0x4  Data  Gb  user_app_inverter.o [1]
sConfig_IVT             0x2000'0354   0x18  Data  Gb  user_app_inverter.o [1]
sDefault_485_Inverter   0x2000'438c    0x8  Data  Gb  user_app_inverter.o [1]
sEventAppComm           0x2000'029c   0x60  Data  Gb  user_app_comm.o [1]
sEventAppIVT            0x2000'0304   0x50  Data  Gb  user_app_inverter.o [1]
sEventAppMem            0x2000'0404   0x60  Data  Gb  user_app_mem.o [1]
sEventAppSim            0x2000'0464   0x40  Data  Gb  user_app_sim.o [1]
sEventAppUpdate         0x2000'04bc   0x30  Data  Gb  user_app_update.o [1]
sEventExEEPROM          0x2000'0564   0x30  Data  Gb  user_external_eeprom.o [1]
sEventExFlash           0x2000'06d4   0x40  Data  Gb  user_external_flash.o [1]
sEventOnChipFlash       0x2000'0940   0x30  Data  Gb  user_internal_mem.o [1]
sEventSim               0x2000'0c64   0x90  Data  Gb  user_sim.o [1]
sExEEPROM               0x2000'0594  0x140  Data  Gb  user_external_eeprom.o [1]
sExFlash                0x2000'0800  0x140  Data  Gb  user_external_flash.o [1]
sExFlashInit            0x2000'4344    0xc  Data  Gb  user_external_flash.o [1]
sFROM_Manager           0x2000'43a4    0x4  Data  Gb  cat24mxx.o [1]
sFileSys                0x2000'106c   0x44  Data  Gb  user_sim_common.o [1]
sFirmVersion            0x2000'02fc    0x8  Data  Gb  user_app_comm.o [1]
sFreqInfor              0x2000'0bf0    0xc  Data  Gb  user_modem.o [1]
sFuncCBModem            0x2000'43cc    0x4  Data  Gb  user_sim.o [1]
sIVT_Recv               0x2000'0374   0x28  Data  Gb  user_app_inverter.o [1]
sLPMFeatureHandler      0x2000'43c4    0x4  Data  Gb  user_lpm.o [1]
sMQTT                   0x2000'3be8   0xc4  Data  Gb  user_mqtt.o [1]
sMark_DCU_Type           0x801'63c0   0x6c  Data  Gb  user_mqtt.o [1]
sMark_MessageRecei_Type
                         0x801'7034   0x90  Data  Gb  user_mqtt.o [1]
sMark_MessageSend_Type   0x801'6d94  0x1b0  Data  Gb  user_mqtt.o [1]
sModem                  0x2000'0ba4   0x4c  Data  Gb  user_modem.o [1]
sModemCallBackToSimHandler
                        0x2000'04a4   0x18  Data  Gb  user_app_sim.o [1]
sModemLPMHandler        0x2000'0bfc   0x10  Data  Gb  user_modem.o [1]
sOnFlash                0x2000'0970  0x140  Data  Gb  user_internal_mem.o [1]
sParam_ExFlash          0x2000'04ec    0x8  Data  Gb  user_app_update.o [1]
sParam_IVT              0x2000'036c    0x8  Data  Gb  user_app_inverter.o [1]
sParam_Update           0x2000'04f4    0xc  Data  Gb  user_app_update.o [1]
sQFlashRead             0x2000'3cac   0xa0  Data  Lc  user_external_flash.o [1]
sQFlashWrite            0x2000'10d8  0xa50  Data  Lc  user_external_flash.o [1]
sRTC                    0x2000'4368    0xc  Data  Gb  user_util.o [1]
sRTCSet                 0x2000'4350    0xc  Data  Gb  user_modem.o [1]
sRecEvent               0x2000'0afc   0x38  Data  Gb  user_modem.o [1]
sRecGPS                 0x2000'0b6c   0x38  Data  Gb  user_modem.o [1]
sRecLog                 0x2000'0b34   0x38  Data  Gb  user_modem.o [1]
sRecTSVH                0x2000'0ac4   0x38  Data  Gb  user_modem.o [1]
sRun_Stop_485_Inverter  0x2000'4394    0x8  Data  Gb  user_app_inverter.o [1]
sSimCallBackHandler     0x2000'0d18   0x10  Data  Gb  user_sim.o [1]
sSimCommFuncCallBack    0x2000'43d0    0x4  Data  Gb  user_sim_common.o [1]
sSimCommon              0x2000'3dcc   0x70  Data  Gb  user_sim_common.o [1]
sSimFwUpdate            0x2000'101c   0x50  Data  Gb  user_sim_common.o [1]
sSimInfor               0x2000'0f98   0x84  Data  Gb  user_sim_common.o [1]
sSimVar                 0x2000'0cfc   0x1c  Data  Gb  user_sim.o [1]
sTempHumi               0x2000'039c   0x54  Data  Gb  user_app_inverter.o [1]
sUart485                0x2000'03f0    0x8  Data  Gb  user_app_inverter.o [1]
sUartDebug              0x2000'10c8    0x8  Data  Gb  user_uart.o [1]
sUartSim                0x2000'0cf4    0x8  Data  Gb  user_sim.o [1]
sUpdate_Firmware        0x2000'439c    0x8  Data  Gb  user_app_update.o [1]
scalbln                  0x801'44b5         Code  Gb  ldexp.o [3]
scalblnl                 0x801'44b5         Code  Gb  ldexp.o [3]
scalbn                   0x801'44b5         Code  Gb  ldexp.o [3]
scalbnl                  0x801'44b5         Code  Gb  ldexp.o [3]
strchr                   0x801'3fe1         Code  Gb  strchr.o [4]
strlen                   0x800'ae55         Code  Gb  strlen.o [4]
strstr                   0x801'1461   0x2c  Code  Gb  strstr.o [2]
topicString             0x2000'435c    0xc  Data  Gb  user_mqtt.o [1]
uartSimBuffReceive      0x2000'2488  0x4b0  Data  Gb  user_sim.o [1]
uwTick                  0x2000'43a8    0x4  Data  Gb  stm32l1xx_hal.o [1]
uwTickFreq              0x2000'0294    0x4  Data  Gb  stm32l1xx_hal.o [1]
uwTickPrio              0x2000'0290    0x4  Data  Gb  stm32l1xx_hal.o [1]
writeCString             0x801'5ab9   0x34  Code  Gb  MQTTPacket.o [1]
writeChar                0x801'5a83    0xc  Code  Gb  MQTTPacket.o [1]
writeInt                 0x801'5a8f   0x2a  Code  Gb  MQTTPacket.o [1]
writeMQTTString          0x801'5aed   0x46  Code  Gb  MQTTPacket.o [1]


[1] = D:\Project_STM32\Saoviet_Container\EWARM\GSM_Container\Obj
[2] = dl7M_tlf.a
[3] = m7M_tl.a
[4] = rt7M_tl.a
[5] = shb_l.a

  74'618 bytes of readonly  code memory
  12'898 bytes of readonly  data memory
  18'450 bytes of readwrite data memory

Errors: none
Warnings: none
