###############################################################################
#
# IAR ELF Linker V8.40.2.214/W32 for ARM                  12/Jul/2023  15:32:35
# Copyright 2007-2019 IAR Systems AB.
#
#    Output file  =
#        D:\Project_STM32\Saoviet_Container\EWARM\GSM_Container\Exe\GSM_Container.out.tmp
#    Map file     =
#        D:\Project_STM32\Saoviet_Container\EWARM\GSM_Container\List\GSM_Container.map
#    Command line =
#        -f C:\Users\PC\AppData\Local\Temp\EWC170.tmp
#        (D:\Project_STM32\Saoviet_Container\EWARM\GSM_Container\Obj\adc.o
#        D:\Project_STM32\Saoviet_Container\EWARM\GSM_Container\Obj\cat24mxx.o
#        D:\Project_STM32\Saoviet_Container\EWARM\GSM_Container\Obj\event_driven.o
#        D:\Project_STM32\Saoviet_Container\EWARM\GSM_Container\Obj\gpio.o
#        D:\Project_STM32\Saoviet_Container\EWARM\GSM_Container\Obj\i2c.o
#        D:\Project_STM32\Saoviet_Container\EWARM\GSM_Container\Obj\main.o
#        D:\Project_STM32\Saoviet_Container\EWARM\GSM_Container\Obj\MQTTConnectClient.o
#        D:\Project_STM32\Saoviet_Container\EWARM\GSM_Container\Obj\MQTTConnectServer.o
#        D:\Project_STM32\Saoviet_Container\EWARM\GSM_Container\Obj\MQTTDeserializePublish.o
#        D:\Project_STM32\Saoviet_Container\EWARM\GSM_Container\Obj\MQTTFormat.o
#        D:\Project_STM32\Saoviet_Container\EWARM\GSM_Container\Obj\MQTTPacket.o
#        D:\Project_STM32\Saoviet_Container\EWARM\GSM_Container\Obj\MQTTSerializePublish.o
#        D:\Project_STM32\Saoviet_Container\EWARM\GSM_Container\Obj\MQTTSubscribeClient.o
#        D:\Project_STM32\Saoviet_Container\EWARM\GSM_Container\Obj\MQTTSubscribeServer.o
#        D:\Project_STM32\Saoviet_Container\EWARM\GSM_Container\Obj\MQTTUnsubscribeClient.o
#        D:\Project_STM32\Saoviet_Container\EWARM\GSM_Container\Obj\MQTTUnsubscribeServer.o
#        D:\Project_STM32\Saoviet_Container\EWARM\GSM_Container\Obj\onchipflash.o
#        D:\Project_STM32\Saoviet_Container\EWARM\GSM_Container\Obj\queue_p.o
#        D:\Project_STM32\Saoviet_Container\EWARM\GSM_Container\Obj\rtc.o
#        D:\Project_STM32\Saoviet_Container\EWARM\GSM_Container\Obj\S25FL216K.o
#        D:\Project_STM32\Saoviet_Container\EWARM\GSM_Container\Obj\spi.o
#        D:\Project_STM32\Saoviet_Container\EWARM\GSM_Container\Obj\startup_stm32l151xc.o
#        D:\Project_STM32\Saoviet_Container\EWARM\GSM_Container\Obj\stm32l1xx_hal.o
#        D:\Project_STM32\Saoviet_Container\EWARM\GSM_Container\Obj\stm32l1xx_hal_adc.o
#        D:\Project_STM32\Saoviet_Container\EWARM\GSM_Container\Obj\stm32l1xx_hal_adc_ex.o
#        D:\Project_STM32\Saoviet_Container\EWARM\GSM_Container\Obj\stm32l1xx_hal_cortex.o
#        D:\Project_STM32\Saoviet_Container\EWARM\GSM_Container\Obj\stm32l1xx_hal_dma.o
#        D:\Project_STM32\Saoviet_Container\EWARM\GSM_Container\Obj\stm32l1xx_hal_exti.o
#        D:\Project_STM32\Saoviet_Container\EWARM\GSM_Container\Obj\stm32l1xx_hal_flash.o
#        D:\Project_STM32\Saoviet_Container\EWARM\GSM_Container\Obj\stm32l1xx_hal_flash_ex.o
#        D:\Project_STM32\Saoviet_Container\EWARM\GSM_Container\Obj\stm32l1xx_hal_flash_ramfunc.o
#        D:\Project_STM32\Saoviet_Container\EWARM\GSM_Container\Obj\stm32l1xx_hal_gpio.o
#        D:\Project_STM32\Saoviet_Container\EWARM\GSM_Container\Obj\stm32l1xx_hal_i2c.o
#        D:\Project_STM32\Saoviet_Container\EWARM\GSM_Container\Obj\stm32l1xx_hal_msp.o
#        D:\Project_STM32\Saoviet_Container\EWARM\GSM_Container\Obj\stm32l1xx_hal_pwr.o
#        D:\Project_STM32\Saoviet_Container\EWARM\GSM_Container\Obj\stm32l1xx_hal_pwr_ex.o
#        D:\Project_STM32\Saoviet_Container\EWARM\GSM_Container\Obj\stm32l1xx_hal_rcc.o
#        D:\Project_STM32\Saoviet_Container\EWARM\GSM_Container\Obj\stm32l1xx_hal_rcc_ex.o
#        D:\Project_STM32\Saoviet_Container\EWARM\GSM_Container\Obj\stm32l1xx_hal_rtc.o
#        D:\Project_STM32\Saoviet_Container\EWARM\GSM_Container\Obj\stm32l1xx_hal_rtc_ex.o
#        D:\Project_STM32\Saoviet_Container\EWARM\GSM_Container\Obj\stm32l1xx_hal_spi.o
#        D:\Project_STM32\Saoviet_Container\EWARM\GSM_Container\Obj\stm32l1xx_hal_tim.o
#        D:\Project_STM32\Saoviet_Container\EWARM\GSM_Container\Obj\stm32l1xx_hal_tim_ex.o
#        D:\Project_STM32\Saoviet_Container\EWARM\GSM_Container\Obj\stm32l1xx_hal_uart.o
#        D:\Project_STM32\Saoviet_Container\EWARM\GSM_Container\Obj\stm32l1xx_it.o
#        D:\Project_STM32\Saoviet_Container\EWARM\GSM_Container\Obj\system_stm32l1xx.o
#        D:\Project_STM32\Saoviet_Container\EWARM\GSM_Container\Obj\usart.o
#        D:\Project_STM32\Saoviet_Container\EWARM\GSM_Container\Obj\user_adc.o
#        D:\Project_STM32\Saoviet_Container\EWARM\GSM_Container\Obj\user_app_comm.o
#        D:\Project_STM32\Saoviet_Container\EWARM\GSM_Container\Obj\user_app_inverter.o
#        D:\Project_STM32\Saoviet_Container\EWARM\GSM_Container\Obj\user_app_mem.o
#        D:\Project_STM32\Saoviet_Container\EWARM\GSM_Container\Obj\user_app_sim.o
#        D:\Project_STM32\Saoviet_Container\EWARM\GSM_Container\Obj\user_app_update.o
#        D:\Project_STM32\Saoviet_Container\EWARM\GSM_Container\Obj\user_at_serial.o
#        D:\Project_STM32\Saoviet_Container\EWARM\GSM_Container\Obj\user_ec200u.o
#        D:\Project_STM32\Saoviet_Container\EWARM\GSM_Container\Obj\user_external_eeprom.o
#        D:\Project_STM32\Saoviet_Container\EWARM\GSM_Container\Obj\user_external_flash.o
#        D:\Project_STM32\Saoviet_Container\EWARM\GSM_Container\Obj\user_internal_mem.o
#        D:\Project_STM32\Saoviet_Container\EWARM\GSM_Container\Obj\user_log.o
#        D:\Project_STM32\Saoviet_Container\EWARM\GSM_Container\Obj\user_lpm.o
#        D:\Project_STM32\Saoviet_Container\EWARM\GSM_Container\Obj\user_modbus_rtu.o
#        D:\Project_STM32\Saoviet_Container\EWARM\GSM_Container\Obj\user_modem.o
#        D:\Project_STM32\Saoviet_Container\EWARM\GSM_Container\Obj\user_modem_init.o
#        D:\Project_STM32\Saoviet_Container\EWARM\GSM_Container\Obj\user_mqtt.o
#        D:\Project_STM32\Saoviet_Container\EWARM\GSM_Container\Obj\user_obis_sv.o
#        D:\Project_STM32\Saoviet_Container\EWARM\GSM_Container\Obj\user_rtc.o
#        D:\Project_STM32\Saoviet_Container\EWARM\GSM_Container\Obj\user_sim.o
#        D:\Project_STM32\Saoviet_Container\EWARM\GSM_Container\Obj\user_sim_common.o
#        D:\Project_STM32\Saoviet_Container\EWARM\GSM_Container\Obj\user_string.o
#        D:\Project_STM32\Saoviet_Container\EWARM\GSM_Container\Obj\user_time.o
#        D:\Project_STM32\Saoviet_Container\EWARM\GSM_Container\Obj\user_timer.o
#        D:\Project_STM32\Saoviet_Container\EWARM\GSM_Container\Obj\user_uart.o
#        D:\Project_STM32\Saoviet_Container\EWARM\GSM_Container\Obj\user_util.o
#        --no_out_extension -o
#        D:\Project_STM32\Saoviet_Container\EWARM\GSM_Container\Exe\GSM_Container.out.tmp
#        --redirect _Printf=_PrintfFullNoMb --redirect _Scanf=_ScanfFullNoMb
#        --map
#        D:\Project_STM32\Saoviet_Container\EWARM\GSM_Container\List\GSM_Container.map
#        --config
#        D:\Project_STM32\Saoviet_Container\EWARM/stm32l151xc_flash.icf
#        --semihosting --entry __iar_program_start --vfe --text_out locale)
#
###############################################################################

*******************************************************************************
*** RUNTIME MODEL ATTRIBUTES
***

CppFlavor       = *
__SystemLibrary = DLib
__dlib_version  = 6


*******************************************************************************
*** HEAP SELECTION
***

The basic heap was selected because no calls to memory allocation
functions were found in the application outside of system library
functions, and there are calls to deallocation functions in the
application.


*******************************************************************************
*** PLACEMENT SUMMARY
***

"A0":  place at address 0x800'3c00 { ro section .intvec };
"P1":  place in [from 0x800'3c00 to 0x803'ffff] { ro };
define block CSTACK with size = 1K, alignment = 8 { };
define block HEAP with size = 512, alignment = 8 { };
"P2":  place in [from 0x2000'0000 to 0x2000'7fff] {
          rw, block CSTACK, block HEAP };
initialize by copy { rw };

  Section            Kind         Address      Size  Object
  -------            ----         -------      ----  ------
"A0":                                         0x124
  .intvec            ro code   0x800'3c00     0x124  startup_stm32l151xc.o [1]
                             - 0x800'3d24     0x124

"P1":                                      0x1'53b0
  .text              ro code   0x800'3d24    0x1c0c  user_at_serial.o [1]
  .text              ro code   0x800'5930     0x204  user_modem.o [1]
  .text              ro code   0x800'5b34     0x570  user_util.o [1]
  .text              ro code   0x800'60a4     0x1ac  user_modem_init.o [1]
  .text              ro code   0x800'6250    0x139c  user_sim.o [1]
  .text              ro code   0x800'75ec      0x14  memset.o [4]
  .text              ro code   0x800'7600      0x54  event_driven.o [1]
  .text              ro code   0x800'7654     0x4b0  user_app_comm.o [1]
  .text              ro code   0x800'7b04      0xa6  ABImemcpy.o [4]
  .text              ro code   0x800'7baa      0x3a  zero_init3.o [4]
  .text              ro code   0x800'7be4     0x29c  user_time.o [1]
  .text              ro code   0x800'7e80     0x756  stm32l1xx_hal_rtc.o [1]
  .text              ro code   0x800'85d6     0x284  user_string.o [1]
  .rodata            const     0x800'885a       0x2  user_ec200u.o [1]
  .text              ro code   0x800'885c     0xe3c  user_app_mem.o [1]
  .text              ro code   0x800'9698    0x1100  user_app_inverter.o [1]
  .text              ro code   0x800'a798     0x394  stm32l1xx_hal_gpio.o [1]
  .text              ro code   0x800'ab2c     0x8cc  stm32l1xx_hal_uart.o [1]
  .text              ro code   0x800'b3f8       0x2  user_adc.o [1]
  .rodata            const     0x800'b3fa       0x2  user_ec200u.o [1]
  .text              ro code   0x800'b3fc     0x534  stm32l1xx_hal_adc.o [1]
  .text              ro code   0x800'b930     0x114  user_uart.o [1]
  .text              ro code   0x800'ba44     0x268  usart.o [1]
  .text              ro code   0x800'bcac      0x66  ABImemset.o [4]
  .text              ro code   0x800'bd14     0x230  I64DivMod.o [4]
  .text              ro code   0x800'bf44      0x36  strlen.o [4]
  .text              ro code   0x800'bf7c     0x2d0  user_internal_mem.o [1]
  .text              ro code   0x800'c24c     0x1b8  onchipflash.o [1]
  .text              ro code   0x800'c404     0x3c4  user_timer.o [1]
  .text              ro code   0x800'c7c8     0xc68  user_ec200u.o [1]
  .text              ro code   0x800'd430     0x7c4  user_sim_common.o [1]
  .text              ro code   0x800'dbf4     0x1b8  queue_p.o [1]
  .text              ro code   0x800'ddac       0xc  stm32l1xx_hal.o [1]
  .text              ro code   0x800'ddb8     0xe30  user_external_flash.o [1]
  .text              ro code   0x800'ebe8     0xa80  user_app_sim.o [1]
  .text              ro code   0x800'f668     0x184  user_lpm.o [1]
  .text              ro code   0x800'f7ec      0x28  stm32l1xx_hal.o [1]
  .text              ro code   0x800'f814     0x468  user_app_update.o [1]
  .text              ro code   0x800'fc7c      0x2c  rtc.o [1]
  .text              ro code   0x800'fca8     0x3a8  user_rtc.o [1]
  .text              ro code   0x801'0050       0x2  stm32l1xx_hal_rtc_ex.o [1]
  .text              ro code   0x801'0054     0x3ac  user_external_eeprom.o [1]
  .text              ro code   0x801'0400      0xbc  spi.o [1]
  .text              ro code   0x801'04bc      0xd8  user_modbus_rtu.o [1]
  .text              ro code   0x801'0594      0xb2  stm32l1xx_hal_dma.o [1]
  .text              ro code   0x801'0646       0x2  stm32l1xx_hal_uart.o [1]
  .text              ro code   0x801'0648       0x2  stm32l1xx_hal_uart.o [1]
  .text              ro code   0x801'064a       0x2  stm32l1xx_hal_uart.o [1]
  .text              ro code   0x801'064c     0x86c  stm32l1xx_hal_rcc.o [1]
  .text              ro code   0x801'0eb8     0x1a4  adc.o [1]
  .text              ro code   0x801'105c      0xe4  main.o [1]
  .text              ro code   0x801'1140     0x190  stm32l1xx_hal_cortex.o [1]
  .text              ro code   0x801'12d0       0x2  I64DivZer.o [4]
  .text              ro code   0x801'12d4     0x1a8  stm32l1xx_hal_flash.o [1]
  .text              ro code   0x801'147c      0x2c  stm32l1xx_hal_flash_ex.o [1]
  .text              ro code   0x801'14a8      0x2c  strstr.o [2]
  .text              ro code   0x801'14d4      0x92  S25FL216K.o [1]
  .text              ro code   0x801'1568     0x464  stm32l1xx_hal_spi.o [1]
  .text              ro code   0x801'19cc    0x1468  user_mqtt.o [1]
  .text              ro code   0x801'2e34       0x6  ABImemclr4.o [4]
  .text              ro code   0x801'2e3c      0x1a  U32ToDbl.o [3]
  .text              ro code   0x801'2e58     0x758  pow64.o [3]
  .text              ro code   0x801'35b0     0x246  DblDiv.o [3]
  .text              ro code   0x801'37f8      0x54  stm32l1xx_hal_pwr_ex.o [1]
  .text              ro code   0x801'384c      0x7c  stm32l1xx_hal_pwr.o [1]
  .text              ro code   0x801'38c8      0x10  stm32l1xx_hal.o [1]
  .text              ro code   0x801'38d8      0x10  stm32l1xx_hal.o [1]
  .text              ro code   0x801'38e8      0x4c  stm32l1xx_hal.o [1]
  .text              ro code   0x801'3934      0x3e  stm32l1xx_hal_rtc_ex.o [1]
  .text              ro code   0x801'3974     0x1a0  cat24mxx.o [1]
  .text              ro code   0x801'3b14      0x60  stm32l1xx_hal.o [1]
  .text              ro code   0x801'3b74     0x1c8  gpio.o [1]
  .text              ro code   0x801'3d3c      0xb0  i2c.o [1]
  .text              ro code   0x801'3dec     0x160  stm32l1xx_hal_rcc_ex.o [1]
  .text              ro code   0x801'3f4c      0x16  strchr.o [4]
  .text              ro code   0x801'3f64      0xe0  MQTTSerializePublish.o [1]
  .text              ro code   0x801'4044      0xe8  MQTTSubscribeClient.o [1]
  .text              ro code   0x801'412c     0x200  MQTTConnectClient.o [1]
  .text              ro code   0x801'432c      0x32  ABImemset48.o [4]
  .text              ro code   0x801'4360      0x20  DblCmpEq.o [3]
  .text              ro code   0x801'4380      0x70  frexp.o [3]
  .text              ro code   0x801'43f0      0x2e  DblCmpLe.o [3]
  .text              ro code   0x801'4420     0x13a  ldexp.o [3]
  .text              ro code   0x801'455c     0x1a2  DblMul.o [3]
  .text              ro code   0x801'4700     0x17a  DblAdd.o [3]
  .text              ro code   0x801'487c      0x3a  DblToS32.o [3]
  .text              ro code   0x801'48b8      0x22  S32ToDbl.o [3]
  .text              ro code   0x801'48dc      0xe2  DblSub.o [3]
  .text              ro code   0x801'49c0      0x2e  DblCmpGe.o [3]
  .text              ro code   0x801'49f0     0x374  iar_Exp64.o [3]
  .text              ro code   0x801'4d64      0x48  stm32l1xx_hal_msp.o [1]
  .text              ro code   0x801'4dac     0xbf2  stm32l1xx_hal_i2c.o [1]
  .text              ro code   0x801'59a0     0x11c  MQTTPacket.o [1]
  .rodata            const     0x801'5abc     0x870  user_ec200u.o [1]
  .rodata            const     0x801'6330     0x420  pow64.o [3]
  .rodata            const     0x801'6750     0x350  user_at_serial.o [1]
  .text              ro code   0x801'6aa0     0x1f0  user_log.o [1]
  .rodata            const     0x801'6c90     0x1b0  user_mqtt.o [1]
  .rodata            const     0x801'6e40      0xf0  user_ec200u.o [1]
  .rodata            const     0x801'6f30      0x90  user_mqtt.o [1]
  .text              ro code   0x801'6fc0      0x78  lz77_init_single.o [4]
  .rodata            const     0x801'7038      0x6c  user_mqtt.o [1]
  .text              ro code   0x801'70a4      0x5c  stm32l1xx_it.o [1]
  .text              ro code   0x801'7100      0x18  stm32l1xx_hal.o [1]
  .rodata            const     0x801'7118      0x2c  user_ec200u.o [1]
  .rodata            const     0x801'7144      0x2c  user_rtc.o [1]
  .rodata            const     0x801'7170      0x28  user_app_mem.o [1]
  .rodata            const     0x801'7198      0x28  user_app_mem.o [1]
  .rodata            const     0x801'71c0      0x28  user_ec200u.o [1]
  .rodata            const     0x801'71e8      0x28  user_ec200u.o [1]
  .rodata            const     0x801'7210      0x28  user_external_eeprom.o [1]
  .rodata            const     0x801'7238      0x28  user_external_eeprom.o [1]
  .rodata            const     0x801'7260      0x28  user_external_eeprom.o [1]
  .rodata            const     0x801'7288      0x28  user_external_flash.o [1]
  .rodata            const     0x801'72b0      0x28  user_external_flash.o [1]
  .rodata            const     0x801'72d8      0x28  user_external_flash.o [1]
  .rodata            const     0x801'7300      0x28  user_external_flash.o [1]
  .rodata            const     0x801'7328      0x28  user_external_flash.o [1]
  .rodata            const     0x801'7350      0x28  user_external_flash.o [1]
  .rodata            const     0x801'7378      0x28  user_internal_mem.o [1]
  .rodata            const     0x801'73a0      0x28  user_internal_mem.o [1]
  .rodata            const     0x801'73c8      0x28  user_internal_mem.o [1]
  .text              ro code   0x801'73f0      0x28  data_init.o [4]
  .rodata            const     0x801'7418      0x24  user_app_inverter.o [1]
  .rodata            const     0x801'743c      0x24  user_app_mem.o [1]
  .rodata            const     0x801'7460      0x24  user_app_mem.o [1]
  .rodata            const     0x801'7484      0x24  user_app_mem.o [1]
  .rodata            const     0x801'74a8      0x24  user_app_mem.o [1]
  .rodata            const     0x801'74cc      0x24  user_app_mem.o [1]
  .rodata            const     0x801'74f0      0x24  user_app_mem.o [1]
  .rodata            const     0x801'7514      0x24  user_app_mem.o [1]
  .rodata            const     0x801'7538      0x24  user_app_mem.o [1]
  .rodata            const     0x801'755c      0x24  user_app_mem.o [1]
  .rodata            const     0x801'7580      0x24  user_app_mem.o [1]
  .rodata            const     0x801'75a4      0x24  user_app_mem.o [1]
  .rodata            const     0x801'75c8      0x24  user_app_mem.o [1]
  .rodata            const     0x801'75ec      0x24  user_app_mem.o [1]
  .rodata            const     0x801'7610      0x24  user_app_mem.o [1]
  .rodata            const     0x801'7634      0x24  user_app_mem.o [1]
  .rodata            const     0x801'7658      0x24  user_app_mem.o [1]
  .rodata            const     0x801'767c      0x24  user_app_mem.o [1]
  .rodata            const     0x801'76a0      0x24  user_app_mem.o [1]
  .rodata            const     0x801'76c4      0x24  user_app_mem.o [1]
  .rodata            const     0x801'76e8      0x24  user_app_mem.o [1]
  .rodata            const     0x801'770c      0x24  user_app_mem.o [1]
  .rodata            const     0x801'7730      0x24  user_app_mem.o [1]
  .rodata            const     0x801'7754      0x24  user_external_eeprom.o [1]
  .rodata            const     0x801'7778      0x24  user_external_eeprom.o [1]
  .rodata            const     0x801'779c      0x24  user_external_flash.o [1]
  .rodata            const     0x801'77c0      0x24  user_external_flash.o [1]
  .rodata            const     0x801'77e4      0x24  user_mqtt.o [1]
  .iar.init_table    const     0x801'7808      0x20  - Linker created -
  .rodata            const     0x801'7828      0x20  user_app_mem.o [1]
  .rodata            const     0x801'7848      0x20  user_app_sim.o [1]
  .rodata            const     0x801'7868      0x20  user_at_serial.o [1]
  .rodata            const     0x801'7888      0x20  user_ec200u.o [1]
  .rodata            const     0x801'78a8      0x20  user_ec200u.o [1]
  .rodata            const     0x801'78c8      0x20  user_ec200u.o [1]
  .rodata            const     0x801'78e8      0x20  user_ec200u.o [1]
  .rodata            const     0x801'7908      0x20  user_ec200u.o [1]
  .rodata            const     0x801'7928      0x20  user_ec200u.o [1]
  .rodata            const     0x801'7948      0x20  user_ec200u.o [1]
  .rodata            const     0x801'7968      0x20  user_ec200u.o [1]
  .rodata            const     0x801'7988      0x20  user_modem.o [1]
  .rodata            const     0x801'79a8      0x20  user_mqtt.o [1]
  .text              ro code   0x801'79c8      0x1e  cmain.o [4]
  .text              ro code   0x801'79e6       0x4  low_level_init.o [2]
  .text              ro code   0x801'79ea       0x4  exit.o [2]
  .text              ro code   0x801'79f0       0xa  cexit.o [4]
  .text              ro code   0x801'79fc      0x14  exit.o [5]
  .rodata            const     0x801'7a10      0x1c  user_app_comm.o [1]
  .rodata            const     0x801'7a2c      0x1c  user_app_inverter.o [1]
  .rodata            const     0x801'7a48      0x1c  user_app_sim.o [1]
  .rodata            const     0x801'7a64      0x1c  user_ec200u.o [1]
  .rodata            const     0x801'7a80      0x1c  user_ec200u.o [1]
  .rodata            const     0x801'7a9c      0x1c  user_ec200u.o [1]
  .rodata            const     0x801'7ab8      0x1c  user_ec200u.o [1]
  .rodata            const     0x801'7ad4      0x1c  user_ec200u.o [1]
  .rodata            const     0x801'7af0      0x1c  user_ec200u.o [1]
  .rodata            const     0x801'7b0c      0x1c  user_ec200u.o [1]
  .rodata            const     0x801'7b28      0x1c  user_ec200u.o [1]
  .rodata            const     0x801'7b44      0x1c  user_ec200u.o [1]
  .rodata            const     0x801'7b60      0x1c  user_ec200u.o [1]
  .rodata            const     0x801'7b7c      0x1c  user_external_flash.o [1]
  .rodata            const     0x801'7b98      0x1c  user_external_flash.o [1]
  .rodata            const     0x801'7bb4      0x1c  user_external_flash.o [1]
  .rodata            const     0x801'7bd0      0x1c  user_mqtt.o [1]
  .rodata            const     0x801'7bec      0x18  user_ec200u.o [1]
  .rodata            const     0x801'7c04      0x18  user_ec200u.o [1]
  .rodata            const     0x801'7c1c      0x18  user_ec200u.o [1]
  .rodata            const     0x801'7c34      0x18  user_ec200u.o [1]
  .rodata            const     0x801'7c4c      0x18  user_ec200u.o [1]
  .rodata            const     0x801'7c64      0x18  user_ec200u.o [1]
  .rodata            const     0x801'7c7c      0x18  user_ec200u.o [1]
  .rodata            const     0x801'7c94      0x18  user_external_flash.o [1]
  .rodata            const     0x801'7cac      0x18  user_lpm.o [1]
  .rodata            const     0x801'7cc4      0x18  user_lpm.o [1]
  .rodata            const     0x801'7cdc      0x18  user_mqtt.o [1]
  .rodata            const     0x801'7cf4      0x18  user_sim.o [1]
  .rodata            const     0x801'7d0c      0x18  user_sim.o [1]
  .rodata            const     0x801'7d24      0x14  user_app_comm.o [1]
  .rodata            const     0x801'7d38      0x14  user_app_mem.o [1]
  .rodata            const     0x801'7d4c      0x14  user_at_serial.o [1]
  .rodata            const     0x801'7d60      0x14  user_at_serial.o [1]
  .rodata            const     0x801'7d74      0x14  user_at_serial.o [1]
  .rodata            const     0x801'7d88      0x14  user_at_serial.o [1]
  .rodata            const     0x801'7d9c      0x14  user_ec200u.o [1]
  .rodata            const     0x801'7db0      0x14  user_ec200u.o [1]
  .rodata            const     0x801'7dc4      0x14  user_ec200u.o [1]
  .rodata            const     0x801'7dd8      0x14  user_ec200u.o [1]
  .rodata            const     0x801'7dec      0x14  user_ec200u.o [1]
  .rodata            const     0x801'7e00      0x14  user_ec200u.o [1]
  .rodata            const     0x801'7e14      0x14  user_ec200u.o [1]
  .rodata            const     0x801'7e28      0x14  user_ec200u.o [1]
  .rodata            const     0x801'7e3c      0x14  user_ec200u.o [1]
  .rodata            const     0x801'7e50      0x14  user_ec200u.o [1]
  .rodata            const     0x801'7e64      0x14  user_ec200u.o [1]
  .rodata            const     0x801'7e78      0x14  user_ec200u.o [1]
  .rodata            const     0x801'7e8c      0x14  user_external_flash.o [1]
  .rodata            const     0x801'7ea0      0x14  user_external_flash.o [1]
  .rodata            const     0x801'7eb4      0x14  user_external_flash.o [1]
  .rodata            const     0x801'7ec8      0x14  user_external_flash.o [1]
  .rodata            const     0x801'7edc      0x14  user_external_flash.o [1]
  .rodata            const     0x801'7ef0      0x14  user_modem.o [1]
  .rodata            const     0x801'7f04      0x14  user_mqtt.o [1]
  .rodata            const     0x801'7f18      0x14  user_mqtt.o [1]
  .rodata            const     0x801'7f2c      0x14  user_mqtt.o [1]
  .rodata            const     0x801'7f40      0x14  user_mqtt.o [1]
  .rodata            const     0x801'7f54      0x14  user_mqtt.o [1]
  .rodata            const     0x801'7f68      0x14  user_mqtt.o [1]
  .rodata            const     0x801'7f7c      0x14  user_mqtt.o [1]
  .rodata            const     0x801'7f90      0x14  user_mqtt.o [1]
  .rodata            const     0x801'7fa4      0x14  user_sim.o [1]
  .rodata            const     0x801'7fb8      0x14  user_sim.o [1]
  .rodata            const     0x801'7fcc      0x14  user_sim.o [1]
  .rodata            const     0x801'7fe0      0x14  user_sim.o [1]
  .rodata            const     0x801'7ff4      0x14  user_sim.o [1]
  .rodata            const     0x801'8008      0x14  user_sim.o [1]
  .rodata            const     0x801'801c      0x10  system_stm32l1xx.o [1]
  .rodata            const     0x801'802c      0x10  user_app_comm.o [1]
  .rodata            const     0x801'803c      0x10  user_app_comm.o [1]
  .rodata            const     0x801'804c      0x10  user_app_mem.o [1]
  .rodata            const     0x801'805c      0x10  user_at_serial.o [1]
  .rodata            const     0x801'806c      0x10  user_at_serial.o [1]
  .rodata            const     0x801'807c      0x10  user_at_serial.o [1]
  .rodata            const     0x801'808c      0x10  user_at_serial.o [1]
  .rodata            const     0x801'809c      0x10  user_at_serial.o [1]
  .rodata            const     0x801'80ac      0x10  user_at_serial.o [1]
  .rodata            const     0x801'80bc      0x10  user_at_serial.o [1]
  .rodata            const     0x801'80cc      0x10  user_at_serial.o [1]
  .rodata            const     0x801'80dc      0x10  user_at_serial.o [1]
  .rodata            const     0x801'80ec      0x10  user_at_serial.o [1]
  .rodata            const     0x801'80fc      0x10  user_at_serial.o [1]
  .rodata            const     0x801'810c      0x10  user_at_serial.o [1]
  .rodata            const     0x801'811c      0x10  user_at_serial.o [1]
  .rodata            const     0x801'812c      0x10  user_at_serial.o [1]
  .rodata            const     0x801'813c      0x10  user_at_serial.o [1]
  .rodata            const     0x801'814c      0x10  user_at_serial.o [1]
  .rodata            const     0x801'815c      0x10  user_at_serial.o [1]
  .rodata            const     0x801'816c      0x10  user_at_serial.o [1]
  .rodata            const     0x801'817c      0x10  user_at_serial.o [1]
  .rodata            const     0x801'818c      0x10  user_at_serial.o [1]
  .rodata            const     0x801'819c      0x10  user_at_serial.o [1]
  .rodata            const     0x801'81ac      0x10  user_at_serial.o [1]
  .rodata            const     0x801'81bc      0x10  user_at_serial.o [1]
  .rodata            const     0x801'81cc      0x10  user_at_serial.o [1]
  .rodata            const     0x801'81dc      0x10  user_at_serial.o [1]
  .rodata            const     0x801'81ec      0x10  user_at_serial.o [1]
  .rodata            const     0x801'81fc      0x10  user_at_serial.o [1]
  .rodata            const     0x801'820c      0x10  user_ec200u.o [1]
  .rodata            const     0x801'821c      0x10  user_ec200u.o [1]
  .rodata            const     0x801'822c      0x10  user_ec200u.o [1]
  .rodata            const     0x801'823c      0x10  user_ec200u.o [1]
  .rodata            const     0x801'824c      0x10  user_ec200u.o [1]
  .rodata            const     0x801'825c      0x10  user_ec200u.o [1]
  .rodata            const     0x801'826c      0x10  user_ec200u.o [1]
  .rodata            const     0x801'827c      0x10  user_ec200u.o [1]
  .rodata            const     0x801'828c      0x10  user_ec200u.o [1]
  .rodata            const     0x801'829c      0x10  user_ec200u.o [1]
  .rodata            const     0x801'82ac      0x10  user_ec200u.o [1]
  .rodata            const     0x801'82bc      0x10  user_ec200u.o [1]
  .rodata            const     0x801'82cc      0x10  user_ec200u.o [1]
  .rodata            const     0x801'82dc      0x10  user_ec200u.o [1]
  .rodata            const     0x801'82ec      0x10  user_ec200u.o [1]
  .rodata            const     0x801'82fc      0x10  user_ec200u.o [1]
  .rodata            const     0x801'830c      0x10  user_ec200u.o [1]
  .rodata            const     0x801'831c      0x10  user_ec200u.o [1]
  .rodata            const     0x801'832c      0x10  user_ec200u.o [1]
  .rodata            const     0x801'833c      0x10  user_external_flash.o [1]
  .rodata            const     0x801'834c      0x10  user_external_flash.o [1]
  .rodata            const     0x801'835c      0x10  user_external_flash.o [1]
  .rodata            const     0x801'836c      0x10  user_external_flash.o [1]
  .rodata            const     0x801'837c      0x10  user_mqtt.o [1]
  .rodata            const     0x801'838c      0x10  user_mqtt.o [1]
  .rodata            const     0x801'839c      0x10  user_mqtt.o [1]
  .rodata            const     0x801'83ac      0x10  user_mqtt.o [1]
  .rodata            const     0x801'83bc      0x10  user_mqtt.o [1]
  .rodata            const     0x801'83cc      0x10  user_mqtt.o [1]
  .rodata            const     0x801'83dc      0x10  user_mqtt.o [1]
  .rodata            const     0x801'83ec      0x10  user_mqtt.o [1]
  .rodata            const     0x801'83fc      0x10  user_mqtt.o [1]
  .rodata            const     0x801'840c      0x10  user_mqtt.o [1]
  .rodata            const     0x801'841c      0x10  user_mqtt.o [1]
  .rodata            const     0x801'842c      0x10  user_mqtt.o [1]
  .rodata            const     0x801'843c      0x10  user_mqtt.o [1]
  .rodata            const     0x801'844c      0x10  user_mqtt.o [1]
  .rodata            const     0x801'845c      0x10  user_sim.o [1]
  .rodata            const     0x801'846c      0x10  user_sim_common.o [1]
  .text              ro code   0x801'847c      0x10  startup_stm32l151xc.o [1]
  .rodata            const     0x801'848c       0xc  system_stm32l1xx.o [1]
  .rodata            const     0x801'8498       0xc  user_at_serial.o [1]
  .rodata            const     0x801'84a4       0xc  user_at_serial.o [1]
  .rodata            const     0x801'84b0       0xc  user_at_serial.o [1]
  .rodata            const     0x801'84bc       0xc  user_at_serial.o [1]
  .rodata            const     0x801'84c8       0xc  user_at_serial.o [1]
  .rodata            const     0x801'84d4       0xc  user_at_serial.o [1]
  .rodata            const     0x801'84e0       0xc  user_at_serial.o [1]
  .rodata            const     0x801'84ec       0xc  user_at_serial.o [1]
  .rodata            const     0x801'84f8       0xc  user_at_serial.o [1]
  .rodata            const     0x801'8504       0xc  user_at_serial.o [1]
  .rodata            const     0x801'8510       0xc  user_at_serial.o [1]
  .rodata            const     0x801'851c       0xc  user_at_serial.o [1]
  .rodata            const     0x801'8528       0xc  user_at_serial.o [1]
  .rodata            const     0x801'8534       0xc  user_at_serial.o [1]
  .rodata            const     0x801'8540       0xc  user_at_serial.o [1]
  .rodata            const     0x801'854c       0xc  user_at_serial.o [1]
  .rodata            const     0x801'8558       0xc  user_at_serial.o [1]
  .rodata            const     0x801'8564       0xc  user_at_serial.o [1]
  .rodata            const     0x801'8570       0xc  user_at_serial.o [1]
  .rodata            const     0x801'857c       0xc  user_at_serial.o [1]
  .rodata            const     0x801'8588       0xc  user_at_serial.o [1]
  .rodata            const     0x801'8594       0xc  user_at_serial.o [1]
  .rodata            const     0x801'85a0       0xc  user_at_serial.o [1]
  .rodata            const     0x801'85ac       0xc  user_ec200u.o [1]
  .rodata            const     0x801'85b8       0xc  user_ec200u.o [1]
  .rodata            const     0x801'85c4       0xc  user_ec200u.o [1]
  .rodata            const     0x801'85d0       0xc  user_ec200u.o [1]
  .rodata            const     0x801'85dc       0xc  user_ec200u.o [1]
  .rodata            const     0x801'85e8       0xc  user_ec200u.o [1]
  .rodata            const     0x801'85f4       0xc  user_ec200u.o [1]
  .rodata            const     0x801'8600       0xc  user_ec200u.o [1]
  .rodata            const     0x801'860c       0xc  user_ec200u.o [1]
  .rodata            const     0x801'8618       0xc  user_ec200u.o [1]
  .rodata            const     0x801'8624       0xc  user_ec200u.o [1]
  .rodata            const     0x801'8630       0xc  user_ec200u.o [1]
  .rodata            const     0x801'863c       0xc  user_ec200u.o [1]
  .rodata            const     0x801'8648       0xc  user_ec200u.o [1]
  .rodata            const     0x801'8654       0xc  user_ec200u.o [1]
  .rodata            const     0x801'8660       0xc  user_ec200u.o [1]
  .rodata            const     0x801'866c       0xc  user_ec200u.o [1]
  .rodata            const     0x801'8678       0xc  user_ec200u.o [1]
  .rodata            const     0x801'8684       0xc  user_ec200u.o [1]
  .rodata            const     0x801'8690       0xc  user_ec200u.o [1]
  .rodata            const     0x801'869c       0xc  user_ec200u.o [1]
  .rodata            const     0x801'86a8       0xc  user_ec200u.o [1]
  .rodata            const     0x801'86b4       0xc  user_ec200u.o [1]
  .rodata            const     0x801'86c0       0xc  user_ec200u.o [1]
  .rodata            const     0x801'86cc       0xc  user_ec200u.o [1]
  .rodata            const     0x801'86d8       0xc  user_ec200u.o [1]
  .rodata            const     0x801'86e4       0xc  user_ec200u.o [1]
  .rodata            const     0x801'86f0       0xc  user_ec200u.o [1]
  .rodata            const     0x801'86fc       0xc  user_ec200u.o [1]
  .rodata            const     0x801'8708       0xc  user_ec200u.o [1]
  .rodata            const     0x801'8714       0xc  user_ec200u.o [1]
  .rodata            const     0x801'8720       0xc  user_ec200u.o [1]
  .rodata            const     0x801'872c       0xc  user_ec200u.o [1]
  .rodata            const     0x801'8738       0xc  user_ec200u.o [1]
  .rodata            const     0x801'8744       0xc  user_ec200u.o [1]
  .rodata            const     0x801'8750       0xc  user_ec200u.o [1]
  .rodata            const     0x801'875c       0xc  user_ec200u.o [1]
  .rodata            const     0x801'8768       0xc  user_ec200u.o [1]
  .rodata            const     0x801'8774       0xc  user_ec200u.o [1]
  .rodata            const     0x801'8780       0xc  user_ec200u.o [1]
  .rodata            const     0x801'878c       0xc  user_mqtt.o [1]
  .rodata            const     0x801'8798       0xc  user_rtc.o [1]
  .rodata            const     0x801'87a4       0xc  user_rtc.o [1]
  .rodata            const     0x801'87b0       0xc  user_sim_common.o [1]
  .text              ro code   0x801'87bc       0xc  cstartup_M.o [4]
  .rodata            const     0x801'87c8       0x8  MQTTConnectClient.o [1]
  .rodata            const     0x801'87d0       0x8  system_stm32l1xx.o [1]
  .rodata            const     0x801'87d8       0x8  user_app_inverter.o [1]
  .rodata            const     0x801'87e0       0x8  user_app_inverter.o [1]
  .rodata            const     0x801'87e8       0x8  user_app_mem.o [1]
  .rodata            const     0x801'87f0       0x8  user_app_sim.o [1]
  .rodata            const     0x801'87f8       0x8  user_app_update.o [1]
  .rodata            const     0x801'8800       0x8  user_app_update.o [1]
  .rodata            const     0x801'8808       0x8  user_app_update.o [1]
  .rodata            const     0x801'8810       0x8  user_at_serial.o [1]
  .rodata            const     0x801'8818       0x8  user_at_serial.o [1]
  .rodata            const     0x801'8820       0x8  user_at_serial.o [1]
  .rodata            const     0x801'8828       0x8  user_at_serial.o [1]
  .rodata            const     0x801'8830       0x8  user_at_serial.o [1]
  .rodata            const     0x801'8838       0x8  user_at_serial.o [1]
  .rodata            const     0x801'8840       0x8  user_at_serial.o [1]
  .rodata            const     0x801'8848       0x8  user_at_serial.o [1]
  .rodata            const     0x801'8850       0x8  user_at_serial.o [1]
  .rodata            const     0x801'8858       0x8  user_at_serial.o [1]
  .rodata            const     0x801'8860       0x8  user_at_serial.o [1]
  .rodata            const     0x801'8868       0x8  user_at_serial.o [1]
  .rodata            const     0x801'8870       0x8  user_at_serial.o [1]
  .rodata            const     0x801'8878       0x8  user_at_serial.o [1]
  .rodata            const     0x801'8880       0x8  user_at_serial.o [1]
  .rodata            const     0x801'8888       0x8  user_at_serial.o [1]
  .rodata            const     0x801'8890       0x8  user_at_serial.o [1]
  .rodata            const     0x801'8898       0x8  user_at_serial.o [1]
  .rodata            const     0x801'88a0       0x8  user_at_serial.o [1]
  .rodata            const     0x801'88a8       0x8  user_at_serial.o [1]
  .rodata            const     0x801'88b0       0x8  user_at_serial.o [1]
  .rodata            const     0x801'88b8       0x8  user_at_serial.o [1]
  .rodata            const     0x801'88c0       0x8  user_at_serial.o [1]
  .rodata            const     0x801'88c8       0x8  user_at_serial.o [1]
  .rodata            const     0x801'88d0       0x8  user_at_serial.o [1]
  .rodata            const     0x801'88d8       0x8  user_ec200u.o [1]
  .rodata            const     0x801'88e0       0x8  user_ec200u.o [1]
  .rodata            const     0x801'88e8       0x8  user_ec200u.o [1]
  .rodata            const     0x801'88f0       0x8  user_ec200u.o [1]
  .rodata            const     0x801'88f8       0x8  user_ec200u.o [1]
  .rodata            const     0x801'8900       0x8  user_ec200u.o [1]
  .rodata            const     0x801'8908       0x8  user_ec200u.o [1]
  .rodata            const     0x801'8910       0x8  user_ec200u.o [1]
  .rodata            const     0x801'8918       0x8  user_ec200u.o [1]
  .rodata            const     0x801'8920       0x8  user_ec200u.o [1]
  .rodata            const     0x801'8928       0x8  user_ec200u.o [1]
  .rodata            const     0x801'8930       0x8  user_ec200u.o [1]
  .rodata            const     0x801'8938       0x8  user_ec200u.o [1]
  .rodata            const     0x801'8940       0x8  user_ec200u.o [1]
  .rodata            const     0x801'8948       0x8  user_ec200u.o [1]
  .rodata            const     0x801'8950       0x8  user_ec200u.o [1]
  .rodata            const     0x801'8958       0x8  user_ec200u.o [1]
  .rodata            const     0x801'8960       0x8  user_ec200u.o [1]
  .rodata            const     0x801'8968       0x8  user_ec200u.o [1]
  .rodata            const     0x801'8970       0x8  user_ec200u.o [1]
  .rodata            const     0x801'8978       0x8  user_ec200u.o [1]
  .rodata            const     0x801'8980       0x8  user_ec200u.o [1]
  .rodata            const     0x801'8988       0x8  user_ec200u.o [1]
  .rodata            const     0x801'8990       0x8  user_ec200u.o [1]
  .rodata            const     0x801'8998       0x8  user_ec200u.o [1]
  .rodata            const     0x801'89a0       0x8  user_ec200u.o [1]
  .rodata            const     0x801'89a8       0x8  user_ec200u.o [1]
  .rodata            const     0x801'89b0       0x8  user_ec200u.o [1]
  .rodata            const     0x801'89b8       0x8  user_log.o [1]
  .rodata            const     0x801'89c0       0x8  user_mqtt.o [1]
  .rodata            const     0x801'89c8       0x8  user_mqtt.o [1]
  .rodata            const     0x801'89d0       0x8  user_mqtt.o [1]
  .rodata            const     0x801'89d8       0x8  user_mqtt.o [1]
  .rodata            const     0x801'89e0       0x8  user_mqtt.o [1]
  .rodata            const     0x801'89e8       0x8  user_mqtt.o [1]
  .rodata            const     0x801'89f0       0x8  user_mqtt.o [1]
  .rodata            const     0x801'89f8       0x8  user_mqtt.o [1]
  .rodata            const     0x801'8a00       0x8  user_mqtt.o [1]
  .rodata            const     0x801'8a08       0x8  user_mqtt.o [1]
  .rodata            const     0x801'8a10       0x8  user_mqtt.o [1]
  .rodata            const     0x801'8a18       0x8  user_mqtt.o [1]
  .rodata            const     0x801'8a20       0x8  user_mqtt.o [1]
  .rodata            const     0x801'8a28       0x8  user_mqtt.o [1]
  .rodata            const     0x801'8a30       0x8  user_mqtt.o [1]
  .rodata            const     0x801'8a38       0x8  user_mqtt.o [1]
  .rodata            const     0x801'8a40       0x8  user_mqtt.o [1]
  .rodata            const     0x801'8a48       0x8  user_mqtt.o [1]
  .rodata            const     0x801'8a50       0x8  user_mqtt.o [1]
  .rodata            const     0x801'8a58       0x8  user_mqtt.o [1]
  .rodata            const     0x801'8a60       0x8  user_mqtt.o [1]
  .rodata            const     0x801'8a68       0x8  user_mqtt.o [1]
  .rodata            const     0x801'8a70       0x8  user_mqtt.o [1]
  .rodata            const     0x801'8a78       0x8  user_mqtt.o [1]
  .rodata            const     0x801'8a80       0x8  user_mqtt.o [1]
  .rodata            const     0x801'8a88       0x8  user_mqtt.o [1]
  .rodata            const     0x801'8a90       0x8  user_mqtt.o [1]
  .rodata            const     0x801'8a98       0x8  user_mqtt.o [1]
  .rodata            const     0x801'8aa0       0x8  user_mqtt.o [1]
  .rodata            const     0x801'8aa8       0x8  user_mqtt.o [1]
  .rodata            const     0x801'8ab0       0x8  user_mqtt.o [1]
  .rodata            const     0x801'8ab8       0x8  user_mqtt.o [1]
  .rodata            const     0x801'8ac0       0x8  user_mqtt.o [1]
  .rodata            const     0x801'8ac8       0x8  user_mqtt.o [1]
  .rodata            const     0x801'8ad0       0x8  user_mqtt.o [1]
  .rodata            const     0x801'8ad8       0x8  user_sim.o [1]
  .rodata            const     0x801'8ae0       0x8  user_sim_common.o [1]
  .rodata            const     0x801'8ae8       0x8  user_sim_common.o [1]
  .rodata            const     0x801'8af0       0x8  user_sim_common.o [1]
  .rodata            const     0x801'8af8       0x8  user_sim_common.o [1]
  .rodata            const     0x801'8b00       0x8  user_util.o [1]
  .rodata            const     0x801'8b08       0x8  user_util.o [1]
  .rodata            const     0x801'8b10       0x8  user_util.o [1]
  .rodata            const     0x801'8b18       0x4  MQTTConnectClient.o [1]
  .rodata            const     0x801'8b1c       0x4  MQTTConnectClient.o [1]
  .rodata            const     0x801'8b20       0x4  MQTTSerializePublish.o [1]
  .rodata            const     0x801'8b24       0x4  MQTTSubscribeClient.o [1]
  .rodata            const     0x801'8b28       0x4  user_at_serial.o [1]
  .rodata            const     0x801'8b2c       0x4  user_ec200u.o [1]
  .rodata            const     0x801'8b30       0x4  user_ec200u.o [1]
  .rodata            const     0x801'8b34       0x4  user_ec200u.o [1]
  .rodata            const     0x801'8b38       0x4  user_ec200u.o [1]
  .rodata            const     0x801'8b3c       0x4  user_ec200u.o [1]
  .rodata            const     0x801'8b40       0x4  user_mqtt.o [1]
  .rodata            const     0x801'8b44       0x4  user_sim_common.o [1]
  .text              ro code   0x801'8b48       0x4  startup_stm32l151xc.o [1]
  .text              ro code   0x801'8b4c       0x4  startup_stm32l151xc.o [1]
  .text              ro code   0x801'8b50       0x4  startup_stm32l151xc.o [1]
  .text              ro code   0x801'8b54       0x4  startup_stm32l151xc.o [1]
  .text              ro code   0x801'8b58       0x4  startup_stm32l151xc.o [1]
  .text              ro code   0x801'8b5c       0x4  startup_stm32l151xc.o [1]
  .text              ro code   0x801'8b60       0x4  startup_stm32l151xc.o [1]
  .text              ro code   0x801'8b64       0x4  startup_stm32l151xc.o [1]
  .text              ro code   0x801'8b68       0x4  startup_stm32l151xc.o [1]
  .text              ro code   0x801'8b6c       0x4  startup_stm32l151xc.o [1]
  .text              ro code   0x801'8b70       0x4  startup_stm32l151xc.o [1]
  .text              ro code   0x801'8b74       0x4  startup_stm32l151xc.o [1]
  .text              ro code   0x801'8b78       0x4  startup_stm32l151xc.o [1]
  .text              ro code   0x801'8b7c       0x4  startup_stm32l151xc.o [1]
  .text              ro code   0x801'8b80       0x4  startup_stm32l151xc.o [1]
  .text              ro code   0x801'8b84       0x4  startup_stm32l151xc.o [1]
  .text              ro code   0x801'8b88       0x4  startup_stm32l151xc.o [1]
  .text              ro code   0x801'8b8c       0x4  startup_stm32l151xc.o [1]
  .text              ro code   0x801'8b90       0x4  startup_stm32l151xc.o [1]
  .text              ro code   0x801'8b94       0x4  startup_stm32l151xc.o [1]
  .text              ro code   0x801'8b98       0x4  startup_stm32l151xc.o [1]
  .text              ro code   0x801'8b9c       0x4  startup_stm32l151xc.o [1]
  .text              ro code   0x801'8ba0       0x4  startup_stm32l151xc.o [1]
  .text              ro code   0x801'8ba4       0x4  startup_stm32l151xc.o [1]
  .text              ro code   0x801'8ba8       0x4  startup_stm32l151xc.o [1]
  .text              ro code   0x801'8bac       0x4  startup_stm32l151xc.o [1]
  .text              ro code   0x801'8bb0       0x4  startup_stm32l151xc.o [1]
  .text              ro code   0x801'8bb4       0x4  startup_stm32l151xc.o [1]
  .text              ro code   0x801'8bb8       0x4  startup_stm32l151xc.o [1]
  .text              ro code   0x801'8bbc       0x4  startup_stm32l151xc.o [1]
  .text              ro code   0x801'8bc0       0x4  startup_stm32l151xc.o [1]
  .text              ro code   0x801'8bc4       0x4  startup_stm32l151xc.o [1]
  .text              ro code   0x801'8bc8       0x4  startup_stm32l151xc.o [1]
  .text              ro code   0x801'8bcc       0x4  startup_stm32l151xc.o [1]
  .text              ro code   0x801'8bd0       0x4  startup_stm32l151xc.o [1]
  .text              ro code   0x801'8bd4       0x4  startup_stm32l151xc.o [1]
  .text              ro code   0x801'8bd8       0x4  startup_stm32l151xc.o [1]
  .text              ro code   0x801'8bdc       0x4  startup_stm32l151xc.o [1]
  .text              ro code   0x801'8be0       0x4  startup_stm32l151xc.o [1]
  .text              ro code   0x801'8be4       0x4  startup_stm32l151xc.o [1]
  .text              ro code   0x801'8be8       0x4  startup_stm32l151xc.o [1]
  .text              ro code   0x801'8bec       0x4  startup_stm32l151xc.o [1]
  .text              ro code   0x801'8bf0       0x4  startup_stm32l151xc.o [1]
  .text              ro code   0x801'8bf4       0x4  startup_stm32l151xc.o [1]
  .text              ro code   0x801'8bf8       0x4  startup_stm32l151xc.o [1]
  .text              ro code   0x801'8bfc       0x4  startup_stm32l151xc.o [1]
  .text              ro code   0x801'8c00       0x4  startup_stm32l151xc.o [1]
  .text              ro code   0x801'8c04       0x4  startup_stm32l151xc.o [1]
  .text              ro code   0x801'8c08       0x2  system_stm32l1xx.o [1]
  .rodata            const     0x801'8c0a       0x0  zero_init3.o [4]
  .rodata            const     0x801'8c0a       0x0  lz77_init_single.o [4]
  Initializer bytes  const     0x801'8c0a     0x4ca  <for P2-1>
                             - 0x801'90d4  0x1'53b0

"P2", part 1 of 3:                           0x10ba
  P2-1                        0x2000'0000    0x10ba  <Init block>
    .data            inited   0x2000'0000     0x290  user_app_sim.o [1]
    .data            inited   0x2000'0290       0x4  stm32l1xx_hal.o [1]
    .data            inited   0x2000'0294       0x4  stm32l1xx_hal.o [1]
    .data            inited   0x2000'0298       0x4  system_stm32l1xx.o [1]
    .data            inited   0x2000'029c      0x60  user_app_comm.o [1]
    .data            inited   0x2000'02fc       0x8  user_app_comm.o [1]
    .data            inited   0x2000'0304      0x50  user_app_inverter.o [1]
    .data            inited   0x2000'0354      0x18  user_app_inverter.o [1]
    .data            inited   0x2000'036c       0x8  user_app_inverter.o [1]
    .data            inited   0x2000'0374      0x28  user_app_inverter.o [1]
    .data            inited   0x2000'039c      0x54  user_app_inverter.o [1]
    .data            inited   0x2000'03f0       0x8  user_app_inverter.o [1]
    .data            inited   0x2000'03f8       0xc  user_app_inverter.o [1]
    .data            inited   0x2000'0404      0x60  user_app_mem.o [1]
    .data            inited   0x2000'0464      0x40  user_app_sim.o [1]
    .data            inited   0x2000'04a4      0x18  user_app_sim.o [1]
    .data            inited   0x2000'04bc      0x20  user_app_update.o [1]
    .data            inited   0x2000'04dc       0x4  user_app_update.o [1]
    .data            inited   0x2000'04e0       0x4  user_app_update.o [1]
    .data            inited   0x2000'04e4      0x10  user_ec200u.o [1]
    .data            inited   0x2000'04f4       0xc  user_ec200u.o [1]
    .data            inited   0x2000'0500       0xc  user_ec200u.o [1]
    .data            inited   0x2000'050c       0x4  user_ec200u.o [1]
    .data            inited   0x2000'0510       0x4  user_ec200u.o [1]
    .data            inited   0x2000'0514       0x4  user_ec200u.o [1]
    .data            inited   0x2000'0518      0x14  user_ec200u.o [1]
    .data            inited   0x2000'052c       0x4  user_ec200u.o [1]
    .data            inited   0x2000'0530       0xc  user_ec200u.o [1]
    .data            inited   0x2000'053c       0x4  user_ec200u.o [1]
    .data            inited   0x2000'0540       0x4  user_ec200u.o [1]
    .data            inited   0x2000'0544       0x4  user_ec200u.o [1]
    .data            inited   0x2000'0548      0x30  user_external_eeprom.o [1]
    .data            inited   0x2000'0578     0x140  user_external_eeprom.o [1]
    .data            inited   0x2000'06b8      0x40  user_external_flash.o [1]
    .data            inited   0x2000'06f8      0xb4  user_external_flash.o [1]
    .data            inited   0x2000'07ac      0x10  user_external_flash.o [1]
    .data            inited   0x2000'07bc      0x14  user_external_flash.o [1]
    .data            inited   0x2000'07d0       0x4  user_external_flash.o [1]
    .data            inited   0x2000'07d4      0x10  user_external_flash.o [1]
    .data            inited   0x2000'07e4     0x140  user_external_flash.o [1]
    .data            inited   0x2000'0924      0x30  user_internal_mem.o [1]
    .data            inited   0x2000'0954     0x140  user_internal_mem.o [1]
    .data            inited   0x2000'0a94      0x14  user_modem.o [1]
    .data            inited   0x2000'0aa8      0x38  user_modem.o [1]
    .data            inited   0x2000'0ae0      0x38  user_modem.o [1]
    .data            inited   0x2000'0b18      0x38  user_modem.o [1]
    .data            inited   0x2000'0b50      0x38  user_modem.o [1]
    .data            inited   0x2000'0b88      0x4c  user_modem.o [1]
    .data            inited   0x2000'0bd4       0xc  user_modem.o [1]
    .data            inited   0x2000'0be0      0x10  user_modem.o [1]
    .data            inited   0x2000'0bf0      0x58  user_mqtt.o [1]
    .data            inited   0x2000'0c48      0x90  user_sim.o [1]
    .data            inited   0x2000'0cd8       0x8  user_sim.o [1]
    .data            inited   0x2000'0ce0      0x1c  user_sim.o [1]
    .data            inited   0x2000'0cfc      0x10  user_sim.o [1]
    .data            inited   0x2000'0d0c      0x18  user_sim_common.o [1]
    .data            inited   0x2000'0d24      0x20  user_sim_common.o [1]
    .data            inited   0x2000'0d44      0x20  user_sim_common.o [1]
    .data            inited   0x2000'0d64      0x20  user_sim_common.o [1]
    .data            inited   0x2000'0d84      0x20  user_sim_common.o [1]
    .data            inited   0x2000'0da4      0x28  user_sim_common.o [1]
    .data            inited   0x2000'0dcc       0xc  user_sim_common.o [1]
    .data            inited   0x2000'0dd8      0x28  user_sim_common.o [1]
    .data            inited   0x2000'0e00      0x28  user_sim_common.o [1]
    .data            inited   0x2000'0e28      0x28  user_sim_common.o [1]
    .data            inited   0x2000'0e50       0xc  user_sim_common.o [1]
    .data            inited   0x2000'0e5c      0x28  user_sim_common.o [1]
    .data            inited   0x2000'0e84      0x28  user_sim_common.o [1]
    .data            inited   0x2000'0eac      0x20  user_sim_common.o [1]
    .data            inited   0x2000'0ecc      0x20  user_sim_common.o [1]
    .data            inited   0x2000'0eec      0x20  user_sim_common.o [1]
    .data            inited   0x2000'0f0c      0x20  user_sim_common.o [1]
    .data            inited   0x2000'0f2c      0x50  user_sim_common.o [1]
    .data            inited   0x2000'0f7c      0x84  user_sim_common.o [1]
    .data            inited   0x2000'1000      0x50  user_sim_common.o [1]
    .data            inited   0x2000'1050      0x44  user_sim_common.o [1]
    .data            inited   0x2000'1094       0xc  user_time.o [1]
    .data            inited   0x2000'10a0       0xc  user_time.o [1]
    .data            inited   0x2000'10ac       0x8  user_uart.o [1]
    .data            inited   0x2000'10b4       0x2  user_ec200u.o [1]
    .data            inited   0x2000'10b6       0x2  user_ec200u.o [1]
    .data            inited   0x2000'10b8       0x1  user_ec200u.o [1]
    .data            inited   0x2000'10b9       0x1  user_ec200u.o [1]
                            - 0x2000'10ba    0x10ba

"P2", part 2 of 3:                           0x3358
  .bss               zero     0x2000'10bc     0xa50  user_external_flash.o [1]
  .bss               zero     0x2000'1b0c     0x4b0  user_mqtt.o [1]
  .bss               zero     0x2000'1fbc     0x4b0  user_mqtt.o [1]
  .bss               zero     0x2000'246c     0x4b0  user_sim.o [1]
  .bss               zero     0x2000'291c     0x4b0  user_uart.o [1]
  .bss               zero     0x2000'2dcc     0x400  user_external_flash.o [1]
  .bss               zero     0x2000'31cc     0x400  user_modem.o [1]
  .bss               zero     0x2000'35cc     0x100  user_app_sim.o [1]
  .bss               zero     0x2000'36cc     0x100  user_app_sim.o [1]
  .bss               zero     0x2000'37cc     0x100  user_external_eeprom.o [1]
  .bss               zero     0x2000'38cc     0x100  user_internal_mem.o [1]
  .bss               zero     0x2000'39cc     0x100  user_modem.o [1]
  .bss               zero     0x2000'3acc     0x100  user_modem.o [1]
  .bss               zero     0x2000'3bcc      0xc4  user_mqtt.o [1]
  .bss               zero     0x2000'3c90      0xa0  user_external_flash.o [1]
  .bss               zero     0x2000'3d30      0x80  user_at_serial.o [1]
  .bss               zero     0x2000'3db0      0x70  user_sim_common.o [1]
  .bss               zero     0x2000'3e20      0x64  user_external_flash.o [1]
  .bss               zero     0x2000'3e84      0x58  spi.o [1]
  .bss               zero     0x2000'3edc      0x54  adc.o [1]
  .bss               zero     0x2000'3f30      0x54  i2c.o [1]
  .bss               zero     0x2000'3f84      0x48  usart.o [1]
  .bss               zero     0x2000'3fcc      0x48  usart.o [1]
  .bss               zero     0x2000'4014      0x48  usart.o [1]
  .bss               zero     0x2000'405c      0x40  user_app_inverter.o [1]
  .bss               zero     0x2000'409c      0x34  user_mqtt.o [1]
  .bss               zero     0x2000'40d0      0x34  user_mqtt.o [1]
  .bss               zero     0x2000'4104      0x34  user_sim.o [1]
  .bss               zero     0x2000'4138      0x2c  user_app_inverter.o [1]
  .bss               zero     0x2000'4164      0x28  user_rtc.o [1]
  .bss               zero     0x2000'418c      0x20  rtc.o [1]
  .bss               zero     0x2000'41ac      0x1c  user_rtc.o [1]
  .bss               zero     0x2000'41c8      0x18  stm32l1xx_hal_flash.o [1]
  .bss               zero     0x2000'41e0      0x18  user_app_comm.o [1]
  .bss               zero     0x2000'41f8      0x18  user_external_eeprom.o [1]
  .bss               zero     0x2000'4210      0x18  user_external_eeprom.o [1]
  .bss               zero     0x2000'4228      0x18  user_external_flash.o [1]
  .bss               zero     0x2000'4240      0x18  user_external_flash.o [1]
  .bss               zero     0x2000'4258      0x18  user_external_flash.o [1]
  .bss               zero     0x2000'4270      0x18  user_internal_mem.o [1]
  .bss               zero     0x2000'4288      0x18  user_internal_mem.o [1]
  .bss               zero     0x2000'42a0      0x18  user_sim.o [1]
  .bss               zero     0x2000'42b8      0x18  user_sim.o [1]
  .bss               zero     0x2000'42d0      0x18  user_sim.o [1]
  .bss               zero     0x2000'42e8      0x18  user_sim.o [1]
  .bss               zero     0x2000'4300      0x18  user_sim_common.o [1]
  .bss               zero     0x2000'4318      0x10  user_app_mem.o [1]
  .bss               zero     0x2000'4328       0xc  user_external_flash.o [1]
  .bss               zero     0x2000'4334       0xc  user_modem.o [1]
  .bss               zero     0x2000'4340       0xc  user_mqtt.o [1]
  .bss               zero     0x2000'434c       0xc  user_util.o [1]
  .bss               zero     0x2000'4358       0x8  user_app_inverter.o [1]
  .bss               zero     0x2000'4360       0x8  user_app_inverter.o [1]
  .bss               zero     0x2000'4368       0x8  user_app_inverter.o [1]
  .bss               zero     0x2000'4370       0x8  user_app_inverter.o [1]
  .bss               zero     0x2000'4378       0x8  user_app_inverter.o [1]
  .bss               zero     0x2000'4380       0x8  user_app_update.o [1]
  .bss               zero     0x2000'4388       0x8  user_app_update.o [1]
  .bss               zero     0x2000'4390       0x4  cat24mxx.o [1]
  .bss               zero     0x2000'4394       0x4  stm32l1xx_hal.o [1]
  .bss               zero     0x2000'4398       0x4  user_app_inverter.o [1]
  .bss               zero     0x2000'439c       0x4  user_app_inverter.o [1]
  .bss               zero     0x2000'43a0       0x4  user_app_inverter.o [1]
  .bss               zero     0x2000'43a4       0x4  user_app_inverter.o [1]
  .bss               zero     0x2000'43a8       0x4  user_app_inverter.o [1]
  .bss               zero     0x2000'43ac       0x4  user_app_inverter.o [1]
  .bss               zero     0x2000'43b0       0x4  user_app_update.o [1]
  .bss               zero     0x2000'43b4       0x4  user_app_update.o [1]
  .bss               zero     0x2000'43b8       0x4  user_app_update.o [1]
  .bss               zero     0x2000'43bc       0x4  user_app_update.o [1]
  .bss               zero     0x2000'43c0       0x4  user_lpm.o [1]
  .bss               zero     0x2000'43c4       0x4  user_rtc.o [1]
  .bss               zero     0x2000'43c8       0x4  user_sim.o [1]
  .bss               zero     0x2000'43cc       0x4  user_sim_common.o [1]
  .bss               zero     0x2000'43d0       0x4  user_timer.o [1]
  .bss               zero     0x2000'43d4       0x4  user_util.o [1]
  .bss               zero     0x2000'43d8       0x4  user_util.o [1]
  .bss               zero     0x2000'43dc       0x2  user_app_comm.o [1]
  .bss               zero     0x2000'43de       0x2  user_app_inverter.o [1]
  .bss               zero     0x2000'43e0       0x2  user_app_inverter.o [1]
  .bss               zero     0x2000'43e2       0x2  user_app_inverter.o [1]
  .bss               zero     0x2000'43e4       0x2  user_app_inverter.o [1]
  .bss               zero     0x2000'43e6       0x2  user_app_mem.o [1]
  .bss               zero     0x2000'43e8       0x2  user_app_update.o [1]
  .bss               zero     0x2000'43ea       0x2  user_external_flash.o [1]
  .bss               zero     0x2000'43ec       0x2  user_sim.o [1]
  .bss               zero     0x2000'43ee       0x1  user_adc.o [1]
  .bss               zero     0x2000'43ef       0x1  user_app_comm.o [1]
  .bss               zero     0x2000'43f0       0x1  user_app_comm.o [1]
  .bss               zero     0x2000'43f1       0x1  user_app_comm.o [1]
  .bss               zero     0x2000'43f2       0x1  user_app_comm.o [1]
  .bss               zero     0x2000'43f3       0x1  user_app_comm.o [1]
  .bss               zero     0x2000'43f4       0x1  user_app_inverter.o [1]
  .bss               zero     0x2000'43f5       0x1  user_app_inverter.o [1]
  .bss               zero     0x2000'43f6       0x1  user_app_inverter.o [1]
  .bss               zero     0x2000'43f7       0x1  user_app_inverter.o [1]
  .bss               zero     0x2000'43f8       0x1  user_app_inverter.o [1]
  .bss               zero     0x2000'43f9       0x1  user_app_inverter.o [1]
  .bss               zero     0x2000'43fa       0x1  user_app_inverter.o [1]
  .bss               zero     0x2000'43fb       0x1  user_app_inverter.o [1]
  .bss               zero     0x2000'43fc       0x1  user_app_inverter.o [1]
  .bss               zero     0x2000'43fd       0x1  user_app_inverter.o [1]
  .bss               zero     0x2000'43fe       0x1  user_app_mem.o [1]
  .bss               zero     0x2000'43ff       0x1  user_app_mem.o [1]
  .bss               zero     0x2000'4400       0x1  user_app_sim.o [1]
  .bss               zero     0x2000'4401       0x1  user_app_sim.o [1]
  .bss               zero     0x2000'4402       0x1  user_app_update.o [1]
  .bss               zero     0x2000'4403       0x1  user_app_update.o [1]
  .bss               zero     0x2000'4404       0x1  user_at_serial.o [1]
  .bss               zero     0x2000'4405       0x1  user_external_eeprom.o [1]
  .bss               zero     0x2000'4406       0x1  user_external_eeprom.o [1]
  .bss               zero     0x2000'4407       0x1  user_external_flash.o [1]
  .bss               zero     0x2000'4408       0x1  user_external_flash.o [1]
  .bss               zero     0x2000'4409       0x1  user_external_flash.o [1]
  .bss               zero     0x2000'440a       0x1  user_lpm.o [1]
  .bss               zero     0x2000'440b       0x1  user_rtc.o [1]
  .bss               zero     0x2000'440c       0x1  user_sim.o [1]
  .bss               zero     0x2000'440d       0x1  user_sim.o [1]
  .bss               zero     0x2000'440e       0x1  user_sim.o [1]
  .bss               zero     0x2000'440f       0x1  user_uart.o [1]
  .bss               zero     0x2000'4410       0x1  user_uart.o [1]
  .bss               zero     0x2000'4411       0x1  user_uart.o [1]
                            - 0x2000'4412    0x3356

"P2", part 3 of 3:                            0x400
  CSTACK                      0x2000'4418     0x400  <Block>
    CSTACK           uninit   0x2000'4418     0x400  <Block tail>
                            - 0x2000'4818     0x400

Unused ranges:

         From           To      Size
         ----           --      ----
   0x801'90d4   0x803'ffff  0x2'6f2c
  0x2000'10ba  0x2000'10bb       0x2
  0x2000'4414  0x2000'4417       0x4
  0x2000'4818  0x2000'7fff    0x37e8


*******************************************************************************
*** INIT TABLE
***

          Address      Size
          -------      ----
Zero (__iar_zero_init3)
    1 destination range, total size 0x3356:
          0x2000'10bc  0x3356

Copy/lz77 (__iar_lz77_init_single3)
    1 source range, total size 0x4ca (28% of destination):
           0x801'8c0a   0x4ca
    1 destination range, total size 0x10ba:
          0x2000'0000  0x10ba



*******************************************************************************
*** MODULE SUMMARY
***

    Module                    ro code  ro data  rw data
    ------                    -------  -------  -------
command line/config:
    ---------------------------------------------------
    Total:

D:\Project_STM32\Saoviet_Container\EWARM\GSM_Container\Obj: [1]
    MQTTConnectClient.o           512       16
    MQTTPacket.o                  284
    MQTTSerializePublish.o        224        4
    MQTTSubscribeClient.o         232        4
    S25FL216K.o                   146
    adc.o                         420                84
    cat24mxx.o                    416                 4
    event_driven.o                 84
    gpio.o                        456
    i2c.o                         176                84
    main.o                        228
    onchipflash.o                 440
    queue_p.o                     440
    rtc.o                          44                32
    spi.o                         188                88
    startup_stm32l151xc.o         500
    stm32l1xx_hal.o               280        3       12
    stm32l1xx_hal_adc.o         1'332
    stm32l1xx_hal_cortex.o        400
    stm32l1xx_hal_dma.o           178
    stm32l1xx_hal_flash.o         424                24
    stm32l1xx_hal_flash_ex.o       44
    stm32l1xx_hal_gpio.o          916
    stm32l1xx_hal_i2c.o         3'058
    stm32l1xx_hal_msp.o            72
    stm32l1xx_hal_pwr.o           124
    stm32l1xx_hal_pwr_ex.o         84
    stm32l1xx_hal_rcc.o         2'156
    stm32l1xx_hal_rcc_ex.o        352
    stm32l1xx_hal_rtc.o         1'878
    stm32l1xx_hal_rtc_ex.o         64
    stm32l1xx_hal_spi.o         1'124
    stm32l1xx_hal_uart.o        2'258
    stm32l1xx_it.o                 92
    system_stm32l1xx.o              2       37        4
    usart.o                       616               216
    user_adc.o                      2                 1
    user_app_comm.o             1'200      110      135
    user_app_inverter.o         4'352      153      446
    user_app_mem.o              3'644      975      116
    user_app_sim.o              2'688      281    1'258
    user_app_update.o           1'128       35       76
    user_at_serial.o            7'180    1'872      129
    user_ec200u.o               3'176    4'531      106
    user_external_eeprom.o        940      297      674
    user_external_flash.o       3'632      761    4'633
    user_internal_mem.o           720      226      672
    user_log.o                    496        8
    user_lpm.o                    388       48        5
    user_modbus_rtu.o             216
    user_modem.o                  516      151    1'896
    user_modem_init.o             428
    user_mqtt.o                 5'224    1'510    2'800
    user_rtc.o                    936       68       73
    user_sim.o                  5'020      248    1'553
    user_sim_common.o           1'988      323    1'044
    user_string.o                 644
    user_time.o                   668        6       24
    user_timer.o                  964                 4
    user_uart.o                   276        3    1'211
    user_util.o                 1'392       24       20
    ---------------------------------------------------
    Total:                     68'062   11'694   17'424

dl7M_tlf.a: [2]
    exit.o                          4
    low_level_init.o                4
    strstr.o                       44
    ---------------------------------------------------
    Total:                         52

m7M_tl.a: [3]
    DblAdd.o                      378
    DblCmpEq.o                     32
    DblCmpGe.o                     46
    DblCmpLe.o                     46
    DblDiv.o                      582
    DblMul.o                      418
    DblSub.o                      226
    DblToS32.o                     58
    S32ToDbl.o                     34
    U32ToDbl.o                     26
    frexp.o                       112
    iar_Exp64.o                   884
    ldexp.o                       314
    pow64.o                     1'880    1'056
    ---------------------------------------------------
    Total:                      5'036    1'056

rt7M_tl.a: [4]
    ABImemclr4.o                    6
    ABImemcpy.o                   166
    ABImemset.o                   102
    ABImemset48.o                  50
    I64DivMod.o                   560
    I64DivZer.o                     2
    cexit.o                        10
    cmain.o                        30
    cstartup_M.o                   12
    data_init.o                    40
    lz77_init_single.o            120
    memset.o                       20
    strchr.o                       22
    strlen.o                       54
    zero_init3.o                   58
    ---------------------------------------------------
    Total:                      1'252

shb_l.a: [5]
    exit.o                         20
    ---------------------------------------------------
    Total:                         20

    Gaps                           44        4
    Linker created                          32    1'024
-------------------------------------------------------
    Grand Total:               74'466   12'786   18'448


*******************************************************************************
*** ENTRY LIST
***

Entry                       Address   Size  Type      Object
-----                       -------   ----  ----      ------
.iar.init_table$$Base    0x801'7808          --   Gb  - Linker created -
.iar.init_table$$Limit   0x801'7828          --   Gb  - Linker created -
?main                    0x801'79c9         Code  Gb  cmain.o [4]
ADC_ConversionStop_Disable
                         0x800'b8dd   0x52  Code  Gb  stm32l1xx_hal_adc.o [1]
ADC_Desequence_Powerhungry_Channels
                         0x800'b3f9    0x2  Code  Gb  user_adc.o [1]
AHBPrescTable            0x801'801c   0x10  Data  Gb  system_stm32l1xx.o [1]
APBPrescTable            0x801'87d0    0x8  Data  Gb  system_stm32l1xx.o [1]
AdcInitialized          0x2000'43ee    0x1  Data  Gb  user_adc.o [1]
AppCom_Calcu_Period_To_RoudTime
                         0x800'79a9   0x3a  Code  Lc  user_app_comm.o [1]
AppComm_IRQ_Timer_CallBack
                         0x800'799d    0xc  Code  Gb  user_app_comm.o [1]
AppComm_Init             0x800'78cf   0x2a  Code  Gb  user_app_comm.o [1]
AppComm_Set_Next_TxTimer
                         0x800'7a11   0x78  Code  Gb  user_app_comm.o [1]
AppComm_Set_Next_TxTimer::CountMessInit
                        0x2000'43f3    0x1  Data  Lc  user_app_comm.o [1]
AppComm_Task             0x800'78fd   0x9e  Code  Gb  user_app_comm.o [1]
AppIVT_Clear_Before_Recv
                         0x800'a6e5    0xa  Code  Gb  user_app_inverter.o [1]
AppIVT_Init              0x800'a631   0x1c  Code  Gb  user_app_inverter.o [1]
AppIVT_Log_Data_TSVH     0x800'a585   0x2c  Code  Gb  user_app_inverter.o [1]
AppIVT_Packet_TSVH       0x800'a455  0x11e  Code  Gb  user_app_inverter.o [1]
AppIVT_Save_Slave_ID     0x800'a5c1   0x70  Code  Gb  user_app_inverter.o [1]
AppIVT_Task              0x800'a0f5   0x84  Code  Gb  user_app_inverter.o [1]
AppMem_Cb_Check_Mess_Invalid
                         0x800'93c9   0x60  Code  Gb  user_app_mem.o [1]
AppMem_Cb_Erase_Chip_Fail
                         0x800'91ed    0xe  Code  Gb  user_app_mem.o [1]
AppMem_Cb_Erase_Chip_OK
                         0x800'9199   0x52  Code  Gb  user_app_mem.o [1]
AppMem_Cb_Get_Addr_From_TypeData
                         0x800'921d   0xac  Code  Gb  user_app_mem.o [1]
AppMem_Cb_Read_OK        0x800'8ded  0x172  Code  Gb  user_app_mem.o [1]
AppMem_Cb_Write_OK       0x800'8ccd  0x120  Code  Gb  user_app_mem.o [1]
AppMem_Cb_Wrtie_ERROR    0x800'9115   0x7e  Code  Gb  user_app_mem.o [1]
AppMem_Check_New_Record
                         0x800'960f   0x1c  Code  Gb  user_app_mem.o [1]
AppMem_Erase_New_Sector
                         0x800'91fb   0x22  Code  Gb  user_app_mem.o [1]
AppMem_Forward_Data_To_Sim
                         0x800'9579   0x42  Code  Gb  user_app_mem.o [1]
AppMem_Inc_Index_Save    0x800'9449   0x7a  Code  Gb  user_app_mem.o [1]
AppMem_Inc_Index_Send_1
                         0x800'94c3   0x50  Code  Gb  user_app_mem.o [1]
AppMem_Inc_Index_Send_2
                         0x800'951d   0x52  Code  Gb  user_app_mem.o [1]
AppMem_Init              0x800'8c7d   0x4e  Code  Gb  user_app_mem.o [1]
AppMem_PowerOff_ExFlash
                         0x800'95bb   0x26  Code  Gb  user_app_mem.o [1]
AppMem_PowerOn_ExFlash   0x800'95e5   0x2a  Code  Gb  user_app_mem.o [1]
AppMem_Process_Resp_AT   0x800'92c9   0x18  Code  Gb  user_app_mem.o [1]
AppMem_Push_Mess_To_Queue_Write
                         0x800'8f5f  0x10a  Code  Gb  user_app_mem.o [1]
AppMem_Push_To_Read_Queue
                         0x800'9069   0x60  Code  Gb  user_app_mem.o [1]
AppMem_Set_Read_Resp_AT
                         0x800'92e9   0xd0  Code  Gb  user_app_mem.o [1]
AppMem_Task              0x800'8bdb   0xa2  Code  Gb  user_app_mem.o [1]
AppSim_GPS_Error         0x800'f549   0xa8  Code  Gb  user_app_sim.o [1]
AppSim_GPS_Extract_Lat_Long
                         0x800'f38b  0x192  Code  Gb  user_app_sim.o [1]
AppSim_GPS_OK            0x800'f275  0x116  Code  Gb  user_app_sim.o [1]
AppSim_Get_Data_From_Flash
                         0x800'f1f7   0x62  Code  Gb  user_app_sim.o [1]
AppSim_Get_Firmware_Version
                         0x800'f1f1    0x6  Code  Gb  user_app_sim.o [1]
AppSim_Init              0x800'ed49   0x28  Code  Gb  user_app_sim.o [1]
AppSim_Process_AT_Event
                         0x800'ee6d  0x100  Code  Gb  user_app_sim.o [1]
AppSim_Process_Downl_Mess
                         0x800'f105   0x52  Code  Gb  user_app_sim.o [1]
AppSim_Process_Sms       0x800'f157   0x18  Code  Gb  user_app_sim.o [1]
AppSim_Send_Mess         0x800'edf7   0x76  Code  Gb  user_app_sim.o [1]
AppSim_Start_Module_Sim
                         0x800'f5f1   0x18  Code  Gb  user_app_sim.o [1]
AppSim_Task              0x800'ed71   0x86  Code  Gb  user_app_sim.o [1]
AppSim_Unmark_Mess       0x800'f259   0x1c  Code  Gb  user_app_sim.o [1]
AppUpdate_Task           0x800'fb9b   0x84  Code  Gb  user_app_update.o [1]
Appmem_Check_Data_Read   0x800'90c9   0x4a  Code  Gb  user_app_mem.o [1]
BusFault_Handler         0x801'70ab    0x2  Code  Gb  stm32l1xx_it.o [1]
CAT24Mxx_Read_Array      0x801'3a95   0x78  Code  Gb  cat24mxx.o [1]
CAT24Mxx_Write_Array     0x801'3975  0x120  Code  Gb  cat24mxx.o [1]
CRC_File                0x2000'4402    0x1  Data  Gb  user_app_update.o [1]
CSTACK$$Base            0x2000'4418          --   Gb  - Linker created -
CSTACK$$Limit           0x2000'4818          --   Gb  - Linker created -
Cal_Time                 0x800'5b53   0x12  Code  Gb  user_util.o [1]
Calculator_Scale         0x800'a339   0x54  Code  Gb  user_app_inverter.o [1]
Calculator_Scale_IVT     0x800'a391   0x20  Code  Gb  user_app_inverter.o [1]
Cb_TX_Timer_Event        0x800'79e5   0x2c  Code  Lc  user_app_comm.o [1]
CheckList_AT_CONFIG      0x801'6750  0x350  Data  Gb  user_at_serial.o [1]
Check_AT_User            0x800'54f5  0x1a8  Code  Gb  user_at_serial.o [1]
Check_CountBuffer_Complete_Uart
                         0x800'a3bd   0x84  Code  Gb  user_app_inverter.o [1]
Check_CountBuffer_Complete_Uart::Get_systick
                        0x2000'43ac    0x4  Data  Lc  user_app_inverter.o [1]
Check_CountBuffer_Complete_Uart::State_systick
                        0x2000'43e4    0x2  Data  Lc  user_app_inverter.o [1]
Check_CountBuffer_Complete_Uart::countBuffer_uart
                        0x2000'43e2    0x2  Data  Lc  user_app_inverter.o [1]
Check_Time_Out           0x800'5b35   0x1e  Code  Gb  user_util.o [1]
Check_update_Time        0x800'7cb3   0x56  Code  Gb  user_time.o [1]
Connect_Packet          0x2000'0bf0   0x58  Data  Gb  user_mqtt.o [1]
Convert_Hex_To_String_Hex
                         0x800'5ea1   0x90  Code  Gb  user_util.o [1]
Convert_String_To_Dec    0x800'5e43   0x5e  Code  Gb  user_util.o [1]
Convert_Uint64_To_StringDec
                         0x800'5b65  0x128  Code  Gb  user_util.o [1]
Convert_sTime_ToGMT      0x800'7d09   0xb0  Code  Gb  user_time.o [1]
Copy_String              0x800'87c7   0x5e  Code  Gb  user_string.o [1]
Copy_String_2            0x800'8825   0x36  Code  Gb  user_string.o [1]
DCU_Respond              0x800'59df   0xe6  Code  Gb  user_modem.o [1]
DataConack_8a           0x2000'053c    0x4  Data  Lc  user_ec200u.o [1]
DataPuback_8a           0x2000'0544    0x4  Data  Lc  user_ec200u.o [1]
DataSuback_8a           0x2000'0540    0x4  Data  Lc  user_ec200u.o [1]
DaysInMonth              0x801'8798    0xc  Data  Lc  user_rtc.o [1]
DaysInMonth             0x2000'1094    0xc  Data  Lc  user_time.o [1]
DaysInMonthLeapYear      0x801'87a4    0xc  Data  Lc  user_rtc.o [1]
DaysInMonthLeapYear     0x2000'10a0    0xc  Data  Lc  user_time.o [1]
DeInit_Uart_Sim_Rx_IT    0x800'b95b    0x2  Code  Gb  user_uart.o [1]
DebugMon_Handler         0x801'70b1    0x2  Code  Gb  stm32l1xx_it.o [1]
EC200U_Check_Step_Long_Timeout
                         0x800'd30f   0x32  Code  Gb  user_ec200u.o [1]
EC200U_Check_Step_Skip_Error
                         0x800'd3ad   0x3c  Code  Gb  user_ec200u.o [1]
EC200U_Get_AT_Cmd        0x800'd341    0xc  Code  Gb  user_ec200u.o [1]
EC200U_Get_Delay_2_AT    0x800'd34d   0x26  Code  Gb  user_ec200u.o [1]
EC200U_Is_Step_Check_URC
                         0x800'd373   0x3a  Code  Gb  user_ec200u.o [1]
Erase_Firmware           0x800'c309   0x1e  Code  Gb  onchipflash.o [1]
Error_Handler            0x801'113d    0x4  Code  Gb  main.o [1]
ExEEPROM_Task            0x801'034b   0x84  Code  Gb  user_external_eeprom.o [1]
FLASH_PageErase          0x801'147d   0x22  Code  Gb  stm32l1xx_hal_flash_ex.o [1]
FLASH_SetErrorCode       0x801'13d5   0x80  Code  Lc  stm32l1xx_hal_flash.o [1]
FLASH_WaitForLastOperation
                         0x801'1371   0x64  Code  Gb  stm32l1xx_hal_flash.o [1]
Find_String_V2           0x800'85d7  0x130  Code  Gb  user_string.o [1]
Find_str_fix             0x800'8729   0x9e  Code  Gb  user_string.o [1]
Flash_Get_Infor          0x800'c1e7   0x46  Code  Gb  user_internal_mem.o [1]
Get_File1_FTP            0x800'f99f   0xce  Code  Gb  user_app_update.o [1]
Get_File2_FTP            0x800'fa6d  0x12e  Code  Gb  user_app_update.o [1]
Get_RTC                  0x800'7be5   0x4e  Code  Gb  user_time.o [1]
Get_Size_File_FTP        0x800'f91d   0x82  Code  Gb  user_app_update.o [1]
HAL_ADC_ConfigChannel    0x800'b6e3  0x1d4  Code  Gb  stm32l1xx_hal_adc.o [1]
HAL_ADC_DeInit           0x800'b5bd  0x126  Code  Gb  stm32l1xx_hal_adc.o [1]
HAL_ADC_Init             0x800'b3fd  0x1c0  Code  Gb  stm32l1xx_hal_adc.o [1]
HAL_ADC_MspDeInit        0x801'1011   0x30  Code  Gb  adc.o [1]
HAL_ADC_MspInit          0x801'0f6d   0xa4  Code  Gb  adc.o [1]
HAL_DBGMCU_DisableDBGSleepMode
                         0x801'390d    0xc  Code  Gb  stm32l1xx_hal.o [1]
HAL_DBGMCU_DisableDBGStandbyMode
                         0x801'3925    0xc  Code  Gb  stm32l1xx_hal.o [1]
HAL_DBGMCU_DisableDBGStopMode
                         0x801'3919    0xc  Code  Gb  stm32l1xx_hal.o [1]
HAL_DMA_Abort            0x801'0595   0x54  Code  Gb  stm32l1xx_hal_dma.o [1]
[...]
_mSEND_RESPOND_SERVER    0x801'23eb   0x5c  Code  Gb  user_mqtt.o [1]
_mSEND_RESPOND_SERVER_ACK
                         0x801'24a3   0x5c  Code  Gb  user_mqtt.o [1]
_mSEND_SAVE_BOK_OK       0x801'2619   0x32  Code  Gb  user_mqtt.o [1]
_mSEND_SAVE_BOX_FAIL     0x801'25e7   0x32  Code  Gb  user_mqtt.o [1]
_mSEND_SERVER_TIME_FAIL
                         0x801'25b5   0x32  Code  Gb  user_mqtt.o [1]
_mSEND_SERVER_TIME_OK    0x801'2583   0x32  Code  Gb  user_mqtt.o [1]
_mSEND_SERVER_TIME_PENDING
                         0x801'2551   0x32  Code  Gb  user_mqtt.o [1]
_mSEND_SHUTTING_DOWN     0x801'2005   0x30  Code  Gb  user_mqtt.o [1]
_mSEND_SIM_ID            0x801'2341   0x1a  Code  Gb  user_mqtt.o [1]
_mSEND_UPDATE_FIRM_FAIL
                         0x801'26d5   0x8e  Code  Gb  user_mqtt.o [1]
_mSEND_UPDATE_FIRM_OK    0x801'2691   0x3e  Code  Gb  user_mqtt.o [1]
_main                    0x801'79e3         Code  Gb  cmain.o [4]
_rClear_Data_InFlash     0x801'299b    0x2  Code  Gb  user_mqtt.o [1]
_rINTAN_DATA             0x801'2785    0x2  Code  Gb  user_mqtt.o [1]
_rREQUEST_RESET          0x801'2763    0xa  Code  Gb  user_mqtt.o [1]
_rREQ_AT_CMD             0x801'28cb   0x18  Code  Gb  user_mqtt.o [1]
_rREQ_AT_TO_RF           0x801'28e9   0x18  Code  Gb  user_mqtt.o [1]
_rRESET_DATA             0x801'28af   0x1c  Code  Gb  user_mqtt.o [1]
_rUPDATE_FIRMWARE        0x801'2901   0x9a  Code  Gb  user_mqtt.o [1]
_rUPDATE_TIME_SERVER     0x801'2787  0x128  Code  Gb  user_mqtt.o [1]
aALRM_EMERGENCY         0x2000'31cc  0x400  Data  Gb  user_modem.o [1]
aAPN                    0x2000'0d24   0x20  Data  Gb  user_sim_common.o [1]
aAPN_DIAL_STRING        0x2000'0d44   0x20  Data  Gb  user_sim_common.o [1]
aAPN_PASSWORD           0x2000'0d84   0x20  Data  Gb  user_sim_common.o [1]
aAPN_USERNAME           0x2000'0d64   0x20  Data  Gb  user_sim_common.o [1]
aAT_CMD                 0x2000'3acc  0x100  Data  Gb  user_modem.o [1]
aConfig_IVT_Flash       0x2000'4138   0x2c  Data  Gb  user_app_inverter.o [1]
aConfig_IVT_Receive     0x2000'4360    0x8  Data  Gb  user_app_inverter.o [1]
aDATA_CONFIG            0x2000'3d30   0x80  Data  Gb  user_at_serial.o [1]
aDATA_EEPROM_READ       0x2000'37cc  0x100  Data  Lc  user_external_eeprom.o [1]
aDATA_FLASH_READ        0x2000'2dcc  0x400  Data  Lc  user_external_flash.o [1]
aDATA_FLASH_SIM         0x2000'35cc  0x100  Data  Gb  user_app_sim.o [1]
aDATA_GPS               0x2000'36cc  0x100  Data  Gb  user_app_sim.o [1]
aDATA_MQTT              0x2000'1b0c  0x4b0  Data  Gb  user_mqtt.o [1]
aDATA_READ              0x2000'38cc  0x100  Data  Lc  user_internal_mem.o [1]
aDCU_ID                 0x2000'0a94   0x14  Data  Gb  user_modem.o [1]
aDefault_IVT_Receive    0x2000'4358    0x8  Data  Gb  user_app_inverter.o [1]
aFIRM_HTTP_URL          0x2000'0f2c   0x50  Data  Gb  user_sim_common.o [1]
aFIRM_IP                0x2000'0eac   0x20  Data  Gb  user_sim_common.o [1]
aFIRM_NAME              0x2000'0f0c   0x20  Data  Gb  user_sim_common.o [1]
aFIRM_PATH              0x2000'0eec   0x20  Data  Gb  user_sim_common.o [1]
aFIRM_PORT              0x2000'0ecc   0x20  Data  Gb  user_sim_common.o [1]
aFlashCmd               0x2000'06f8   0xb4  Data  Gb  user_external_flash.o [1]
aFlash_Erase_Chip_BlockCmd
                        0x2000'07d4   0x10  Data  Lc  user_external_flash.o [1]
aFlash_Erase_Sector_BlockCmd
                        0x2000'07ac   0x10  Data  Lc  user_external_flash.o [1]
aFlash_Read_Data_BlockCmd
                        0x2000'07d0    0x4  Data  Lc  user_external_flash.o [1]
aFlash_Write_Data_BlockCmd
                        0x2000'07bc   0x14  Data  Lc  user_external_flash.o [1]
aIP_SERVER_BACKUP       0x2000'0e28   0x28  Data  Gb  user_sim_common.o [1]
aIP_SERVER_MAIN         0x2000'0da4   0x28  Data  Gb  user_sim_common.o [1]
aPASS_MQTT_BACKUP       0x2000'0e84   0x28  Data  Gb  user_sim_common.o [1]
aPASS_MQTT_MAIN         0x2000'0e00   0x28  Data  Gb  user_sim_common.o [1]
aPAYLOAD_MQTT           0x2000'1fbc  0x4b0  Data  Gb  user_mqtt.o [1]
aPORT_SERVER_BACKUP     0x2000'0e50    0xc  Data  Gb  user_sim_common.o [1]
aPORT_SERVER_MAIN       0x2000'0dcc    0xc  Data  Gb  user_sim_common.o [1]
aPublish_Header         0x2000'40d0   0x34  Data  Gb  user_mqtt.o [1]
aQFlashStepControl      0x2000'3e20   0x64  Data  Lc  user_external_flash.o [1]
aQSimStepComtrol        0x2000'4104   0x34  Data  Lc  user_sim.o [1]
aRESPONDSE_AT           0x2000'39cc  0x100  Data  Gb  user_modem.o [1]
aRead                   0x2000'4388    0x8  Data  Gb  user_app_update.o [1]
aRun_IVT_Receive        0x2000'4368    0x8  Data  Gb  user_app_inverter.o [1]
aSERIAL_MODULESIM       0x2000'4300   0x18  Data  Gb  user_sim_common.o [1]
aSIM_ID                 0x2000'0d0c   0x18  Data  Gb  user_sim_common.o [1]
aSIM_STEP_PUBLISH       0x2000'050c    0x4  Data  Gb  user_ec200u.o [1]
aSIM_STEP_PUBLISH_FB    0x2000'0510    0x4  Data  Gb  user_ec200u.o [1]
aSimEC200UStep           0x801'5abc  0x870  Data  Gb  user_ec200u.o [1]
aSimStepBlockConnect    0x2000'0500    0xc  Data  Gb  user_ec200u.o [1]
aSimStepBlockDisConnect
                        0x2000'0514    0x4  Data  Gb  user_ec200u.o [1]
aSimStepBlockFtpGetSize
                        0x2000'10b8    0x1  Data  Gb  user_ec200u.o [1]
aSimStepBlockFtpInit    0x2000'0530    0xc  Data  Gb  user_ec200u.o [1]
aSimStepBlockFtpRead    0x2000'10b6    0x2  Data  Gb  user_ec200u.o [1]
aSimStepBlockHttpInit   0x2000'0518   0x14  Data  Gb  user_ec200u.o [1]
aSimStepBlockHttpRead   0x2000'10b4    0x2  Data  Gb  user_ec200u.o [1]
aSimStepBlockInit       0x2000'04e4   0x10  Data  Gb  user_ec200u.o [1]
aSimStepBlockNework     0x2000'04f4    0xc  Data  Gb  user_ec200u.o [1]
aSimStepBlockSMS        0x2000'052c    0x4  Data  Gb  user_ec200u.o [1]
aSimStepBlockStepCheckUrc
                        0x2000'10b9    0x1  Data  Gb  user_ec200u.o [1]
aSimUrc                  0x801'6e40   0xf0  Data  Gb  user_ec200u.o [1]
aSubcribe_Header        0x2000'409c   0x34  Data  Gb  user_mqtt.o [1]
aUART_485_DATA          0x2000'405c   0x40  Data  Gb  user_app_inverter.o [1]
aUSER_MQTT_BACKUP       0x2000'0e5c   0x28  Data  Gb  user_sim_common.o [1]
aUSER_MQTT_MAIN         0x2000'0dd8   0x28  Data  Gb  user_sim_common.o [1]
address_exflash         0x2000'04dc    0x4  Data  Gb  user_app_update.o [1]
at_callback_failure      0x800'c7cf   0x14  Code  Lc  user_ec200u.o [1]
at_callback_success      0x800'c7c9    0x6  Code  Lc  user_ec200u.o [1]
count_file1             0x2000'43b8    0x4  Data  Gb  user_app_update.o [1]
count_file2             0x2000'43bc    0x4  Data  Gb  user_app_update.o [1]
eFlash_Check_Data_Init_Pos
                         0x800'e905   0x8e  Code  Gb  user_external_flash.o [1]
eFlash_Check_Pos_PartA   0x800'e9d5   0x9a  Code  Gb  user_external_flash.o [1]
eFlash_Check_Pos_PartA::MarkDefaultVar
                        0x2000'4408    0x1  Data  Lc  user_external_flash.o [1]
eFlash_Check_Pos_PartB   0x800'ea95   0xca  Code  Gb  user_external_flash.o [1]
eFlash_Check_Pos_PartB::MarkDefaultVar
                        0x2000'4409    0x1  Data  Lc  user_external_flash.o [1]
eFlash_Check_Write_To_PartAB
                         0x800'e9ab    0x8  Code  Gb  user_external_flash.o [1]
eFlash_Default_Struct_Init_Pos
                         0x800'e7cb   0x16  Code  Gb  user_external_flash.o [1]
eFlash_Get_Step_From_Queue
                         0x800'e529   0x36  Code  Gb  user_external_flash.o [1]
eFlash_Init              0x800'e3d9   0x58  Code  Gb  user_external_flash.o [1]
eFlash_Is_Queue_Read_Empty
                         0x800'e8d9   0x14  Code  Gb  user_external_flash.o [1]
eFlash_Is_Queue_Write_Empty
                         0x800'e8ed   0x14  Code  Gb  user_external_flash.o [1]
eFlash_Push_Block_To_Queue
                         0x800'e4f9   0x30  Code  Gb  user_external_flash.o [1]
eFlash_Push_Step_Erase_Chip
                         0x800'e7ef    0xe  Code  Gb  user_external_flash.o [1]
eFlash_Push_Step_Erase_Sector
                         0x800'e7e1    0xe  Code  Gb  user_external_flash.o [1]
eFlash_Push_Step_To_Queue
                         0x800'e4c3   0x36  Code  Gb  user_external_flash.o [1]
eFlash_S25FL_BufferRead
                         0x800'e743   0x88  Code  Gb  user_external_flash.o [1]
eFlash_S25FL_BufferWrite
                         0x800'e703   0x40  Code  Gb  user_external_flash.o [1]
eFlash_S25FL_CheckWriteEnable
                         0x800'e635   0x58  Code  Gb  user_external_flash.o [1]
eFlash_S25FL_Enable      0x800'e565   0x16  Code  Gb  user_external_flash.o [1]
eFlash_S25FL_Erase_Sector
                         0x800'e57b   0x66  Code  Gb  user_external_flash.o [1]
eFlash_S25FL_PageWrite   0x800'e68d   0x76  Code  Gb  user_external_flash.o [1]
eFlash_S25FL_WaitForWriteEnd
                         0x800'e5e1   0x54  Code  Gb  user_external_flash.o [1]
eFlash_Send_Address      0x800'e4b7    0xc  Code  Gb  user_external_flash.o [1]
eFlash_Send_To_Queue_Read
                         0x800'e993   0x18  Code  Gb  user_external_flash.o [1]
eFlash_Send_To_Queue_Write
                         0x800'e9b3   0x18  Code  Gb  user_external_flash.o [1]
eFlash_Setup_Init        0x800'e8c9   0x10  Code  Gb  user_external_flash.o [1]
eFlash_Status            0x800'e8c1    0x8  Code  Gb  user_external_flash.o [1]
eFlash_Task              0x800'e431   0x86  Code  Gb  user_external_flash.o [1]
eFlash_Test_Write        0x800'e7fd   0xc4  Code  Gb  user_external_flash.o [1]
eFlash_Test_Write::Retry
                        0x2000'4407    0x1  Data  Lc  user_external_flash.o [1]
exit                     0x801'79eb    0x4  Code  Gb  exit.o [2]
fPushBlockSimStepToQueue
                         0x800'676b   0x30  Code  Gb  user_sim.o [1]
fPushSimStepToQueue      0x800'6723   0x48  Code  Gb  user_sim.o [1]
fevent_active            0x800'7601   0x1e  Code  Gb  event_driven.o [1]
fevent_disable           0x800'7643   0x12  Code  Gb  event_driven.o [1]
fevent_enable            0x800'761f   0x24  Code  Gb  event_driven.o [1]
fevent_sim_at_send_handler
                         0x800'6251  0x100  Code  Lc  user_sim.o [1]
fevent_sim_at_send_ok_handler
                         0x800'6351   0xf2  Code  Lc  user_sim.o [1]
fevent_sim_at_send_timeout_handler
                         0x800'6443   0x8c  Code  Lc  user_sim.o [1]
fevent_sim_dtr_pin_handler
                         0x800'666f   0x28  Code  Lc  user_sim.o [1]
fevent_sim_dtr_pin_handler::DTR_PIN_Control_u8
                        0x2000'440d    0x1  Data  Lc  user_sim.o [1]
fevent_sim_hard_reset_handler
                         0x800'6657   0x12  Code  Lc  user_sim.o [1]
fevent_sim_power_off_handler
                         0x800'6697   0x8c  Code  Lc  user_sim.o [1]
fevent_sim_turn_on_handler
                         0x800'6537  0x120  Code  Lc  user_sim.o [1]
fevent_sim_uart_receive_handler
                         0x800'64cf   0x68  Code  Lc  user_sim.o [1]
fevent_sim_uart_receive_handler::LastLengthRecv
                        0x2000'43ec    0x2  Data  Lc  user_sim.o [1]
fevent_sim_uart_receive_handler::MarkFirst
                        0x2000'440c    0x1  Data  Lc  user_sim.o [1]
fevent_sim_wake_up_handler
                         0x800'6669    0x6  Code  Lc  user_sim.o [1]
frexp                    0x801'4381         Code  Gb  frexp.o [3]
frexpl                   0x801'4381         Code  Gb  frexp.o [3]
hadc                    0x2000'3edc   0x54  Data  Gb  adc.o [1]
hi2c1                   0x2000'3f30   0x54  Data  Gb  i2c.o [1]
hrtc                    0x2000'418c   0x20  Data  Gb  rtc.o [1]
hspi2                   0x2000'3e84   0x58  Data  Gb  spi.o [1]
huart1                  0x2000'3f84   0x48  Data  Gb  usart.o [1]
huart2                  0x2000'3fcc   0x48  Data  Gb  usart.o [1]
huart3                  0x2000'4014   0x48  Data  Gb  usart.o [1]
ldexp                    0x801'4421         Code  Gb  ldexp.o [3]
ldexpl                   0x801'4421         Code  Gb  ldexp.o [3]
lnbias                   0x801'6330  0x420  Data  Lc  pow64.o [3]
mConnect_MQTT            0x801'2a71   0x46  Code  Gb  user_mqtt.o [1]
mData_MQTT               0x801'1a79   0x7a  Code  Gb  user_mqtt.o [1]
mInit_Header_Subcribe    0x801'299d   0xd4  Code  Gb  user_mqtt.o [1]
mPayload_Load_MesErr     0x801'2519   0x38  Code  Gb  user_mqtt.o [1]
mPayload_Update_Add      0x801'24ff   0x1a  Code  Gb  user_mqtt.o [1]
mPublish_MQTT            0x801'2add    0xa  Code  Gb  user_mqtt.o [1]
mSave_Index_Record       0x800'6225   0x2c  Code  Gb  user_modem_init.o [1]
mSend_Packet_MQTT        0x801'1a77    0x2  Code  Gb  user_mqtt.o [1]
mSet_default_MQTT        0x801'19cd   0x18  Code  Gb  user_mqtt.o [1]
mSubcribe_MQTT           0x801'2abd   0x20  Code  Gb  user_mqtt.o [1]
main                     0x801'105d   0x32  Code  Gb  main.o [1]
memset                   0x800'75ed   0x14  Code  Gb  memset.o [4]
pFlash                  0x2000'41c8   0x18  Data  Gb  stm32l1xx_hal_flash.o [1]
pFunc_Log_To_Mem        0x2000'43d8    0x4  Data  Gb  user_util.o [1]
pModemProcessIRQTimer   0x2000'43c4    0x4  Data  Gb  user_rtc.o [1]
pow                      0x801'2e59  0x6d0  Code  Gb  pow64.o [3]
powl                     0x801'2e59  0x6d0  Code  Gb  pow64.o [3]
qCopy_Data_From_Queue    0x800'dcf5   0x60  Code  Lc  queue_p.o [1]
qCopy_Data_To_Queue      0x800'dc7d   0x78  Code  Lc  queue_p.o [1]
qExEEPROMRead           0x2000'41f8   0x18  Data  Gb  user_external_eeprom.o [1]
qExEEPROMWrite          0x2000'4210   0x18  Data  Gb  user_external_eeprom.o [1]
qFlashRead              0x2000'4240   0x18  Data  Gb  user_external_flash.o [1]
qFlashStep              0x2000'4228   0x18  Data  Gb  user_external_flash.o [1]
qFlashWrite             0x2000'4258   0x18  Data  Gb  user_external_flash.o [1]
qGet_Number_Items        0x800'dd55    0x4  Code  Gb  queue_p.o [1]
qOnFlashRead            0x2000'4270   0x18  Data  Gb  user_internal_mem.o [1]
qOnFlashWrite           0x2000'4288   0x18  Data  Gb  user_internal_mem.o [1]
qQueue_Back_Item         0x800'dd59   0x54  Code  Gb  queue_p.o [1]
qQueue_Clear             0x800'dc23    0xe  Code  Gb  queue_p.o [1]
qQueue_Create            0x800'dbf5   0x2e  Code  Gb  queue_p.o [1]
qQueue_Receive           0x800'dc5b   0x22  Code  Gb  queue_p.o [1]
qQueue_Send              0x800'dc31   0x2a  Code  Gb  queue_p.o [1]
qSimStep                0x2000'42e8   0x18  Data  Gb  user_sim.o [1]
read_flash_IVT_u8       0x2000'43f4    0x1  Data  Gb  user_app_inverter.o [1]
sAppMem                 0x2000'4318   0x10  Data  Gb  user_app_mem.o [1]
sAppSimVar              0x2000'0000  0x290  Data  Gb  user_app_sim.o [1]
sCheck_Config_485_Inverter
                        0x2000'4398    0x4  Data  Gb  user_app_inverter.o [1]
sConfig_IVT             0x2000'0354   0x18  Data  Gb  user_app_inverter.o [1]
sDefault_485_Inverter   0x2000'4370    0x8  Data  Gb  user_app_inverter.o [1]
sEventAppComm           0x2000'029c   0x60  Data  Gb  user_app_comm.o [1]
sEventAppIVT            0x2000'0304   0x50  Data  Gb  user_app_inverter.o [1]
sEventAppMem            0x2000'0404   0x60  Data  Gb  user_app_mem.o [1]
sEventAppSim            0x2000'0464   0x40  Data  Gb  user_app_sim.o [1]
sEventAppUpdate         0x2000'04bc   0x20  Data  Gb  user_app_update.o [1]
sEventExEEPROM          0x2000'0548   0x30  Data  Gb  user_external_eeprom.o [1]
sEventExFlash           0x2000'06b8   0x40  Data  Gb  user_external_flash.o [1]
sEventOnChipFlash       0x2000'0924   0x30  Data  Gb  user_internal_mem.o [1]
sEventSim               0x2000'0c48   0x90  Data  Gb  user_sim.o [1]
sExEEPROM               0x2000'0578  0x140  Data  Gb  user_external_eeprom.o [1]
sExFlash                0x2000'07e4  0x140  Data  Gb  user_external_flash.o [1]
sExFlashInit            0x2000'4328    0xc  Data  Gb  user_external_flash.o [1]
sFROM_Manager           0x2000'4390    0x4  Data  Gb  cat24mxx.o [1]
sFileSys                0x2000'1050   0x44  Data  Gb  user_sim_common.o [1]
sFirmVersion            0x2000'02fc    0x8  Data  Gb  user_app_comm.o [1]
sFreqInfor              0x2000'0bd4    0xc  Data  Gb  user_modem.o [1]
sFuncCBModem            0x2000'43c8    0x4  Data  Gb  user_sim.o [1]
sIVT_Recv               0x2000'0374   0x28  Data  Gb  user_app_inverter.o [1]
sLPMFeatureHandler      0x2000'43c0    0x4  Data  Gb  user_lpm.o [1]
sMQTT                   0x2000'3bcc   0xc4  Data  Gb  user_mqtt.o [1]
sMark_DCU_Type           0x801'7038   0x6c  Data  Gb  user_mqtt.o [1]
sMark_MessageRecei_Type
                         0x801'6f30   0x90  Data  Gb  user_mqtt.o [1]
sMark_MessageSend_Type   0x801'6c90  0x1b0  Data  Gb  user_mqtt.o [1]
sModem                  0x2000'0b88   0x4c  Data  Gb  user_modem.o [1]
sModemCallBackToSimHandler
                        0x2000'04a4   0x18  Data  Gb  user_app_sim.o [1]
sModemLPMHandler        0x2000'0be0   0x10  Data  Gb  user_modem.o [1]
sOnFlash                0x2000'0954  0x140  Data  Gb  user_internal_mem.o [1]
sParam_IVT              0x2000'036c    0x8  Data  Gb  user_app_inverter.o [1]
sQFlashRead             0x2000'3c90   0xa0  Data  Lc  user_external_flash.o [1]
sQFlashWrite            0x2000'10bc  0xa50  Data  Lc  user_external_flash.o [1]
sRTC                    0x2000'434c    0xc  Data  Gb  user_util.o [1]
sRTCSet                 0x2000'4334    0xc  Data  Gb  user_modem.o [1]
sRecEvent               0x2000'0ae0   0x38  Data  Gb  user_modem.o [1]
sRecGPS                 0x2000'0b50   0x38  Data  Gb  user_modem.o [1]
sRecLog                 0x2000'0b18   0x38  Data  Gb  user_modem.o [1]
sRecTSVH                0x2000'0aa8   0x38  Data  Gb  user_modem.o [1]
sRun_Stop_485_Inverter  0x2000'4378    0x8  Data  Gb  user_app_inverter.o [1]
sSimCallBackHandler     0x2000'0cfc   0x10  Data  Gb  user_sim.o [1]
sSimCommFuncCallBack    0x2000'43cc    0x4  Data  Gb  user_sim_common.o [1]
sSimCommon              0x2000'3db0   0x70  Data  Gb  user_sim_common.o [1]
sSimFwUpdate            0x2000'1000   0x50  Data  Gb  user_sim_common.o [1]
sSimInfor               0x2000'0f7c   0x84  Data  Gb  user_sim_common.o [1]
sSimVar                 0x2000'0ce0   0x1c  Data  Gb  user_sim.o [1]
sTempHumi               0x2000'039c   0x54  Data  Gb  user_app_inverter.o [1]
sUart485                0x2000'03f0    0x8  Data  Gb  user_app_inverter.o [1]
sUartDebug              0x2000'10ac    0x8  Data  Gb  user_uart.o [1]
sUartSim                0x2000'0cd8    0x8  Data  Gb  user_sim.o [1]
sUpdate_Firmware        0x2000'4380    0x8  Data  Gb  user_app_update.o [1]
scalbln                  0x801'4421         Code  Gb  ldexp.o [3]
scalblnl                 0x801'4421         Code  Gb  ldexp.o [3]
scalbn                   0x801'4421         Code  Gb  ldexp.o [3]
scalbnl                  0x801'4421         Code  Gb  ldexp.o [3]
sector_exflash          0x2000'04e0    0x4  Data  Gb  user_app_update.o [1]
strchr                   0x801'3f4d         Code  Gb  strchr.o [4]
strlen                   0x800'bf45         Code  Gb  strlen.o [4]
strstr                   0x801'14a9   0x2c  Code  Gb  strstr.o [2]
topicString             0x2000'4340    0xc  Data  Gb  user_mqtt.o [1]
uartSimBuffReceive      0x2000'246c  0x4b0  Data  Gb  user_sim.o [1]
uwTick                  0x2000'4394    0x4  Data  Gb  stm32l1xx_hal.o [1]
uwTickFreq              0x2000'0294    0x4  Data  Gb  stm32l1xx_hal.o [1]
uwTickPrio              0x2000'0290    0x4  Data  Gb  stm32l1xx_hal.o [1]
writeCString             0x801'5a25   0x34  Code  Gb  MQTTPacket.o [1]
writeChar                0x801'59ef    0xc  Code  Gb  MQTTPacket.o [1]
writeInt                 0x801'59fb   0x2a  Code  Gb  MQTTPacket.o [1]
writeMQTTString          0x801'5a59   0x46  Code  Gb  MQTTPacket.o [1]


[1] = D:\Project_STM32\Saoviet_Container\EWARM\GSM_Container\Obj
[2] = dl7M_tlf.a
[3] = m7M_tl.a
[4] = rt7M_tl.a
[5] = shb_l.a

  74'466 bytes of readonly  code memory
  12'786 bytes of readonly  data memory
  18'448 bytes of readwrite data memory

Errors: none
Warnings: none
