###############################################################################
#
# IAR ELF Linker V8.40.2.214/W32 for ARM                  12/Jul/2023  15:54:00
# Copyright 2007-2019 IAR Systems AB.
#
#    Output file  =
#        D:\Project_STM32\Bootloader_Container\EWARM\Bootloader_Container\Exe\Bootloader_Container.out
#    Map file     =
#        D:\Project_STM32\Bootloader_Container\EWARM\Bootloader_Container\List\Bootloader_Container.map
#    Command line =
#        -f C:\Users\PC\AppData\Local\Temp\EW425A.tmp
#        (D:\Project_STM32\Bootloader_Container\EWARM\Bootloader_Container\Obj\main.o
#        D:\Project_STM32\Bootloader_Container\EWARM\Bootloader_Container\Obj\startup_stm32l151xc.o
#        D:\Project_STM32\Bootloader_Container\EWARM\Bootloader_Container\Obj\stm32l1xx_hal.o
#        D:\Project_STM32\Bootloader_Container\EWARM\Bootloader_Container\Obj\stm32l1xx_hal_cortex.o
#        D:\Project_STM32\Bootloader_Container\EWARM\Bootloader_Container\Obj\stm32l1xx_hal_dma.o
#        D:\Project_STM32\Bootloader_Container\EWARM\Bootloader_Container\Obj\stm32l1xx_hal_exti.o
#        D:\Project_STM32\Bootloader_Container\EWARM\Bootloader_Container\Obj\stm32l1xx_hal_flash.o
#        D:\Project_STM32\Bootloader_Container\EWARM\Bootloader_Container\Obj\stm32l1xx_hal_flash_ex.o
#        D:\Project_STM32\Bootloader_Container\EWARM\Bootloader_Container\Obj\stm32l1xx_hal_flash_ramfunc.o
#        D:\Project_STM32\Bootloader_Container\EWARM\Bootloader_Container\Obj\stm32l1xx_hal_gpio.o
#        D:\Project_STM32\Bootloader_Container\EWARM\Bootloader_Container\Obj\stm32l1xx_hal_msp.o
#        D:\Project_STM32\Bootloader_Container\EWARM\Bootloader_Container\Obj\stm32l1xx_hal_pwr.o
#        D:\Project_STM32\Bootloader_Container\EWARM\Bootloader_Container\Obj\stm32l1xx_hal_pwr_ex.o
#        D:\Project_STM32\Bootloader_Container\EWARM\Bootloader_Container\Obj\stm32l1xx_hal_rcc.o
#        D:\Project_STM32\Bootloader_Container\EWARM\Bootloader_Container\Obj\stm32l1xx_hal_rcc_ex.o
#        D:\Project_STM32\Bootloader_Container\EWARM\Bootloader_Container\Obj\stm32l1xx_hal_spi.o
#        D:\Project_STM32\Bootloader_Container\EWARM\Bootloader_Container\Obj\stm32l1xx_hal_tim.o
#        D:\Project_STM32\Bootloader_Container\EWARM\Bootloader_Container\Obj\stm32l1xx_hal_tim_ex.o
#        D:\Project_STM32\Bootloader_Container\EWARM\Bootloader_Container\Obj\stm32l1xx_it.o
#        D:\Project_STM32\Bootloader_Container\EWARM\Bootloader_Container\Obj\system_stm32l1xx.o
#        D:\Project_STM32\Bootloader_Container\EWARM\Bootloader_Container\Obj\user_bootloader.o
#        D:\Project_STM32\Bootloader_Container\EWARM\Bootloader_Container\Obj\user_exflash.o
#        D:\Project_STM32\Bootloader_Container\EWARM\Bootloader_Container\Obj\user_inflash.o
#        --no_out_extension -o
#        D:\Project_STM32\Bootloader_Container\EWARM\Bootloader_Container\Exe\Bootloader_Container.out
#        --redirect _Printf=_PrintfFullNoMb --redirect _Scanf=_ScanfFullNoMb
#        --map
#        D:\Project_STM32\Bootloader_Container\EWARM\Bootloader_Container\List\Bootloader_Container.map
#        --config
#        D:\Project_STM32\Bootloader_Container\EWARM/stm32l151xc_flash.icf
#        --semihosting --entry __iar_program_start --vfe --text_out locale)
#
###############################################################################

*******************************************************************************
*** RUNTIME MODEL ATTRIBUTES
***

CppFlavor       = *
__SystemLibrary = DLib
__dlib_version  = 6


*******************************************************************************
*** HEAP SELECTION
***

The basic heap was selected because no calls to memory allocation
functions were found in the application outside of system library
functions, and there are calls to deallocation functions in the
application.


*******************************************************************************
*** PLACEMENT SUMMARY
***

"A0":  place at address 0x800'0000 { ro section .intvec };
"P1":  place in [from 0x800'0000 to 0x803'ffff] { ro };
define block CSTACK with size = 1K, alignment = 8 { };
define block HEAP with size = 512, alignment = 8 { };
"P2":  place in [from 0x2000'0000 to 0x2000'7fff] {
          rw, block CSTACK, block HEAP };
initialize by copy { rw };

  Section            Kind         Address    Size  Object
  -------            ----         -------    ----  ------
"A0":                                       0x124
  .intvec            ro code   0x800'0000   0x124  startup_stm32l151xc.o [1]
                             - 0x800'0124   0x124

"P1":                                      0x1931
  .text              ro code   0x800'0124   0x6d0  stm32l1xx_hal_rcc.o [1]
  .text              ro code   0x800'07f4     0xc  stm32l1xx_hal.o [1]
  .text              ro code   0x800'0800    0x44  stm32l1xx_hal.o [1]
  .text              ro code   0x800'0844   0x106  I64DivMod_small.o [3]
  .text              ro code   0x800'094c    0xac  stm32l1xx_hal_cortex.o [1]
  .text              ro code   0x800'09f8     0x2  I64DivZer.o [3]
  .text              ro code   0x800'09fc   0x3f4  stm32l1xx_hal_spi.o [1]
  .text              ro code   0x800'0df0    0xb0  stm32l1xx_hal_msp.o [1]
  .text              ro code   0x800'0ea0    0x14  memset.o [3]
  .text              ro code   0x800'0eb4   0x1c8  stm32l1xx_hal_gpio.o [1]
  .text              ro code   0x800'107c    0x66  ABImemset.o [3]
  .text              ro code   0x800'10e4   0x2b6  main.o [1]
  .text              ro code   0x800'139c    0x40  stm32l1xx_hal.o [1]
  .text              ro code   0x800'13dc    0x28  stm32l1xx_hal.o [1]
  .text              ro code   0x800'1404   0x1b4  user_exflash.o [1]
  .text              ro code   0x800'15b8     0x6  ABImemclr4.o [3]
  .text              ro code   0x800'15c0    0x94  user_inflash.o [1]
  .text              ro code   0x800'1654    0x2c  user_bootloader.o [1]
  .text              ro code   0x800'1680     0x2  stm32l1xx_hal.o [1]
  .text              ro code   0x800'1684    0x32  ABImemset48.o [3]
  .text              ro code   0x800'16b8   0x170  stm32l1xx_hal_flash.o [1]
  .text              ro code   0x800'1828    0x2c  stm32l1xx_hal_flash_ex.o [1]
  .text              ro code   0x800'1854    0x38  packbits_init_single.o [3]
  .text              ro code   0x800'188c    0x28  data_init.o [3]
  .iar.init_table    const     0x800'18b4    0x10  - Linker created -
  .text              ro code   0x800'18c4    0x20  system_stm32l1xx.o [1]
  .text              ro code   0x800'18e4    0x1e  cmain.o [3]
  .text              ro code   0x800'1902     0x4  low_level_init.o [2]
  .text              ro code   0x800'1906     0x4  exit.o [2]
  .text              ro code   0x800'190c     0xa  cexit.o [3]
  .text              ro code   0x800'1918    0x14  exit.o [4]
  .text              ro code   0x800'192c    0x14  stm32l1xx_it.o [1]
  .text              ro code   0x800'1940    0x10  stm32l1xx_hal.o [1]
  .text              ro code   0x800'1950    0x10  startup_stm32l151xc.o [1]
  .text              ro code   0x800'1960     0xc  cstartup_M.o [3]
  .text              ro code   0x800'196c     0x4  startup_stm32l151xc.o [1]
  .text              ro code   0x800'1970     0x4  startup_stm32l151xc.o [1]
  .text              ro code   0x800'1974     0x4  startup_stm32l151xc.o [1]
  .text              ro code   0x800'1978     0x4  startup_stm32l151xc.o [1]
  .text              ro code   0x800'197c     0x4  startup_stm32l151xc.o [1]
  .text              ro code   0x800'1980     0x4  startup_stm32l151xc.o [1]
  .text              ro code   0x800'1984     0x4  startup_stm32l151xc.o [1]
  .text              ro code   0x800'1988     0x4  startup_stm32l151xc.o [1]
  .text              ro code   0x800'198c     0x4  startup_stm32l151xc.o [1]
  .text              ro code   0x800'1990     0x4  startup_stm32l151xc.o [1]
  .text              ro code   0x800'1994     0x4  startup_stm32l151xc.o [1]
  .text              ro code   0x800'1998     0x4  startup_stm32l151xc.o [1]
  .text              ro code   0x800'199c     0x4  startup_stm32l151xc.o [1]
  .text              ro code   0x800'19a0     0x4  startup_stm32l151xc.o [1]
  .text              ro code   0x800'19a4     0x4  startup_stm32l151xc.o [1]
  .text              ro code   0x800'19a8     0x4  startup_stm32l151xc.o [1]
  .text              ro code   0x800'19ac     0x4  startup_stm32l151xc.o [1]
  .text              ro code   0x800'19b0     0x4  startup_stm32l151xc.o [1]
  .text              ro code   0x800'19b4     0x4  startup_stm32l151xc.o [1]
  .text              ro code   0x800'19b8     0x4  startup_stm32l151xc.o [1]
  .text              ro code   0x800'19bc     0x4  startup_stm32l151xc.o [1]
  .text              ro code   0x800'19c0     0x4  startup_stm32l151xc.o [1]
  .text              ro code   0x800'19c4     0x4  startup_stm32l151xc.o [1]
  .text              ro code   0x800'19c8     0x4  startup_stm32l151xc.o [1]
  .text              ro code   0x800'19cc     0x4  startup_stm32l151xc.o [1]
  .text              ro code   0x800'19d0     0x4  startup_stm32l151xc.o [1]
  .text              ro code   0x800'19d4     0x4  startup_stm32l151xc.o [1]
  .text              ro code   0x800'19d8     0x4  startup_stm32l151xc.o [1]
  .text              ro code   0x800'19dc     0x4  startup_stm32l151xc.o [1]
  .text              ro code   0x800'19e0     0x4  startup_stm32l151xc.o [1]
  .text              ro code   0x800'19e4     0x4  startup_stm32l151xc.o [1]
  .text              ro code   0x800'19e8     0x4  startup_stm32l151xc.o [1]
  .text              ro code   0x800'19ec     0x4  startup_stm32l151xc.o [1]
  .text              ro code   0x800'19f0     0x4  startup_stm32l151xc.o [1]
  .text              ro code   0x800'19f4     0x4  startup_stm32l151xc.o [1]
  .text              ro code   0x800'19f8     0x4  startup_stm32l151xc.o [1]
  .text              ro code   0x800'19fc     0x4  startup_stm32l151xc.o [1]
  .text              ro code   0x800'1a00     0x4  startup_stm32l151xc.o [1]
  .text              ro code   0x800'1a04     0x4  startup_stm32l151xc.o [1]
  .text              ro code   0x800'1a08     0x4  startup_stm32l151xc.o [1]
  .text              ro code   0x800'1a0c     0x4  startup_stm32l151xc.o [1]
  .text              ro code   0x800'1a10     0x4  startup_stm32l151xc.o [1]
  .text              ro code   0x800'1a14     0x4  startup_stm32l151xc.o [1]
  .text              ro code   0x800'1a18     0x4  startup_stm32l151xc.o [1]
  .text              ro code   0x800'1a1c     0x4  startup_stm32l151xc.o [1]
  .text              ro code   0x800'1a20     0x4  startup_stm32l151xc.o [1]
  .text              ro code   0x800'1a24     0x4  startup_stm32l151xc.o [1]
  .text              ro code   0x800'1a28     0x4  startup_stm32l151xc.o [1]
  .text              ro code   0x800'1a2c     0x4  startup_stm32l151xc.o [1]
  .text              ro code   0x800'1a30     0x4  startup_stm32l151xc.o [1]
  .text              ro code   0x800'1a34     0x4  startup_stm32l151xc.o [1]
  .text              ro code   0x800'1a38     0x4  startup_stm32l151xc.o [1]
  .rodata            const     0x800'1a3c     0x0  packbits_init_single.o [3]
  Initializer bytes  const     0x800'1a3c    0x19  <for P2-1>
                             - 0x800'1a55  0x1931

"P2", part 1 of 2:                           0x9c
  P2-1                        0x2000'0000    0x9c  <Init block>
    .data            inited   0x2000'0000    0x74  main.o [1]
    .data            inited   0x2000'0074     0xc  stm32l1xx_hal.o [1]
    .data            inited   0x2000'0080     0x4  system_stm32l1xx.o [1]
    .bss             inited   0x2000'0084    0x18  stm32l1xx_hal_flash.o [1]
                            - 0x2000'009c    0x9c

"P2", part 2 of 2:                          0x400
  CSTACK                      0x2000'00a0   0x400  <Block>
    CSTACK           uninit   0x2000'00a0   0x400  <Block tail>
                            - 0x2000'04a0   0x400

Unused ranges:

         From           To      Size
         ----           --      ----
   0x800'1a55   0x803'ffff  0x3'e5ab
  0x2000'009c  0x2000'009f       0x4
  0x2000'04a0  0x2000'7fff    0x7b60


*******************************************************************************
*** INIT TABLE
***

          Address      Size
          -------      ----
Copy/packbits (__iar_packbits_init_single3)
    1 source range, total size 0x19 (16% of destination):
           0x800'1a3c  0x19
    1 destination range, total size 0x9c:
          0x2000'0000  0x9c



*******************************************************************************
*** MODULE SUMMARY
***

    Module                    ro code  ro data  rw data
    ------                    -------  -------  -------
command line/config:
    ---------------------------------------------------
    Total:

D:\Project_STM32\Bootloader_Container\EWARM\Bootloader_Container\Obj: [1]
    main.o                        694       18      116
    startup_stm32l151xc.o         516
    stm32l1xx_hal.o               202        2       12
    stm32l1xx_hal_cortex.o        172
    stm32l1xx_hal_flash.o         368        4       24
    stm32l1xx_hal_flash_ex.o       44
    stm32l1xx_hal_gpio.o          456
    stm32l1xx_hal_msp.o           176
    stm32l1xx_hal_rcc.o         1'744
    stm32l1xx_hal_spi.o         1'012
    stm32l1xx_it.o                 20
    system_stm32l1xx.o             32        1        4
    user_bootloader.o              44
    user_exflash.o                436
    user_inflash.o                148
    ---------------------------------------------------
    Total:                      6'064       25      156

dl7M_tln.a: [2]
    exit.o                          4
    low_level_init.o                4
    ---------------------------------------------------
    Total:                          8

rt7M_tl.a: [3]
    ABImemclr4.o                    6
    ABImemset.o                   102
    ABImemset48.o                  50
    I64DivMod_small.o             262
    I64DivZer.o                     2
    cexit.o                        10
    cmain.o                        30
    cstartup_M.o                   12
    data_init.o                    40
    memset.o                       20
    packbits_init_single.o         56
    ---------------------------------------------------
    Total:                        590

shb_l.a: [4]
    exit.o                         20
    ---------------------------------------------------
    Total:                         20

    Gaps                           18
    Linker created                          16    1'024
-------------------------------------------------------
    Grand Total:                6'700       41    1'180


*******************************************************************************
*** ENTRY LIST
***

Entry                       Address   Size  Type      Object
-----                       -------   ----  ----      ------
.iar.init_table$$Base    0x800'18b4          --   Gb  - Linker created -
.iar.init_table$$Limit   0x800'18c4          --   Gb  - Linker created -
?main                    0x800'18e5         Code  Gb  cmain.o [3]
AHBPrescTable            0x800'18d4   0x10  Data  Gb  system_stm32l1xx.o [1]
Addr_Firm_ExFlash       0x2000'0070    0x4  Data  Gb  main.o [1]
Addr_Firm_InFlash       0x2000'006c    0x4  Data  Gb  main.o [1]
Bootloader_Jump_Firmware
                         0x800'1655   0x2c  Code  Gb  user_bootloader.o [1]
BusFault_Handler         0x800'1933    0x2  Code  Gb  stm32l1xx_it.o [1]
CSTACK$$Base            0x2000'00a0          --   Gb  - Linker created -
CSTACK$$Limit           0x2000'04a0          --   Gb  - Linker created -
Cal_Time                 0x800'1405   0x12  Code  Gb  user_exflash.o [1]
Check_Time_Out           0x800'1417   0x1c  Code  Gb  user_exflash.o [1]
DebugMon_Handler         0x800'1939    0x2  Code  Gb  stm32l1xx_it.o [1]
Error_Handler            0x800'1397    0x4  Code  Gb  main.o [1]
FLASH_PageErase          0x800'1829   0x22  Code  Gb  stm32l1xx_hal_flash_ex.o [1]
FLASH_SetErrorCode       0x800'1793   0x78  Code  Lc  stm32l1xx_hal_flash.o [1]
FLASH_WaitForLastOperation
                         0x800'1731   0x62  Code  Gb  stm32l1xx_hal_flash.o [1]
Gettick_Ms              0x2000'0068    0x4  Data  Gb  main.o [1]
HAL_DeInit               0x800'13bb   0x1e  Code  Gb  stm32l1xx_hal.o [1]
HAL_Delay                0x800'13dd   0x28  Code  Wk  stm32l1xx_hal.o [1]
HAL_FLASH_Lock           0x800'1721    0xa  Code  Gb  stm32l1xx_hal_flash.o [1]
HAL_FLASH_Program        0x800'16b9   0x36  Code  Gb  stm32l1xx_hal_flash.o [1]
HAL_FLASH_Unlock         0x800'16ef   0x32  Code  Gb  stm32l1xx_hal_flash.o [1]
HAL_GPIO_Init            0x800'0eb5  0x19e  Code  Gb  stm32l1xx_hal_gpio.o [1]
HAL_GPIO_WritePin        0x800'1053    0x8  Code  Gb  stm32l1xx_hal_gpio.o [1]
HAL_GetTick              0x800'07f5    0xc  Code  Wk  stm32l1xx_hal.o [1]
HAL_IncTick              0x800'1941   0x10  Code  Wk  stm32l1xx_hal.o [1]
HAL_Init                 0x800'139d   0x1e  Code  Gb  stm32l1xx_hal.o [1]
HAL_InitTick             0x800'0801   0x44  Code  Wk  stm32l1xx_hal.o [1]
HAL_MspInit              0x800'0df1   0x3e  Code  Gb  stm32l1xx_hal_msp.o [1]
HAL_NVIC_SetPriority     0x800'0981   0x3a  Code  Gb  stm32l1xx_hal_cortex.o [1]
HAL_NVIC_SetPriorityGrouping
                         0x800'0967   0x1a  Code  Gb  stm32l1xx_hal_cortex.o [1]
HAL_RCC_ClockConfig      0x800'058d  0x138  Code  Gb  stm32l1xx_hal_rcc.o [1]
HAL_RCC_DeInit           0x800'0125   0xae  Code  Gb  stm32l1xx_hal_rcc.o [1]
HAL_RCC_GetSysClockFreq
                         0x800'06e7   0x5e  Code  Gb  stm32l1xx_hal_rcc.o [1]
HAL_RCC_OscConfig        0x800'01d3  0x3a0  Code  Gb  stm32l1xx_hal_rcc.o [1]
HAL_SPI_Init             0x800'09fd   0xb4  Code  Gb  stm32l1xx_hal_spi.o [1]
HAL_SPI_MspInit          0x800'0e2f   0x60  Code  Gb  stm32l1xx_hal_msp.o [1]
HAL_SPI_TransmitReceive
                         0x800'0ab9  0x1a2  Code  Gb  stm32l1xx_hal_spi.o [1]
HAL_SYSTICK_Config       0x800'09bb   0x28  Code  Gb  stm32l1xx_hal_cortex.o [1]
HardFault_Handler        0x800'192f    0x2  Code  Gb  stm32l1xx_it.o [1]
Length_Get              0x2000'000a    0x2  Data  Gb  main.o [1]
Load_Firmware           0x2000'0008    0x1  Data  Gb  main.o [1]
MemManage_Handler        0x800'1931    0x2  Code  Gb  stm32l1xx_it.o [1]
NMI_Handler              0x800'192d    0x2  Code  Gb  stm32l1xx_it.o [1]
OnchipFlashPageErase     0x800'1619   0x36  Code  Gb  user_inflash.o [1]
OnchipFlashWriteData     0x800'15c1   0x50  Code  Gb  user_inflash.o [1]
PLLMulTable              0x800'18c8    0xc  Data  Gb  system_stm32l1xx.o [1]
PendSV_Handler           0x800'193b    0x2  Code  Gb  stm32l1xx_it.o [1]
RCC_SetFlashLatencyFromMSIRange
                         0x800'0745   0x72  Code  Lc  stm32l1xx_hal_rcc.o [1]
Region$$Table$$Base      0x800'18b4          --   Gb  - Linker created -
Region$$Table$$Limit     0x800'18c4          --   Gb  - Linker created -
S25FL_ChipSelect         0x800'1433   0x12  Code  Gb  user_exflash.o [1]
S25FL_Send_Byte          0x800'1445   0x22  Code  Gb  user_exflash.o [1]
SPI_EndRxTxTransaction   0x800'0d8d   0x50  Code  Lc  stm32l1xx_hal_spi.o [1]
SPI_WaitFlagStateUntilTimeout
                         0x800'0ccd   0xb4  Code  Lc  stm32l1xx_hal_spi.o [1]
SVC_Handler              0x800'1937    0x2  Code  Gb  stm32l1xx_it.o [1]
Size_File               0x2000'0064    0x4  Data  Gb  main.o [1]
SysTick_Handler          0x800'193d    0x4  Code  Gb  stm32l1xx_it.o [1]
SystemClock_Config       0x800'1305   0x68  Code  Gb  main.o [1]
SystemCoreClock         0x2000'0080    0x4  Data  Gb  system_stm32l1xx.o [1]
SystemInit               0x800'18c5    0x2  Code  Gb  system_stm32l1xx.o [1]
UsageFault_Handler       0x800'1935    0x2  Code  Gb  stm32l1xx_it.o [1]
__NVIC_SetPriority       0x800'094d   0x1a  Code  Lc  stm32l1xx_hal_cortex.o [1]
__aeabi_ldiv0            0x800'09f9         Code  Gb  I64DivZer.o [3]
__aeabi_memclr4          0x800'15b9         Code  Gb  ABImemclr4.o [3]
__aeabi_memset           0x800'107d         Code  Gb  ABImemset.o [3]
__cmain                  0x800'18e5         Code  Gb  cmain.o [3]
__exit                   0x800'1919   0x14  Code  Gb  exit.o [4]
__iar_Memset             0x800'107d         Code  Gb  ABImemset.o [3]
__iar_Memset4_word       0x800'1685         Code  Gb  ABImemset48.o [3]
__iar_Memset8_word       0x800'1685         Code  Gb  ABImemset48.o [3]
__iar_Memset_word        0x800'1085         Code  Gb  ABImemset.o [3]
__iar_data_init3         0x800'188d   0x28  Code  Gb  data_init.o [3]
__iar_packbits_init_single3
                         0x800'1855   0x38  Code  Gb  packbits_init_single.o [3]
__iar_program_start      0x800'1961         Code  Gb  cstartup_M.o [3]
__iar_small_uldivmod     0x800'0845         Code  Gb  I64DivMod_small.o [3]
__low_level_init         0x800'1903    0x4  Code  Gb  low_level_init.o [2]
__vector_table           0x800'0000         Data  Gb  startup_stm32l151xc.o [1]
_call_main               0x800'18f1         Code  Gb  cmain.o [3]
_exit                    0x800'190d         Code  Gb  cexit.o [3]
_main                    0x800'18ff         Code  Gb  cmain.o [3]
aRead_ExFlash           0x2000'0000    0x8  Data  Gb  main.o [1]
eFlash_S25FL_BufferRead
                         0x800'1551   0x62  Code  Gb  user_exflash.o [1]
eFlash_S25FL_CheckWriteEnable
                         0x800'14fd   0x30  Code  Gb  user_exflash.o [1]
eFlash_S25FL_Enable      0x800'1467   0x14  Code  Gb  user_exflash.o [1]
eFlash_S25FL_Erase_Sector
                         0x800'147b   0x4a  Code  Gb  user_exflash.o [1]
eFlash_S25FL_WaitForWriteEnd
                         0x800'14cb   0x32  Code  Gb  user_exflash.o [1]
exit                     0x800'1907    0x4  Code  Gb  exit.o [2]
hspi2                   0x2000'000c   0x58  Data  Gb  main.o [1]
main                     0x800'10e5  0x208  Code  Gb  main.o [1]
memset                   0x800'0ea1   0x14  Code  Gb  memset.o [3]
pFlash                  0x2000'0084   0x18  Data  Gb  stm32l1xx_hal_flash.o [1]
uwTick                  0x2000'0074    0x4  Data  Gb  stm32l1xx_hal.o [1]
uwTickFreq              0x2000'007c    0x4  Data  Gb  stm32l1xx_hal.o [1]
uwTickPrio              0x2000'0078    0x4  Data  Gb  stm32l1xx_hal.o [1]


[1] = D:\Project_STM32\Bootloader_Container\EWARM\Bootloader_Container\Obj
[2] = dl7M_tln.a
[3] = rt7M_tl.a
[4] = shb_l.a

  6'700 bytes of readonly  code memory
     41 bytes of readonly  data memory
  1'180 bytes of readwrite data memory

Errors: none
Warnings: none
